shard_hardware_s1      step     1  loss 7.4897  tf-rows   0/77  1s
shard_hardware_s1      step  1000  loss 0.3306  tf-rows  47/77  13s
shard_hardware_s1      step  2000  loss 0.2016  tf-rows  61/77  25s
shard_hardware_s1      step  3000  loss 0.1234  tf-rows  61/77  38s
shard_hardware_s1      step  4000  loss 0.1346  tf-rows  66/77  52s
shard_hardware_s1      step  5000  loss 0.1312  tf-rows  64/77  64s
shard_hardware_s1      step  6000  loss 0.1348  tf-rows  63/77  89s
shard_hardware_s1      step  7000  loss 0.0975  tf-rows  68/77  201s
shard_hardware_s1      step  8000  loss 0.1115  tf-rows  67/77  300s
shard_hardware_s1      step  9000  loss 0.1000  tf-rows  66/77  363s
shard_hardware_s1      step 10000  loss 0.1017  tf-rows  64/77  375s
shard_hardware_s1      step 11000  loss 0.1128  tf-rows  66/77  387s
shard_hardware_s1      step 12000  loss 0.1015  tf-rows  68/77  399s
shard_hardware_s1      step 13000  loss 0.0894  tf-rows  69/77  411s
shard_hardware_s1      step 14000  loss 0.0890  tf-rows  68/77  424s
shard_hardware_s1      step 15000  loss 0.0757  tf-rows  67/77  437s
shard_hardware_s1      step 16000  loss 0.0940  tf-rows  69/77  495s
train  exact  43/43  = 100.0%   mean prefix 100.0%   degenerate 0
dev    exact  11/14  =  78.6%   mean prefix  78.6%   degenerate 0
test   exact   8/14  =  57.1%   mean prefix  57.7%   degenerate 0
legacy exact   4/7   =  57.1%   mean prefix  57.1%   degenerate 0
FINAL shard_hardware_s1    loss 0.0940  density 0.5408  weights 102400  498s
