shard_game_s1          step     1  loss 7.4129  tf-rows   0/70  0s
shard_game_s1          step  1000  loss 0.2671  tf-rows  47/70  12s
shard_game_s1          step  2000  loss 0.1557  tf-rows  54/70  24s
shard_game_s1          step  3000  loss 0.1094  tf-rows  54/70  37s
shard_game_s1          step  4000  loss 0.1186  tf-rows  59/70  48s
shard_game_s1          step  5000  loss 0.1305  tf-rows  58/70  58s
shard_game_s1          step  6000  loss 0.1199  tf-rows  58/70  68s
shard_game_s1          step  7000  loss 0.0854  tf-rows  59/70  79s
shard_game_s1          step  8000  loss 0.0843  tf-rows  57/70  89s
shard_game_s1          step  9000  loss 0.0940  tf-rows  59/70  100s
shard_game_s1          step 10000  loss 0.0862  tf-rows  61/70  110s
shard_game_s1          step 11000  loss 0.0919  tf-rows  59/70  120s
shard_game_s1          step 12000  loss 0.0759  tf-rows  60/70  130s
shard_game_s1          step 13000  loss 0.0877  tf-rows  61/70  141s
shard_game_s1          step 14000  loss 0.0867  tf-rows  61/70  153s
shard_game_s1          step 15000  loss 0.0592  tf-rows  58/70  164s
shard_game_s1          step 16000  loss 0.0722  tf-rows  61/70  175s
train  exact  36/36  = 100.0%   mean prefix 100.0%   degenerate 0
dev    exact   9/12  =  75.0%   mean prefix  75.0%   degenerate 0
test   exact  10/12  =  83.3%   mean prefix  86.9%   degenerate 0
legacy exact   5/6   =  83.3%   mean prefix  90.5%   degenerate 0
FINAL shard_game_s1        loss 0.0722  density 0.5430  weights 102400  179s
