shard_game_s2          step     1  loss 7.4370  tf-rows   0/70  0s
shard_game_s2          step  1000  loss 0.2261  tf-rows  47/70  11s
shard_game_s2          step  2000  loss 0.1831  tf-rows  57/70  23s
shard_game_s2          step  3000  loss 0.1384  tf-rows  59/70  34s
shard_game_s2          step  4000  loss 0.1203  tf-rows  58/70  46s
shard_game_s2          step  5000  loss 0.1162  tf-rows  59/70  57s
shard_game_s2          step  6000  loss 0.1185  tf-rows  61/70  67s
shard_game_s2          step  7000  loss 0.0839  tf-rows  60/70  78s
shard_game_s2          step  8000  loss 0.0881  tf-rows  61/70  89s
shard_game_s2          step  9000  loss 0.0985  tf-rows  59/70  100s
shard_game_s2          step 10000  loss 0.0823  tf-rows  59/70  111s
shard_game_s2          step 11000  loss 0.0864  tf-rows  58/70  122s
shard_game_s2          step 12000  loss 0.0892  tf-rows  58/70  132s
shard_game_s2          step 13000  loss 0.0750  tf-rows  61/70  143s
shard_game_s2          step 14000  loss 0.0658  tf-rows  61/70  154s
shard_game_s2          step 15000  loss 0.0572  tf-rows  61/70  165s
shard_game_s2          step 16000  loss 0.0710  tf-rows  62/70  176s
train  exact  36/36  = 100.0%   mean prefix 100.0%   degenerate 0
dev    exact  10/12  =  83.3%   mean prefix  83.3%   degenerate 0
test   exact  10/12  =  83.3%   mean prefix  83.3%   degenerate 0
legacy exact   5/6   =  83.3%   mean prefix  83.3%   degenerate 0
FINAL shard_game_s2        loss 0.0710  density 0.5438  weights 102400  179s
