route id   N=64  load 0.031 0.005 0.013 0.021 0.038 0.009 0.019 0.015 0.028 0.002 0.018 0.025 0.016 0.008 0.015 0.008 0.001 0.020 0.028 0.030 0.013 0.005 0.020 0.002 0.015 0.001 0.238 0.029 0.001 0.000 0.034 0.025 0.004 0.003 0.020 0.017 0.006 0.005 0.014 0.013 0.011 0.012 0.012 0.000 0.011 0.010 0.008 0.009 0.008 0.009 0.009 0.006 0.007 0.007 0.007 0.000 0.009 0.006 0.007 0.008 0.006 0.005 0.006 0.007  (max/min = 237745098039.22)
qa_e64_id_nopos_qn0.1_s1 step     1  loss 8.0874  tf-rows   0/102  1s
qa_e64_id_nopos_qn0.1_s1 step  1000  loss 0.3340  tf-rows  76/102  271s
qa_e64_id_nopos_qn0.1_s1 step  2000  loss 0.3349  tf-rows  84/102  549s
qa_e64_id_nopos_qn0.1_s1 step  3000  loss 0.2787  tf-rows  83/102  832s
qa_e64_id_nopos_qn0.1_s1 step  4000  loss 0.2130  tf-rows  85/102  1121s
qa_e64_id_nopos_qn0.1_s1 step  5000  loss 0.2054  tf-rows  86/102  1409s
qa_e64_id_nopos_qn0.1_s1 step  6000  loss 0.2343  tf-rows  84/102  1712s
qa_e64_id_nopos_qn0.1_s1 step  7000  loss 0.2172  tf-rows  82/102  2013s
qa_e64_id_nopos_qn0.1_s1 step  8000  loss 0.1923  tf-rows  82/102  2182s
Traceback (most recent call last):
  File "/home/scott/elya-snes/train/train_qa.py", line 245, in <module>
    sys.exit(main())
             ~~~~^^
  File "/home/scott/elya-snes/train/train_qa.py", line 227, in main
    vocab = E.load_vocab("data/qa_vocab.json")
  File "/home/scott/elya-snes/train/eval_answers.py", line 47, in load_vocab
    v = json.load(open(path))
                  ~~~~^^^^^^
FileNotFoundError: [Errno 2] No such file or directory: 'data/qa_vocab.json'
