=== nn ===
host text 'but i do get it wrong.    '
rom  text 'but i do get it wrong.    '
PASS: 20/20 tokens identical (seed + 19 generated)
=== nnfast ===
host text 'but i do get it wrong.    '
rom  text 'but i do get it wrong.    '
PASS: 20/20 tokens identical (seed + 19 generated)
=== nnprof ===
host text 'but i do get it wrong.    '
rom  text 'but i do get it wrong.    '
PASS: 20/20 tokens identical (seed + 19 generated)
=== nnfastprof ===
host text 'but i do get it wrong.    '
rom  text 'butar do gete rhow g.    '
FAIL: 11 of 20 positions differ: [2, 3, 4, 5, 6, 7, 8, 9, 10, 11]
=== nnstage ===
host text 'but i do get it wrong.    '
rom  text 'but i do get it wrong.    '
PASS: 20/20 tokens identical (seed + 19 generated)
=== nnsurvey ===

64 seeds x 20 tokens: 1280/1280 identical
PASS: every seed matches host/ref.py exactly
=== nnfastsurvey ===

64 seeds x 20 tokens: 1280/1280 identical
PASS: every seed matches host/ref.py exactly
=== nndbg, position 0 ===
PASS: 20/20 tokens identical (seed + 19 generated)
PASS: all 320 intermediate values identical at position 0
=== nndbg, position 9 ===
PASS: 20/20 tokens identical (seed + 19 generated)
PASS: all 320 intermediate values identical at position 9
=== nndbg, position 18 ===
PASS: 20/20 tokens identical (seed + 19 generated)
PASS: all 320 intermediate values identical at position 18
=== gameqa ===
=== gamectl ===
=== gamepad ===
=== the game, real controller path ===
PASS: 18 checks
=== the game ===

PASS: 21 checks
out/frames/frame_act1.png    state play   frame  640  tokens  40  coins  40  camera 103,0
out/frames/frame_act3.png    state end    frame 1700  tokens 122  coins 122  camera  15,48
=== cartridge headers ===
PASS: LoROM, NTSC, 2 Mbit of a 56 Mbit cartridge, battery SRAM declared, no enhancement chip.
PASS: LoROM, NTSC, 2 Mbit of a 56 Mbit cartridge, battery SRAM declared, no enhancement chip.
PASS: LoROM, NTSC, 2 Mbit of a 56 Mbit cartridge, battery SRAM declared, no enhancement chip.
PASS: LoROM, NTSC, 2 Mbit of a 56 Mbit cartridge, battery SRAM declared, no enhancement chip.
=== reports ===

  total            59148733 wall master clocks for 19 tokens
  mean/token        3113091 wall        3021798 cpu
  mean/token         377725 SlowROM cycles
  seconds/token    0.1449      tokens/s     6.899
  first / last token: 2747509 / 3478045  (26.6% growth over 19 positions)

  total            51983330 wall master clocks for 19 tokens
  mean/token        2735965 wall        2655731 cpu
  mean/token         442622 FastROM cycles
  seconds/token    0.1274      tokens/s     7.850
  first / last token: 2385463 / 3085655  (29.4% growth over 19 positions)
=== gameprof ===
=== gamefastprof ===
=== tokens per second, engine only vs with the game ===
nn_profile.txt:  seconds/token    0.1449      tokens/s     6.899
nnfast_profile.txt:  seconds/token    0.1274      tokens/s     7.850
game_profile.txt:  seconds/token    0.1808      tokens/s     5.531
gamefast_profile.txt:  seconds/token    0.1589      tokens/s     6.292
GATE: FAIL
