=== nn ===
host text 'but i do get it wrong.    '
rom  text 'but i do get it wrong.    '
PASS: 20/20 tokens identical (seed + 19 generated)
=== nnfast ===
host text 'but i do get it wrong.    '
rom  text 'but i do get it wrong.    '
PASS: 20/20 tokens identical (seed + 19 generated)
=== nnprof ===
host text 'but i do get it wrong.    '
rom  text 'but i do get it wrong.    '
PASS: 20/20 tokens identical (seed + 19 generated)
=== nnfastprof ===
host text 'but i do get it wrong.    '
rom  text 'but i do get it wrong.    '
PASS: 20/20 tokens identical (seed + 19 generated)
=== nnstage ===
host text 'but i do get it wrong.    '
rom  text 'but i do get it wrong.    '
PASS: 20/20 tokens identical (seed + 19 generated)
=== nnsurvey ===

64 seeds x 20 tokens: 1280/1280 identical
PASS: every seed matches host/ref.py exactly
=== nnfastsurvey ===

64 seeds x 20 tokens: 1280/1280 identical
PASS: every seed matches host/ref.py exactly
=== nndbg, position 0 ===
PASS: 20/20 tokens identical (seed + 19 generated)
PASS: all 320 intermediate values identical at position 0
=== nndbg, position 9 ===
PASS: 20/20 tokens identical (seed + 19 generated)
PASS: all 320 intermediate values identical at position 9
=== nndbg, position 18 ===
PASS: 20/20 tokens identical (seed + 19 generated)
PASS: all 320 intermediate values identical at position 18
=== gameqa ===
=== gamectl ===
=== gamepad ===
=== the game, real controller path ===
PASS: 18 checks
=== the game ===

PASS: 21 checks
out/frames/frame_act1.png    state play   frame  636  tokens  40  coins  40  camera  97,0
out/frames/frame_act3.png    state end    frame 1684  tokens 122  coins 122  camera  15,48
=== cartridge headers ===
PASS: LoROM, NTSC, 2 Mbit of a 56 Mbit cartridge, battery SRAM declared, no enhancement chip.
PASS: LoROM, NTSC, 2 Mbit of a 56 Mbit cartridge, battery SRAM declared, no enhancement chip.
PASS: LoROM, NTSC, 2 Mbit of a 56 Mbit cartridge, battery SRAM declared, no enhancement chip.
PASS: LoROM, NTSC, 2 Mbit of a 56 Mbit cartridge, battery SRAM declared, no enhancement chip.
=== reports ===

  total            58411409 wall master clocks for 19 tokens
  mean/token        3074285 wall        2984130 cpu
  mean/token         373016 SlowROM cycles
  seconds/token    0.1431      tokens/s     6.986
  first / last token: 2708336 / 3438337  (27.0% growth over 19 positions)

  total            51206749 wall master clocks for 19 tokens
  mean/token        2695092 wall        2616057 cpu
  mean/token         436009 FastROM cycles
  seconds/token    0.1255      tokens/s     7.969
  first / last token: 2344962 / 3043739  (29.8% growth over 19 positions)
=== gameprof ===
=== gamefastprof ===
=== tokens per second, engine only vs with the game ===
nn_profile.txt:  seconds/token    0.1431      tokens/s     6.986
nnfast_profile.txt:  seconds/token    0.1255      tokens/s     7.969
game_profile.txt:  seconds/token    0.1785      tokens/s     5.602
gamefast_profile.txt:  seconds/token    0.1569      tokens/s     6.374
GATE: pass
