2 runs, 1 at a time
=== para_qn0_s1   --qnoise 0 ===
train  exact 204/208 =  98.1%   mean prefix  98.5%   degenerate 0
dev    exact  14/68  =  20.6%   mean prefix  26.0%   degenerate 2
test   exact  17/69  =  24.6%   mean prefix  33.8%   degenerate 0
legacy exact   8/35  =  22.9%   mean prefix  32.2%   degenerate 0
FINAL para_qn0_s1          loss 0.1686  density 0.5444  weights 102400  105s
=== para_qn0_s2   --qnoise 0 ===
train  exact 204/208 =  98.1%   mean prefix  99.7%   degenerate 0
dev    exact  14/68  =  20.6%   mean prefix  26.9%   degenerate 1
test   exact  12/69  =  17.4%   mean prefix  27.2%   degenerate 5
legacy exact   6/35  =  17.1%   mean prefix  25.5%   degenerate 2
FINAL para_qn0_s2          loss 0.1671  density 0.5397  weights 102400  133s

arm                                 n          train            dev           test         legacy           held   seeds (dev)
e1 nopos qn0.1 qw0.25 st16000 all   5  100.0 +-  0.0   41.8 +-  4.9   38.0 +-  3.7   30.3 +-  1.4          -       34 49 43 44 40
e1 nopos qn0.1 qw0 st8000 all       5   99.7 +-  0.2   38.2 +-  3.8   36.5 +-  3.0   28.0 +-  2.8          -       40 41 41 38 31
e1 nopos qn0.1 qw0.25 st8000 all    5   99.4 +-  0.6   35.0 +-  4.1   33.3 +-  3.7   29.1 +-  4.9          -       40 37 31 38 29
e1 nopos qn0.1 qw1 st16000 all      5   99.0 +-  0.3   34.1 +-  2.5   34.8 +-  3.5   29.1 +-  5.8          -       34 31 35 32 38
e1 nopos qn0.2 qw1 st8000 all       5   86.0 +-  2.1   28.5 +-  3.8   28.4 +-  3.3   23.4 +-  3.3          -       25 26 34 32 25
e1 nopos qn0.15 qw1 st8000 all      5   93.3 +-  1.1   27.4 +-  3.0   27.0 +-  3.5   22.9 +-  5.4          -       24 25 31 26 31
e1 nopos qn0.1 qw1 st8000 all       5   95.9 +-  1.7   26.2 +-  3.4   28.1 +-  2.7   25.1 +-  4.2          -       22 29 28 29 22
e1 nopos qn0.05 qw1 st8000 all      5   97.1 +-  1.1   23.8 +-  2.7   25.8 +-  1.9   22.9 +-  4.0          -       21 26 25 21 26
e1 nopos qn0 qw1 st8000 all         5   98.1 +-  0.6   22.4 +-  2.2   23.5 +-  3.6   21.7 +-  2.9          -       21 21 21 25 25
