45 runs, 3 at a time
=== para_qn0_s1   --qnoise 0 ===
=== para_qn0_s2   --qnoise 0 ===
=== para_qn0_s3   --qnoise 0 ===
FAILED para_qn0_s1
                                                             ~~~~~~~~^^^^^^
  File "/home/scott/elya-snes/train/model_nes.py", line 110, in _hard_qk
    out[:, :, i:i + _CHUNK] = torch.floor(p / (1 << MUL_SHIFT)).sum(-1)
                              ~~~~~~~~~~~^^^^^^^^^^^^^^^^^^^^^^
torch.OutOfMemoryError: CUDA out of memory. Tried to allocate 20.00 MiB. GPU 0 has a total capacity of 7.62 GiB of which 10.50 MiB is free. Process 4038 has 3.35 GiB memory in use. Process 2505452 has 1.51 GiB memory in use. Process 471233 has 768.00 MiB memory in use. Process 766009 has 329.98 MiB memory in use. Process 767165 has 270.00 MiB memory in use. Process 767161 has 272.00 MiB memory in use. Process 767593 has 344.00 MiB memory in use. Including non-PyTorch memory, this process has 308.00 MiB memory in use. Process 767594 has 288.00 MiB memory in use. Process 767650 has 148.00 MiB memory in use. Of the allocated memory 116.10 MiB is allocated by PyTorch, and 35.90 MiB is reserved by PyTorch but unallocated. If reserved but unallocated memory is large try setting PYTORCH_ALLOC_CONF=expandable_segments:True to avoid fragmentation.  See documentation for Memory Management  (https://pytorch.org/docs/stable/notes/cuda.html#environment-variables)
=== para_qn0_s4   --qnoise 0 ===
FAILED para_qn0_s2
                                                             ~~~~~~~~^^^^^^
  File "/home/scott/elya-snes/train/model_nes.py", line 110, in _hard_qk
    out[:, :, i:i + _CHUNK] = torch.floor(p / (1 << MUL_SHIFT)).sum(-1)
                                          ~~^~~~~~~~~~~~~~~~~~
torch.OutOfMemoryError: CUDA out of memory. Tried to allocate 20.00 MiB. GPU 0 has a total capacity of 7.62 GiB of which 14.50 MiB is free. Process 4038 has 3.35 GiB memory in use. Process 2505452 has 1.51 GiB memory in use. Process 471233 has 768.00 MiB memory in use. Process 766009 has 329.98 MiB memory in use. Process 767165 has 270.00 MiB memory in use. Process 767161 has 272.00 MiB memory in use. Process 767593 has 344.00 MiB memory in use. Process 767592 has 308.00 MiB memory in use. Including non-PyTorch memory, this process has 288.00 MiB memory in use. Process 767650 has 148.00 MiB memory in use. Of the allocated memory 97.20 MiB is allocated by PyTorch, and 34.80 MiB is reserved by PyTorch but unallocated. If reserved but unallocated memory is large try setting PYTORCH_ALLOC_CONF=expandable_segments:True to avoid fragmentation.  See documentation for Memory Management  (https://pytorch.org/docs/stable/notes/cuda.html#environment-variables)
=== para_qn0_s5   --qnoise 0 ===
train  exact 206/208 =  99.0%   mean prefix  99.5%   degenerate 0
dev    exact  14/68  =  20.6%   mean prefix  30.3%   degenerate 0
test   exact  18/69  =  26.1%   mean prefix  33.9%   degenerate 1
legacy exact   7/35  =  20.0%   mean prefix  26.9%   degenerate 0
FINAL para_qn0_s3          loss 0.1657  density 0.5428  weights 102400  344s
=== para_qn0.05_s1   --qnoise 0.05 ===
train  exact 202/208 =  97.1%   mean prefix  98.6%   degenerate 0
dev    exact  17/68  =  25.0%   mean prefix  31.8%   degenerate 2
test   exact  15/69  =  21.7%   mean prefix  29.3%   degenerate 1
legacy exact   8/35  =  22.9%   mean prefix  29.7%   degenerate 1
FINAL para_qn0_s5          loss 0.1696  density 0.5438  weights 102400  345s
=== para_qn0.05_s2   --qnoise 0.05 ===
train  exact 204/208 =  98.1%   mean prefix  98.5%   degenerate 1
dev    exact  17/68  =  25.0%   mean prefix  34.1%   degenerate 2
test   exact  19/69  =  27.5%   mean prefix  39.2%   degenerate 0
legacy exact   9/35  =  25.7%   mean prefix  37.7%   degenerate 0
FINAL para_qn0_s4          loss 0.1675  density 0.5427  weights 102400  346s
=== para_qn0.05_s3   --qnoise 0.05 ===
train  exact 200/208 =  96.2%   mean prefix  96.9%   degenerate 0
dev    exact  14/68  =  20.6%   mean prefix  28.8%   degenerate 1
test   exact  16/69  =  23.2%   mean prefix  29.9%   degenerate 0
legacy exact   7/35  =  20.0%   mean prefix  27.7%   degenerate 0
FINAL para_qn0.05_s1       loss 0.3815  density 0.5402  weights 102400  220s
=== para_qn0.05_s4   --qnoise 0.05 ===
train  exact 206/208 =  99.0%   mean prefix  99.6%   degenerate 0
dev    exact  18/68  =  26.5%   mean prefix  30.3%   degenerate 1
test   exact  18/69  =  26.1%   mean prefix  31.7%   degenerate 0
legacy exact   9/35  =  25.7%   mean prefix  31.1%   degenerate 0
FINAL para_qn0.05_s2       loss 0.3773  density 0.5410  weights 102400  219s
=== para_qn0.05_s5   --qnoise 0.05 ===
train  exact 203/208 =  97.6%   mean prefix  97.8%   degenerate 0
dev    exact  17/68  =  25.0%   mean prefix  33.5%   degenerate 2
test   exact  17/69  =  24.6%   mean prefix  34.2%   degenerate 0
legacy exact   6/35  =  17.1%   mean prefix  28.3%   degenerate 0
FINAL para_qn0.05_s3       loss 0.3828  density 0.5400  weights 102400  218s
=== para_qn0.1_s1   --qnoise 0.1 ===
train  exact 201/208 =  96.6%   mean prefix  98.6%   degenerate 0
dev    exact  14/68  =  20.6%   mean prefix  29.2%   degenerate 3
test   exact  20/69  =  29.0%   mean prefix  37.4%   degenerate 0
legacy exact   8/35  =  22.9%   mean prefix  35.1%   degenerate 0
FINAL para_qn0.05_s4       loss 0.4181  density 0.5417  weights 102400  182s
=== para_qn0.1_s2   --qnoise 0.1 ===
train  exact 200/208 =  96.2%   mean prefix  96.8%   degenerate 0
dev    exact  18/68  =  26.5%   mean prefix  34.3%   degenerate 0
test   exact  18/69  =  26.1%   mean prefix  33.2%   degenerate 0
legacy exact  10/35  =  28.6%   mean prefix  34.1%   degenerate 0
FINAL para_qn0.05_s5       loss 0.3988  density 0.5405  weights 102400  183s
=== para_qn0.1_s3   --qnoise 0.1 ===
train  exact 198/208 =  95.2%   mean prefix  95.6%   degenerate 0
dev    exact  15/68  =  22.1%   mean prefix  28.9%   degenerate 1
test   exact  18/69  =  26.1%   mean prefix  33.4%   degenerate 1
legacy exact  10/35  =  28.6%   mean prefix  32.8%   degenerate 1
FINAL para_qn0.1_s1        loss 0.5027  density 0.5416  weights 102400  184s
=== para_qn0.1_s4   --qnoise 0.1 ===
train  exact 195/208 =  93.8%   mean prefix  94.8%   degenerate 0
dev    exact  20/68  =  29.4%   mean prefix  34.2%   degenerate 1
test   exact  19/69  =  27.5%   mean prefix  32.9%   degenerate 2
legacy exact  10/35  =  28.6%   mean prefix  33.0%   degenerate 1
FINAL para_qn0.1_s2        loss 0.5814  density 0.5411  weights 102400  184s
=== para_qn0.1_s5   --qnoise 0.1 ===
train  exact 204/208 =  98.1%   mean prefix  98.1%   degenerate 0
dev    exact  19/68  =  27.9%   mean prefix  34.2%   degenerate 1
test   exact  17/69  =  24.6%   mean prefix  30.9%   degenerate 0
legacy exact   6/35  =  17.1%   mean prefix  22.2%   degenerate 0
FINAL para_qn0.1_s3        loss 0.5510  density 0.5405  weights 102400  181s
=== para_qn0.15_s1   --qnoise 0.15 ===
train  exact 203/208 =  97.6%   mean prefix  98.3%   degenerate 0
dev    exact  20/68  =  29.4%   mean prefix  35.1%   degenerate 1
test   exact  22/69  =  31.9%   mean prefix  38.2%   degenerate 0
legacy exact   9/35  =  25.7%   mean prefix  33.4%   degenerate 0
FINAL para_qn0.1_s4        loss 0.5900  density 0.5429  weights 102400  182s
=== para_qn0.15_s2   --qnoise 0.15 ===
train  exact 197/208 =  94.7%   mean prefix  95.6%   degenerate 0
dev    exact  15/68  =  22.1%   mean prefix  29.3%   degenerate 1
test   exact  21/69  =  30.4%   mean prefix  35.8%   degenerate 0
legacy exact   9/35  =  25.7%   mean prefix  34.1%   degenerate 0
FINAL para_qn0.1_s5        loss 0.5467  density 0.5431  weights 102400  248s
=== para_qn0.15_s3   --qnoise 0.15 ===
train  exact 192/208 =  92.3%   mean prefix  92.8%   degenerate 0
dev    exact  16/68  =  23.5%   mean prefix  31.0%   degenerate 1
test   exact  18/69  =  26.1%   mean prefix  36.0%   degenerate 1
legacy exact   8/35  =  22.9%   mean prefix  33.6%   degenerate 0
FINAL para_qn0.15_s1       loss 0.6603  density 0.5412  weights 102400  248s
=== para_qn0.15_s4   --qnoise 0.15 ===
train  exact 193/208 =  92.8%   mean prefix  93.3%   degenerate 1
dev    exact  17/68  =  25.0%   mean prefix  29.3%   degenerate 2
test   exact  17/69  =  24.6%   mean prefix  32.2%   degenerate 0
legacy exact   8/35  =  22.9%   mean prefix  28.6%   degenerate 0
FINAL para_qn0.15_s2       loss 0.7104  density 0.5399  weights 102400  249s
=== para_qn0.15_s5   --qnoise 0.15 ===
train  exact 198/208 =  95.2%   mean prefix  95.8%   degenerate 0
dev    exact  21/68  =  30.9%   mean prefix  34.5%   degenerate 1
test   exact  19/69  =  27.5%   mean prefix  37.5%   degenerate 0
legacy exact   8/35  =  22.9%   mean prefix  35.3%   degenerate 0
FINAL para_qn0.15_s3       loss 0.6952  density 0.5400  weights 102400  286s
=== para_qn0.2_s1   --qnoise 0.2 ===
train  exact 195/208 =  93.8%   mean prefix  94.2%   degenerate 0
dev    exact  18/68  =  26.5%   mean prefix  31.3%   degenerate 1
test   exact  23/69  =  33.3%   mean prefix  38.6%   degenerate 1
legacy exact  11/35  =  31.4%   mean prefix  35.9%   degenerate 0
FINAL para_qn0.15_s4       loss 0.7151  density 0.5426  weights 102400  287s
=== para_qn0.2_s2   --qnoise 0.2 ===
train  exact 192/208 =  92.3%   mean prefix  94.8%   degenerate 1
dev    exact  21/68  =  30.9%   mean prefix  36.2%   degenerate 1
test   exact  16/69  =  23.2%   mean prefix  30.5%   degenerate 0
legacy exact   5/35  =  14.3%   mean prefix  21.9%   degenerate 0
FINAL para_qn0.15_s5       loss 0.6948  density 0.5408  weights 102400  286s
=== para_qn0.2_s3   --qnoise 0.2 ===
train  exact 175/208 =  84.1%   mean prefix  86.4%   degenerate 0
dev    exact  17/68  =  25.0%   mean prefix  32.1%   degenerate 0
test   exact  20/69  =  29.0%   mean prefix  35.0%   degenerate 1
legacy exact   9/35  =  25.7%   mean prefix  32.5%   degenerate 0
FINAL para_qn0.2_s1        loss 0.7778  density 0.5386  weights 102400  269s
=== para_qn0.2_s4   --qnoise 0.2 ===
train  exact 185/208 =  88.9%   mean prefix  90.6%   degenerate 0
dev    exact  18/68  =  26.5%   mean prefix  33.7%   degenerate 1
test   exact  17/69  =  24.6%   mean prefix  33.0%   degenerate 1
legacy exact   7/35  =  20.0%   mean prefix  26.2%   degenerate 1
FINAL para_qn0.2_s2        loss 0.7738  density 0.5401  weights 102400  269s
=== para_qn0.2_s5   --qnoise 0.2 ===
train  exact 173/208 =  83.2%   mean prefix  86.1%   degenerate 0
dev    exact  23/68  =  33.8%   mean prefix  38.8%   degenerate 1
test   exact  22/69  =  31.9%   mean prefix  39.3%   degenerate 0
legacy exact  10/35  =  28.6%   mean prefix  36.4%   degenerate 0
FINAL para_qn0.2_s3        loss 0.8087  density 0.5432  weights 102400  270s
=== para_qn0.1_qw0.25_s1   --qnoise 0.1 --qw 0.25 ===
train  exact 181/208 =  87.0%   mean prefix  88.0%   degenerate 2
dev    exact  22/68  =  32.4%   mean prefix  36.8%   degenerate 1
test   exact  22/69  =  31.9%   mean prefix  38.9%   degenerate 0
legacy exact   8/35  =  22.9%   mean prefix  31.7%   degenerate 0
FINAL para_qn0.2_s4        loss 0.8321  density 0.5399  weights 102400  254s
=== para_qn0.1_qw0.25_s2   --qnoise 0.1 --qw 0.25 ===
train  exact 180/208 =  86.5%   mean prefix  88.2%   degenerate 2
dev    exact  17/68  =  25.0%   mean prefix  31.8%   degenerate 1
test   exact  17/69  =  24.6%   mean prefix  32.6%   degenerate 0
legacy exact   7/35  =  20.0%   mean prefix  28.5%   degenerate 0
FINAL para_qn0.2_s5        loss 0.8183  density 0.5401  weights 102400  258s
=== para_qn0.1_qw0.25_s3   --qnoise 0.1 --qw 0.25 ===
train  exact 208/208 = 100.0%   mean prefix 100.0%   degenerate 0
dev    exact  27/68  =  39.7%   mean prefix  42.9%   degenerate 1
test   exact  20/69  =  29.0%   mean prefix  37.6%   degenerate 0
legacy exact   9/35  =  25.7%   mean prefix  34.2%   degenerate 0
FINAL para_qn0.1_qw0.25_s1 loss 0.2727  density 0.5418  weights 102400  257s
=== para_qn0.1_qw0.25_s4   --qnoise 0.1 --qw 0.25 ===
train  exact 207/208 =  99.5%   mean prefix 100.0%   degenerate 0
dev    exact  25/68  =  36.8%   mean prefix  42.6%   degenerate 0
test   exact  22/69  =  31.9%   mean prefix  39.5%   degenerate 0
legacy exact  11/35  =  31.4%   mean prefix  37.5%   degenerate 0
FINAL para_qn0.1_qw0.25_s2 loss 0.2845  density 0.5431  weights 102400  256s
=== para_qn0.1_qw0.25_s5   --qnoise 0.1 --qw 0.25 ===
train  exact 206/208 =  99.0%   mean prefix  99.0%   degenerate 0
dev    exact  21/68  =  30.9%   mean prefix  34.9%   degenerate 1
test   exact  26/69  =  37.7%   mean prefix  45.7%   degenerate 0
legacy exact  10/35  =  28.6%   mean prefix  36.9%   degenerate 0
FINAL para_qn0.1_qw0.25_s3 loss 0.2862  density 0.5444  weights 102400  255s
=== para_qn0.1_qw0_s1   --qnoise 0.1 --qw 0 ===
train  exact 208/208 = 100.0%   mean prefix 100.0%   degenerate 0
dev    exact  26/68  =  38.2%   mean prefix  42.0%   degenerate 1
test   exact  26/69  =  37.7%   mean prefix  42.5%   degenerate 1
legacy exact  13/35  =  37.1%   mean prefix  42.1%   degenerate 0
FINAL para_qn0.1_qw0.25_s4 loss 0.3068  density 0.5418  weights 102400  253s
=== para_qn0.1_qw0_s2   --qnoise 0.1 --qw 0 ===
train  exact 205/208 =  98.6%   mean prefix  99.1%   degenerate 0
dev    exact  20/68  =  29.4%   mean prefix  37.3%   degenerate 1
test   exact  21/69  =  30.4%   mean prefix  37.0%   degenerate 0
legacy exact   8/35  =  22.9%   mean prefix  28.5%   degenerate 0
FINAL para_qn0.1_qw0.25_s5 loss 0.2869  density 0.5405  weights 102400  246s
=== para_qn0.1_qw0_s3   --qnoise 0.1 --qw 0 ===
train  exact 208/208 = 100.0%   mean prefix 100.0%   degenerate 0
dev    exact  27/68  =  39.7%   mean prefix  42.2%   degenerate 1
test   exact  29/69  =  42.0%   mean prefix  47.8%   degenerate 0
legacy exact  10/35  =  28.6%   mean prefix  34.1%   degenerate 0
FINAL para_qn0.1_qw0_s1    loss 0.0577  density 0.5448  weights 102400  246s
=== para_qn0.1_qw0_s4   --qnoise 0.1 --qw 0 ===
train  exact 207/208 =  99.5%   mean prefix 100.0%   degenerate 0
dev    exact  28/68  =  41.2%   mean prefix  45.2%   degenerate 1
test   exact  24/69  =  34.8%   mean prefix  40.9%   degenerate 0
legacy exact   8/35  =  22.9%   mean prefix  32.2%   degenerate 0
FINAL para_qn0.1_qw0_s2    loss 0.0681  density 0.5459  weights 102400  247s
=== para_qn0.1_qw0_s5   --qnoise 0.1 --qw 0 ===
train  exact 207/208 =  99.5%   mean prefix 100.0%   degenerate 0
dev    exact  28/68  =  41.2%   mean prefix  46.9%   degenerate 1
test   exact  25/69  =  36.2%   mean prefix  41.2%   degenerate 0
legacy exact  11/35  =  31.4%   mean prefix  36.7%   degenerate 0
FINAL para_qn0.1_qw0_s3    loss 0.0655  density 0.5449  weights 102400  264s
=== para_qn0.1_st16k_s1   --qnoise 0.1 --steps 16000 ===
train  exact 208/208 = 100.0%   mean prefix 100.0%   degenerate 0
dev    exact  26/68  =  38.2%   mean prefix  42.8%   degenerate 1
test   exact  25/69  =  36.2%   mean prefix  42.9%   degenerate 0
legacy exact  10/35  =  28.6%   mean prefix  38.6%   degenerate 0
FINAL para_qn0.1_qw0_s4    loss 0.0804  density 0.5453  weights 102400  264s
=== para_qn0.1_st16k_s2   --qnoise 0.1 --steps 16000 ===
train  exact 207/208 =  99.5%   mean prefix  99.9%   degenerate 0
dev    exact  21/68  =  30.9%   mean prefix  35.1%   degenerate 2
test   exact  23/69  =  33.3%   mean prefix  39.7%   degenerate 0
legacy exact  10/35  =  28.6%   mean prefix  38.6%   degenerate 0
FINAL para_qn0.1_qw0_s5    loss 0.0627  density 0.5442  weights 102400  264s
=== para_qn0.1_st16k_s3   --qnoise 0.1 --steps 16000 ===
train  exact 206/208 =  99.0%   mean prefix  99.1%   degenerate 0
dev    exact  23/68  =  33.8%   mean prefix  38.3%   degenerate 1
test   exact  27/69  =  39.1%   mean prefix  43.9%   degenerate 1
legacy exact  13/35  =  37.1%   mean prefix  39.9%   degenerate 0
FINAL para_qn0.1_st16k_s1  loss 0.4873  density 0.5324  weights 102400  466s
=== para_qn0.1_st16k_s4   --qnoise 0.1 --steps 16000 ===
train  exact 206/208 =  99.0%   mean prefix  99.5%   degenerate 0
dev    exact  21/68  =  30.9%   mean prefix  36.4%   degenerate 1
test   exact  20/69  =  29.0%   mean prefix  34.3%   degenerate 1
legacy exact   7/35  =  20.0%   mean prefix  27.3%   degenerate 0
FINAL para_qn0.1_st16k_s2  loss 0.4676  density 0.5306  weights 102400  461s
=== para_qn0.1_st16k_s5   --qnoise 0.1 --steps 16000 ===
train  exact 207/208 =  99.5%   mean prefix  99.7%   degenerate 0
dev    exact  24/68  =  35.3%   mean prefix  40.5%   degenerate 1
test   exact  23/69  =  33.3%   mean prefix  39.6%   degenerate 0
legacy exact  11/35  =  31.4%   mean prefix  37.6%   degenerate 0
FINAL para_qn0.1_st16k_s3  loss 0.4534  density 0.5338  weights 102400  468s
=== para_qn0.1_qw0.25_st16k_s1   --qnoise 0.1 --qw 0.25 --steps 16000 ===
train  exact 205/208 =  98.6%   mean prefix  98.6%   degenerate 0
dev    exact  26/68  =  38.2%   mean prefix  45.1%   degenerate 0
test   exact  26/69  =  37.7%   mean prefix  41.7%   degenerate 0
legacy exact  11/35  =  31.4%   mean prefix  36.8%   degenerate 0
FINAL para_qn0.1_st16k_s5  loss 0.4606  density 0.5334  weights 102400  393s
=== para_qn0.1_qw0.25_st16k_s2   --qnoise 0.1 --qw 0.25 --steps 16000 ===
train  exact 206/208 =  99.0%   mean prefix  99.7%   degenerate 0
dev    exact  22/68  =  32.4%   mean prefix  37.7%   degenerate 2
test   exact  24/69  =  34.8%   mean prefix  41.1%   degenerate 0
legacy exact   9/35  =  25.7%   mean prefix  34.3%   degenerate 0
FINAL para_qn0.1_st16k_s4  loss 0.4290  density 0.5333  weights 102400  395s
=== para_qn0.1_qw0.25_st16k_s3   --qnoise 0.1 --qw 0.25 --steps 16000 ===
train  exact 208/208 = 100.0%   mean prefix 100.0%   degenerate 0
dev    exact  23/68  =  33.8%   mean prefix  38.4%   degenerate 1
test   exact  26/69  =  37.7%   mean prefix  42.8%   degenerate 0
legacy exact  11/35  =  31.4%   mean prefix  39.1%   degenerate 0
FINAL para_qn0.1_qw0.25_st16k_s1 loss 0.2572  density 0.5351  weights 102400  398s
=== para_qn0.1_qw0.25_st16k_s4   --qnoise 0.1 --qw 0.25 --steps 16000 ===
train  exact 208/208 = 100.0%   mean prefix 100.0%   degenerate 0
dev    exact  33/68  =  48.5%   mean prefix  50.7%   degenerate 0
test   exact  22/69  =  31.9%   mean prefix  36.7%   degenerate 0
legacy exact  11/35  =  31.4%   mean prefix  36.2%   degenerate 0
FINAL para_qn0.1_qw0.25_st16k_s2 loss 0.2182  density 0.5354  weights 102400  535s
=== para_qn0.1_qw0.25_st16k_s5   --qnoise 0.1 --qw 0.25 --steps 16000 ===
train  exact 208/208 = 100.0%   mean prefix 100.0%   degenerate 0
dev    exact  29/68  =  42.6%   mean prefix  47.9%   degenerate 0
test   exact  27/69  =  39.1%   mean prefix  46.5%   degenerate 1
legacy exact  11/35  =  31.4%   mean prefix  41.0%   degenerate 0
FINAL para_qn0.1_qw0.25_st16k_s3 loss 0.2144  density 0.5341  weights 102400  539s
train  exact 208/208 = 100.0%   mean prefix 100.0%   degenerate 0
dev    exact  30/68  =  44.1%   mean prefix  49.5%   degenerate 1
test   exact  26/69  =  37.7%   mean prefix  45.6%   degenerate 0
legacy exact  10/35  =  28.6%   mean prefix  39.0%   degenerate 0
FINAL para_qn0.1_qw0.25_st16k_s4 loss 0.2217  density 0.5352  weights 102400  528s
train  exact 208/208 = 100.0%   mean prefix 100.0%   degenerate 0
dev    exact  27/68  =  39.7%   mean prefix  42.7%   degenerate 1
test   exact  30/69  =  43.5%   mean prefix  47.7%   degenerate 0
legacy exact  10/35  =  28.6%   mean prefix  33.9%   degenerate 0
FINAL para_qn0.1_qw0.25_st16k_s5 loss 0.2286  density 0.5348  weights 102400  224s
