skip shard_identity_s4
skip shard_identity_s5
skip shard_hardware_s4
skip shard_hardware_s5
skip shard_model_s4
skip shard_model_s5
4 shard runs, 1 at a time:  --qnoise 0.1 --qw 0.25 --steps 16000
=== shard_game_s4 ===
train  exact  36/36  = 100.0%   mean prefix 100.0%   degenerate 0
dev    exact  11/12  =  91.7%   mean prefix  91.7%   degenerate 0
test   exact   8/12  =  66.7%   mean prefix  66.7%   degenerate 0
legacy exact   4/6   =  66.7%   mean prefix  66.7%   degenerate 0
FINAL shard_game_s4        loss 0.0503  density 0.5443  weights 102400  199s
=== shard_game_s5 ===
train  exact  36/36  = 100.0%   mean prefix 100.0%   degenerate 0
dev    exact  11/12  =  91.7%   mean prefix  92.9%   degenerate 0
test   exact   9/12  =  75.0%   mean prefix  76.2%   degenerate 0
legacy exact   5/6   =  83.3%   mean prefix  85.7%   degenerate 0
FINAL shard_game_s5        loss 0.0671  density 0.5444  weights 102400  224s
=== shard_honesty_s4 ===
train  exact  35/35  = 100.0%   mean prefix 100.0%   degenerate 0
dev    exact   9/12  =  75.0%   mean prefix  75.0%   degenerate 0
test   exact   6/12  =  50.0%   mean prefix  54.8%   degenerate 0
legacy exact   2/6   =  33.3%   mean prefix  33.3%   degenerate 0
FINAL shard_honesty_s4     loss 0.0509  density 0.5422  weights 102400  183s
=== shard_honesty_s5 ===
train  exact  35/35  = 100.0%   mean prefix 100.0%   degenerate 0
dev    exact   6/12  =  50.0%   mean prefix  51.9%   degenerate 0
test   exact   8/12  =  66.7%   mean prefix  68.8%   degenerate 0
legacy exact   2/6   =  33.3%   mean prefix  37.5%   degenerate 0
FINAL shard_honesty_s5     loss 0.0599  density 0.5445  weights 102400  179s

arm                                 n          train            dev           test         legacy           held   seeds (dev)
e1 nopos qn0.1 qw0.25 st16000 top:game  5  100.0 +-  0.0   85.0 +-  6.2   76.7 +-  6.2   80.0 +-  6.7          -       75 83 83 92 92
e1 nopos qn0.1 qw0.25 st16000 top:hardware  5  100.0 +-  0.0   71.4 +-  4.5   52.9 +-  5.7   48.6 +-  7.0          -       79 71 71 64 71
e1 nopos qn0.1 qw0.25 st16000 top:model  5  100.0 +-  0.0   65.7 +-  5.3   58.6 +-  5.3   62.9 +-  7.0          -       71 64 71 57 64
e1 nopos qn0.1 qw0.25 st16000 top:honesty  5  100.0 +-  0.0   63.3 +- 10.0   60.0 +-  6.2   36.7 +-  6.7          -       58 58 75 75 50
e1 nopos qn0.1 qw0.25 st16000 top:identity  5   99.2 +-  1.0   57.5 +-  7.3   54.1 +-  5.8   46.7 +-  4.4          -       56 69 62 50 50
