ca65 V2.18 - Ubuntu 2.19-2
Main file   : rom/bench.s
Current file: rom/bench.s

000000r 1               ; ---------------------------------------------------------------------------
000000r 1               ; bench.s -- the cycle instrument, and the arithmetic primitives it measures.
000000r 1               ;
000000r 1               ; INSTRUMENT
000000r 1               ;   ares has no scripting, so the counter is on the console.  Reading $2137
000000r 1               ;   latches the PPU's H and V counters; $213C/$213D then read them back.  V
000000r 1               ;   counts scanlines, H counts dots, and one dot is four master clocks.  So a
000000r 1               ;   measurement is: sync to the top of a frame, latch, run the workload, latch
000000r 1               ;   again, and hand the four raw numbers to the host through battery SRAM.  No
000000r 1               ;   arithmetic is done on the console -- the host does it, so the model can be
000000r 1               ;   changed without rebuilding a ROM.
000000r 1               ;
000000r 1               ;   Resolution is 4 master clocks, which is half of one SlowROM CPU cycle.
000000r 1               ;   Each workload runs thousands of times, so the per-operation resolution is
000000r 1               ;   far below a cycle.
000000r 1               ;
000000r 1               ; ACCOUNTING
000000r 1               ;   Every primitive runs inside the same loop skeleton, and `empty` is that
000000r 1               ;   skeleton with the bodies deleted.  Subtracting empty from a primitive
000000r 1               ;   cancels the loop bookkeeping exactly, leaving the cost of the bodies alone.
000000r 1               ;   Empty is measured at four different outer counts, which also proves the
000000r 1               ;   instrument is linear.
000000r 1               ; ---------------------------------------------------------------------------
000000r 1                       .include "snes.inc"
000000r 2               ; ---------------------------------------------------------------------------
000000r 2               ; snes.inc -- register names and the cartridge header, shared by every ROM here.
000000r 2               ; ---------------------------------------------------------------------------
000000r 2               
000000r 2               ; ---- PPU ------------------------------------------------------------------
000000r 2               INIDISP  = $2100        ; screen on/off + brightness ($8F = forced blank)
000000r 2               BGMODE   = $2105
000000r 2               M7SEL    = $211A
000000r 2               M7A      = $211B        ; Mode 7 matrix A  -- write TWICE (low byte, high byte)
000000r 2               M7B      = $211C        ; Mode 7 matrix B  -- ALSO the 2nd multiply operand
000000r 2               M7C      = $211D
000000r 2               M7D      = $211E
000000r 2               SLHV     = $2137        ; read: latch H/V counters
000000r 2               MPYL     = $2134        ; product bits  0.. 7   (M7A * M7B, signed 16x8 -> 24)
000000r 2               MPYM     = $2135        ; product bits  8..15
000000r 2               MPYH     = $2136        ; product bits 16..23
000000r 2               OPHCT    = $213C        ; horizontal counter latch, low/high (dots, 0..339)
000000r 2               OPVCT    = $213D        ; vertical counter latch, low/high (scanlines)
000000r 2               STAT78   = $213F        ; read: resets the H/V latch read toggle
000000r 2               
000000r 2               ; ---- CPU ------------------------------------------------------------------
000000r 2               NMITIMEN = $4200
000000r 2               WRIO     = $4201
000000r 2               WRMPYA   = $4202        ; hardware multiply operand A (unsigned 8)
000000r 2               WRMPYB   = $4203        ; operand B; writing this STARTS the 8-cycle multiply
000000r 2               WRDIVL   = $4204
000000r 2               WRDIVH   = $4205
000000r 2               WRDIVB   = $4206
000000r 2               MEMSEL   = $420D        ; bit0 = FastROM enable
000000r 2               RDDIVL   = $4214
000000r 2               RDDIVH   = $4215
000000r 2               RDMPYL   = $4216        ; product low   (8x8 -> 16 unsigned)
000000r 2               RDMPYH   = $4217        ; product high
000000r 2               
000000r 2               ; ---- where results go -----------------------------------------------------
000000r 2               ; LoROM battery SRAM. ares flushes this to a .srm next to the ROM on exit,
000000r 2               ; which is how the host reads numbers back out of the console.
000000r 2               SRAM     = $700000
000000r 2               
000000r 2               ; ---------------------------------------------------------------------------
000000r 2               .macro SNES_HEADER title, mapmode, carttype, romsize, ramsize
000000r 2                   .segment "SNESHDR"
000000r 2                   .assert .strlen(title) = 21, error, "cartridge title must be exactly 21 characters"
000000r 2                   .byte title             ; $FFC0  21 bytes, space padded
000000r 2                   .byte mapmode           ; $FFD5  $20 = LoROM/SlowROM, $30 = LoROM/FastROM
000000r 2                   .byte carttype          ; $FFD6  $02 = ROM + RAM + battery
000000r 2                   .byte romsize           ; $FFD7  log2(KiB): $05 = 32 KiB
000000r 2                   .byte ramsize           ; $FFD8  log2(KiB): $03 = 8 KiB
000000r 2                   .byte $01               ; $FFD9  country: NTSC / US
000000r 2                   .byte $00               ; $FFDA  developer id
000000r 2                   .byte $00               ; $FFDB  version
000000r 2                   .word $FFFF             ; $FFDC  checksum complement (patched by tools/fixhdr.py)
000000r 2                   .word $0000             ; $FFDE  checksum
000000r 2               .endmacro
000000r 2               
000000r 2               .macro SNES_VECTORS reset, nmi, irq
000000r 2                   .segment "VECTORS"
000000r 2                   .word $0000, $0000      ; $FFE0 unused
000000r 2                   .word $0000             ; $FFE4 native COP
000000r 2                   .word $0000             ; $FFE6 native BRK
000000r 2                   .word $0000             ; $FFE8 native ABORT
000000r 2                   .word nmi               ; $FFEA native NMI
000000r 2                   .word $0000             ; $FFEC unused
000000r 2                   .word irq               ; $FFEE native IRQ
000000r 2                   .word $0000, $0000      ; $FFF0 unused
000000r 2                   .word $0000             ; $FFF4 emu COP
000000r 2                   .word $0000             ; $FFF6 unused
000000r 2                   .word $0000             ; $FFF8 emu ABORT
000000r 2                   .word nmi               ; $FFFA emu NMI
000000r 2                   .word reset             ; $FFFC emu RESET
000000r 2                   .word irq               ; $FFFE emu IRQ/BRK
000000r 2               .endmacro
000000r 2               
000000r 1                       .p816
000000r 1                       .smart -
000000r 1               
000000r 1               ; ---- direct page ----------------------------------------------------------
000000r 1               ASAVE   = $00
000000r 1               OUTCNT  = $02
000000r 1               TMP     = $04
000000r 1               ACC     = $06
000000r 1               MCAND16 = $08
000000r 1               MULB16  = $0A
000000r 1               T0      = $0C
000000r 1               NOUT    = $0E
000000r 1               LATBUF  = $10           ; V1lo V1hi H1lo H1hi V2lo V2hi H2lo H2hi
000000r 1               
000000r 1               NELEM   = 128           ; elements per inner pass
000000r 1               UNROLL  = 16
000000r 1               
000000r 1               ; ===========================================================================
000000r 1               ; primitive bodies.  J is the unroll slot, 0..15.
000000r 1               ; ===========================================================================
000000r 1               
000000r 1               ; --- calibration: things whose cycle counts come off the datasheet ---------
000000r 1               .macro B_NOP j
000000r 1                       nop
000000r 1               .endmacro
000000r 1               
000000r 1               .macro B_LDA_ABSY j                     ; LDA abs,y, 16-bit A, no page cross
000000r 1                       lda W16Z + (j*2), y
000000r 1               .endmacro
000000r 1               
000000r 1               .macro B_LDA_DP j                       ; LDA dp, 16-bit A, DP low byte = 0
000000r 1                       lda T0
000000r 1               .endmacro
000000r 1               
000000r 1               .macro B_CLC_ADC_DP j
000000r 1                       clc
000000r 1                       adc T0
000000r 1               .endmacro
000000r 1               
000000r 1               .macro B_LDA_PPU j                      ; read of a "fast" (6 master) register
000000r 1                       lda MPYL
000000r 1               .endmacro
000000r 1               
000000r 1               ; --- 1. software 8x8 shift-add, 65816 native ------------------------------
000000r 1               ; multiplicand shifts left, multiplier shifts right, product accumulates in A.
000000r 1               .macro B_SOFTMUL j
000000r 1                       sep #$20
000000r 1                       .a8
000000r 1                       lda WB + j, y
000000r 1                       sta MCAND16
000000r 1                       stz MCAND16+1
000000r 1                       lda XB + j, y
000000r 1                       sta MULB16
000000r 1                       stz MULB16+1
000000r 1                       rep #$20
000000r 1                       .a16
000000r 1                       lda #0
000000r 1                       .repeat 8, K
000000r 1                       lsr MULB16
000000r 1                       bcc :+
000000r 1                       clc
000000r 1                       adc MCAND16
000000r 1               :
000000r 1                       .if K < 7
000000r 1                       asl MCAND16
000000r 1                       .endif
000000r 1                       .endrepeat
000000r 1                       clc
000000r 1                       adc ACC
000000r 1                       sta ACC
000000r 1               .endmacro
000000r 1               
000000r 1               ; --- 2. quarter-square table lookup ---------------------------------------
000000r 1               ; a*b = QS1[a+b] - QS2[(a-b)+255].  Exact for 0 <= a,b <= 255.
000000r 1               .macro B_QSQUARE j
000000r 1                       lda W16Z + (j*2), y
000000r 1                       clc
000000r 1                       adc X16Z + (j*2), y
000000r 1                       asl a
000000r 1                       tax
000000r 1                       lda QS1, x
000000r 1                       sta T0
000000r 1                       lda W16Z + (j*2), y
000000r 1                       sec
000000r 1                       sbc X16Z + (j*2), y
000000r 1                       clc
000000r 1                       adc #255
000000r 1                       asl a
000000r 1                       tax
000000r 1                       lda T0
000000r 1                       sec
000000r 1                       sbc QS2, x
000000r 1                       clc
000000r 1                       adc ACC
000000r 1                       sta ACC
000000r 1               .endmacro
000000r 1               
000000r 1               ; --- 3. CPU hardware multiply $4202/$4203 ---------------------------------
000000r 1               ; Safe form: separate 8-bit writes so $4203 is written exactly once, then
000000r 1               ; enough work before reading $4216 to cover the 8-cycle latency.
000000r 1               .macro B_CPUHW j
000000r 1                       sep #$20
000000r 1                       .a8
000000r 1                       lda WB + j, y
000000r 1                       sta WRMPYA
000000r 1                       lda XB + j, y
000000r 1                       sta WRMPYB              ; multiply starts here
000000r 1                       rep #$20
000000r 1                       .a16
000000r 1                       nop
000000r 1                       clc
000000r 1                       lda RDMPYL              ; read lands >= 8 CPU cycles after the write
000000r 1                       adc ACC
000000r 1                       sta ACC
000000r 1               .endmacro
000000r 1               
000000r 1               ; --- 3b. CPU hardware multiply, operands pre-packed -----------------------
000000r 1               ; One 16-bit store loads $4202 and $4203 together.  Lower bound only: packing
000000r 1               ; two runtime arrays into one is not free in a real engine.
000000r 1               .macro B_CPUHW_PK j
000000r 1                       ldx PK + (j*2), y
000000r 1                       stx WRMPYA              ; $4202 = w, $4203 = x, multiply starts
000000r 1                       nop
000000r 1                       nop                     ; one NOP is NOT enough: reading $4216 at
000000r 1                       clc                     ; exactly 8 CPU cycles returned a wrong sum
000000r 1                       adc RDMPYL              ; (caught by the correctness pass), so 10.
000000r 1               .endmacro
000000r 1               
000000r 1               ; --- 4. PPU Mode 7 multiply $211B/$211C -----------------------------------
000000r 1               ; M7A takes two writes to $211B (low byte then high byte); M7B takes one write
000000r 1               ; to $211C.  A 16-bit store spans two registers, so two stores cover all three
000000r 1               ; writes:  stx $211A -> ($211A junk, $211B = w)   [M7A low]
000000r 1               ;          stx $211B -> ($211B = 0,   $211C = x)  [M7A high, M7B]
000000r 1               ; Accumulator stays in A the whole time; X carries the operands.
000000r 1               .macro B_PPU j
000000r 1                       ldx WHI + (j*2), y
000000r 1                       stx M7SEL               ; $211A/$211B  -> M7A low byte = w
000000r 1                       ldx XHI + (j*2), y
000000r 1                       stx M7A                 ; $211B/$211C  -> M7A high = 0, M7B = x
000000r 1                       clc
000000r 1                       adc MPYL                ; 16 low bits of the 24-bit signed product
000000r 1               .endmacro
000000r 1               
000000r 1               ; --- 4b. PPU Mode 7 multiply, textbook form -------------------------------
000000r 1               ; The obvious way to write it: 8-bit stores, two explicit writes to $211B,
000000r 1               ; accumulator in memory.  Measured to price the two-write M7A cost honestly.
000000r 1               .macro B_PPU_NAIVE j
000000r 1                       sep #$20
000000r 1                       .a8
000000r 1                       lda WB + j, y
000000r 1                       sta M7A                 ; M7A low byte
000000r 1                       stz M7A                 ; M7A high byte
000000r 1                       lda XB + j, y
000000r 1                       sta M7B
000000r 1                       rep #$20
000000r 1                       .a16
000000r 1                       lda MPYL
000000r 1                       clc
000000r 1                       adc ACC
000000r 1                       sta ACC
000000r 1               .endmacro
000000r 1               
000000r 1               ; --- 5. ternary sign-separated gather -------------------------------------
000000r 1               ; No multiply at all.  Weights are -1/0/+1, the zeros never appear, and the
000000r 1               ; non-zeros are two index lists.  Slots 0-7 are the +1 list, 8-15 the -1 list.
000000r 1               .macro B_TERNARY j
000000r 1                       ldx IDX + (j*2), y
000000r 1                       .if j < 8
000000r 1                       clc
000000r 1                       adc XS16, x
000000r 1                       .else
000000r 1                       sec
000000r 1                       sbc XS16, x
000000r 1                       .endif
000000r 1               .endmacro
000000r 1               
000000r 1               
000000r 1               ; --- 6. DSP-1 (NEC uPD77C25) via its documented Multiply command -----------
000000r 1               ; DSP-1 op $00 is a 16x16 signed multiply returning (M*N)>>15, so int8 operands
000000r 1               ; are usable pre-scaled: (w<<8) * (x<<7) >> 15 == w*x exactly.  The chip runs at
000000r 1               ; ~8 MHz and in parallel with the CPU, but every operand and every result has to
000000r 1               ; cross the cartridge bus, and in LoROM the DSP data register lives at
000000r 1               ; $30:8000 -- a "slow" 8-master-clock address like any other cart address.
000000r 1               ;
000000r 1               ; The DSP-1 firmware is not available on this machine, so what is measured here
000000r 1               ; is the CPU-side transfer sequence alone: no command byte (the DSP-1 repeats
000000r 1               ; its last command when fed bare parameters), no RQM polling loop, and no DSP
000000r 1               ; execution time.  That makes it a hard LOWER BOUND on the real cost, not the
000000r 1               ; real cost.  Access timing on the 65816 is decided by the address, not by
000000r 1               ; whether a chip answers, so the cycle counts are exact even with no DSP fitted.
000000r 1               .macro B_DSP1_FLOOR j
000000r 1                       lda WHI + (j*2), y      ; multiplicand
000000r 1                       sta f:$308000           ; -> DR
000000r 1                       lda XHI + (j*2), y      ; multiplier
000000r 1                       sta f:$308000           ; -> DR
000000r 1                       lda f:$308000           ; <- product
000000r 1                       clc
000000r 1                       adc ACC
000000r 1                       sta ACC
000000r 1               .endmacro
000000r 1               
000000r 1               ; the same, plus the single status-register read that the cheapest possible
000000r 1               ; correct driver still has to do before trusting the result
000000r 1               .macro B_DSP1_SR j
000000r 1                       lda WHI + (j*2), y
000000r 1                       sta f:$308000
000000r 1                       lda XHI + (j*2), y
000000r 1                       sta f:$308000
000000r 1                       lda f:$30C000           ; SR -- one read, not a poll loop
000000r 1                       lda f:$308000
000000r 1                       clc
000000r 1                       adc ACC
000000r 1                       sta ACC
000000r 1               .endmacro
000000r 1               
000000r 1               ; ===========================================================================
000000r 1               ; ===========================================================================
000000r 1               ; loop skeleton
000000r 1               ; ===========================================================================
000000r 1               .macro LOOPTAIL stride, lbl
000000r 1                       sta ASAVE
000000r 1                       tya
000000r 1                       clc
000000r 1                       adc #(stride*::UNROLL)
000000r 1                       tay
000000r 1                       lda ASAVE
000000r 1                       cpy #(stride*::NELEM)
000000r 1                       beq :+
000000r 1                       brl lbl                 ; unrolled bodies overflow an 8-bit branch;
000000r 1               :                               ; every test uses the same long form so the
000000r 1               .endmacro                       ; skeleton still cancels against `empty`.
000000r 1               
000000r 1               ; ca65 will not accept a macro name as a macro argument, so the per-test
000000r 1               ; wrapper is a head/tail pair and each test spells out its own .repeat.
000000r 1               .macro THEAD
000000r 1                       lda NOUT
000000r 1                       sta OUTCNT
000000r 1                       stz ACC
000000r 1                       lda #0
000000r 1               .endmacro
000000r 1               
000000r 1               .macro TTAIL stride
000000r 1                       LOOPTAIL stride, inner
000000r 1                       dec OUTCNT
000000r 1                       beq :+
000000r 1                       brl outer
000000r 1               :
000000r 1                       sta ACC                 ; A-resident accumulators land here too
000000r 1                       rep #$30
000000r 1                       .a16
000000r 1                       .i16
000000r 1                       rts
000000r 1               .endmacro
000000r 1               
000000r 1                       .segment "CODE"
000000r 1               
000000r 1               ; FASTROM=1 builds the same measurements at 3.58 MHz: map mode $30, MEMSEL bit
000000r 1               ; 0 set, and execution moved to bank $80 where ROM accesses take 6 master
000000r 1               ; clocks instead of 8.  WRAM and direct page stay slow either way.
000000r 1               .ifdef FASTROM
000000r 1               MAPMODE = $30
000000r 1               .else
000000r 1               MAPMODE = $20
000000r 1               .endif
000000r 1               
000000r 1               ; ===========================================================================
000000r 1               reset:
000000r 1  78                   sei
000001r 1  18                   clc
000002r 1  FB                   xce
000003r 1                       .a16
000003r 1                       .i16
000003r 1  C2 38                rep #$38
000005r 1  A2 FF 1F             ldx #$1FFF
000008r 1  9A                   txs
000009r 1  A9 00 00             lda #$0000
00000Cr 1  5B                   tcd
00000Dr 1  E2 20                sep #$20
00000Fr 1                       .a8
00000Fr 1  4B                   phk
000010r 1  AB                   plb
000011r 1               
000011r 1  A9 8F                lda #$8F
000013r 1  8D 00 21             sta INIDISP             ; forced blank
000016r 1  9C 00 42             stz NMITIMEN
000019r 1  9C 0B 42             stz $420B
00001Cr 1  9C 0C 42             stz $420C
00001Fr 1               .ifdef FASTROM
00001Fr 1  A9 01                lda #$01
000021r 1  8D 0D 42             sta MEMSEL              ; FastROM: banks $80-$FF fetch in 6 master clocks
000024r 1  5C rr rr rr          jml $800000 + fast_entry ; ...but only if we execute from there
000028r 1               fast_entry:
000028r 1  4B                   phk
000029r 1  AB                   plb                     ; data bank = $80 too, so operand arrays are fast
00002Ar 1               .else
00002Ar 1                       stz MEMSEL              ; SlowROM: every ROM access is 8 master clocks
00002Ar 1               .endif
00002Ar 1  A9 01                lda #$01
00002Cr 1  8D 05 21             sta BGMODE              ; mode 1 -- NOT mode 7, so $211B/$211C are ours
00002Fr 1  9C 2C 21             stz $212C
000032r 1  9C 2D 21             stz $212D
000035r 1               
000035r 1  C2 30                rep #$30
000037r 1                       .a16
000037r 1                       .i16
000037r 1               
000037r 1                       ; magic
000037r 1  E2 20                sep #$20
000039r 1                       .a8
000039r 1  A9 42                lda #$42                ; 'B'
00003Br 1  8F 00 00 70          sta f:SRAM+0
00003Fr 1  A9 4E                lda #$4E                ; 'N'
000041r 1  8F 01 00 70          sta f:SRAM+1
000045r 1  A9 43                lda #$43                ; 'C'
000047r 1  8F 02 00 70          sta f:SRAM+2
00004Br 1  A9 48                lda #$48                ; 'H'
00004Dr 1  8F 03 00 70          sta f:SRAM+3
000051r 1  A9 00                lda #$00                ; DONE marker cleared (STZ has no long mode)
000053r 1  8F 08 00 70          sta f:SRAM+8
000057r 1  8F 09 00 70          sta f:SRAM+9
00005Br 1  8F 0A 00 70          sta f:SRAM+10
00005Fr 1  8F 0B 00 70          sta f:SRAM+11
000063r 1  C2 30                rep #$30
000065r 1                       .a16
000065r 1                       .i16
000065r 1               
000065r 1  20 rr rr             jsr run_pass            ; pass 1  -> SRAM+$0010
000068r 1  20 rr rr             jsr run_pass            ; pass 2  -> same slots, overwritten
00006Br 1  20 rr rr             jsr run_verify          ; correctness of every primitive
00006Er 1               
00006Er 1  E2 20                sep #$20
000070r 1                       .a8
000070r 1  A9 44                lda #$44                ; 'D'
000072r 1  8F 08 00 70          sta f:SRAM+8
000076r 1  A9 4F                lda #$4F                ; 'O'
000078r 1  8F 09 00 70          sta f:SRAM+9
00007Cr 1  A9 4E                lda #$4E                ; 'N'
00007Er 1  8F 0A 00 70          sta f:SRAM+10
000082r 1  A9 45                lda #$45                ; 'E'
000084r 1  8F 0B 00 70          sta f:SRAM+11
000088r 1  C2 30                rep #$30
00008Ar 1                       .a16
00008Ar 1                       .i16
00008Ar 1  80 FE        halt:   bra halt
00008Cr 1               
00008Cr 1               ; ===========================================================================
00008Cr 1               ; run every timing slot
00008Cr 1               ; ===========================================================================
00008Cr 1               .macro SLOT sub, outercnt, idx
00008Cr 1                       lda #outercnt
00008Cr 1                       sta NOUT
00008Cr 1                       jsr sync_frame
00008Cr 1                       jsr latch_start
00008Cr 1                       jsr sub
00008Cr 1                       jsr latch_end
00008Cr 1                       ldx #(idx*8)
00008Cr 1                       jsr store_result
00008Cr 1               .endmacro
00008Cr 1               
00008Cr 1               .proc run_pass
00008Cr 1                       ; --- linearity of the instrument: the same empty skeleton, 4 lengths
00008Cr 1  A9 02 00 85          SLOT t_empty,   2,  0
000090r 1  0E 20 rr rr  
000094r 1  20 rr rr 20  
0000A3r 1  A9 04 00 85          SLOT t_empty,   4,  1
0000A7r 1  0E 20 rr rr  
0000ABr 1  20 rr rr 20  
0000BAr 1  A9 08 00 85          SLOT t_empty,   8,  2
0000BEr 1  0E 20 rr rr  
0000C2r 1  20 rr rr 20  
0000D1r 1  A9 10 00 85          SLOT t_empty,  16,  3
0000D5r 1  0E 20 rr rr  
0000D9r 1  20 rr rr 20  
0000E8r 1                       ; --- calibration bodies, all hand-derivable
0000E8r 1  A9 10 00 85          SLOT t_nop,    16,  4
0000ECr 1  0E 20 rr rr  
0000F0r 1  20 rr rr 20  
0000FFr 1  A9 10 00 85          SLOT t_ldaabsy,16,  5
000103r 1  0E 20 rr rr  
000107r 1  20 rr rr 20  
000116r 1  A9 10 00 85          SLOT t_ldadp,  16,  6
00011Ar 1  0E 20 rr rr  
00011Er 1  20 rr rr 20  
00012Dr 1  A9 10 00 85          SLOT t_clcadc, 16,  7
000131r 1  0E 20 rr rr  
000135r 1  20 rr rr 20  
000144r 1  A9 10 00 85          SLOT t_ldappu, 16,  8
000148r 1  0E 20 rr rr  
00014Cr 1  20 rr rr 20  
00015Br 1                       ; --- the primitives.  Outer counts are sized so the longest window is
00015Br 1                       ;     ~140 scanlines, well short of the 262-line frame; each primitive
00015Br 1                       ;     is also measured at half length so the two must agree.
00015Br 1  A9 01 00 85          SLOT t_softmul, 1,  9
00015Fr 1  0E 20 rr rr  
000163r 1  20 rr rr 20  
000172r 1  A9 02 00 85          SLOT t_qsquare, 2, 10
000176r 1  0E 20 rr rr  
00017Ar 1  20 rr rr 20  
000189r 1  A9 01 00 85          SLOT t_qsquare, 1, 11
00018Dr 1  0E 20 rr rr  
000191r 1  20 rr rr 20  
0001A0r 1  A9 04 00 85          SLOT t_cpuhw,   4, 12
0001A4r 1  0E 20 rr rr  
0001A8r 1  20 rr rr 20  
0001B7r 1  A9 02 00 85          SLOT t_cpuhw,   2, 13
0001BBr 1  0E 20 rr rr  
0001BFr 1  20 rr rr 20  
0001CEr 1  A9 08 00 85          SLOT t_cpuhwpk, 8, 14
0001D2r 1  0E 20 rr rr  
0001D6r 1  20 rr rr 20  
0001E5r 1  A9 04 00 85          SLOT t_cpuhwpk, 4, 15
0001E9r 1  0E 20 rr rr  
0001EDr 1  20 rr rr 20  
0001FCr 1  A9 08 00 85          SLOT t_ppu,     8, 16
000200r 1  0E 20 rr rr  
000204r 1  20 rr rr 20  
000213r 1  A9 04 00 85          SLOT t_ppu,     4, 17
000217r 1  0E 20 rr rr  
00021Br 1  20 rr rr 20  
00022Ar 1  A9 04 00 85          SLOT t_ppunaive,4, 18
00022Er 1  0E 20 rr rr  
000232r 1  20 rr rr 20  
000241r 1  A9 02 00 85          SLOT t_ppunaive,2, 19
000245r 1  0E 20 rr rr  
000249r 1  20 rr rr 20  
000258r 1  A9 10 00 85          SLOT t_ternary,16, 20
00025Cr 1  0E 20 rr rr  
000260r 1  20 rr rr 20  
00026Fr 1  A9 08 00 85          SLOT t_ternary, 8, 21
000273r 1  0E 20 rr rr  
000277r 1  20 rr rr 20  
000286r 1                       ; --- the PPU multiply with the screen actually on
000286r 1  20 rr rr             jsr screen_on
000289r 1  A9 08 00 85          SLOT t_ppu,     8, 22
00028Dr 1  0E 20 rr rr  
000291r 1  20 rr rr 20  
0002A0r 1  20 rr rr             jsr screen_off
0002A3r 1                       ; --- DSP-1 bus-transfer floor (no DSP fitted; see B_DSP1_FLOOR)
0002A3r 1  A9 04 00 85          SLOT t_dsp1floor, 4, 23
0002A7r 1  0E 20 rr rr  
0002ABr 1  20 rr rr 20  
0002BAr 1  A9 02 00 85          SLOT t_dsp1floor, 2, 24
0002BEr 1  0E 20 rr rr  
0002C2r 1  20 rr rr 20  
0002D1r 1  A9 04 00 85          SLOT t_dsp1sr,    4, 25
0002D5r 1  0E 20 rr rr  
0002D9r 1  20 rr rr 20  
0002E8r 1  A9 02 00 85          SLOT t_dsp1sr,    2, 26
0002ECr 1  0E 20 rr rr  
0002F0r 1  20 rr rr 20  
0002FFr 1  60                   rts
000300r 1               .endproc
000300r 1               
000300r 1               .proc screen_on
000300r 1  E2 20                sep #$20
000302r 1                       .a8
000302r 1  A9 01                lda #$01
000304r 1  8D 2C 21             sta $212C               ; BG1 on the main screen
000307r 1  A9 0F                lda #$0F
000309r 1  8D 00 21             sta INIDISP             ; screen on, full brightness
00030Cr 1  C2 30                rep #$30
00030Er 1                       .a16
00030Er 1                       .i16
00030Er 1  60                   rts
00030Fr 1               .endproc
00030Fr 1               
00030Fr 1               .proc screen_off
00030Fr 1  E2 20                sep #$20
000311r 1                       .a8
000311r 1  9C 2C 21             stz $212C
000314r 1  A9 8F                lda #$8F
000316r 1  8D 00 21             sta INIDISP
000319r 1  C2 30                rep #$30
00031Br 1                       .a16
00031Br 1                       .i16
00031Br 1  60                   rts
00031Cr 1               .endproc
00031Cr 1               
00031Cr 1               ; ===========================================================================
00031Cr 1               ; correctness: one pass of each primitive, accumulator written to SRAM
00031Cr 1               ; ===========================================================================
00031Cr 1               .macro VSLOT sub, idx
00031Cr 1                       lda #1
00031Cr 1                       sta NOUT
00031Cr 1                       jsr sub
00031Cr 1                       lda ACC
00031Cr 1                       ldx #(idx*2)
00031Cr 1                       jsr store_acc
00031Cr 1               .endmacro
00031Cr 1               
00031Cr 1               .proc run_verify
00031Cr 1  A9 01 00 85          VSLOT t_softmul,  0
000320r 1  0E 20 rr rr  
000324r 1  A5 06 A2 00  
00032Cr 1  A9 01 00 85          VSLOT t_qsquare,  1
000330r 1  0E 20 rr rr  
000334r 1  A5 06 A2 02  
00033Cr 1  A9 01 00 85          VSLOT t_cpuhw,    2
000340r 1  0E 20 rr rr  
000344r 1  A5 06 A2 04  
00034Cr 1  A9 01 00 85          VSLOT t_cpuhwpk,  3
000350r 1  0E 20 rr rr  
000354r 1  A5 06 A2 06  
00035Cr 1  A9 01 00 85          VSLOT t_ppu,      4
000360r 1  0E 20 rr rr  
000364r 1  A5 06 A2 08  
00036Cr 1  A9 01 00 85          VSLOT t_ppunaive, 5
000370r 1  0E 20 rr rr  
000374r 1  A5 06 A2 0A  
00037Cr 1  A9 01 00 85          VSLOT t_ternary,  6
000380r 1  0E 20 rr rr  
000384r 1  A5 06 A2 0C  
00038Cr 1  60                   rts
00038Dr 1               .endproc
00038Dr 1               
00038Dr 1               ; store 16-bit A at SRAM+$0200+X
00038Dr 1               .proc store_acc
00038Dr 1  9F 00 02 70          sta f:SRAM+$0200, x
000391r 1  60                   rts
000392r 1               .endproc
000392r 1               
000392r 1               ; ===========================================================================
000392r 1               ; instrument
000392r 1               ; ===========================================================================
000392r 1               
000392r 1               ; read the V counter into A (16-bit)
000392r 1               .proc read_v16
000392r 1  E2 20                sep #$20
000394r 1                       .a8
000394r 1  AD 37 21             lda SLHV                ; latch H and V
000397r 1  AD 3F 21             lda STAT78              ; reset the high/low read toggle
00039Ar 1  AD 3D 21             lda OPVCT
00039Dr 1  85 04                sta TMP
00039Fr 1  AD 3D 21             lda OPVCT
0003A2r 1  29 01                and #$01
0003A4r 1  85 05                sta TMP+1
0003A6r 1  C2 20                rep #$20
0003A8r 1                       .a16
0003A8r 1  A5 04                lda TMP
0003AAr 1  60                   rts
0003ABr 1               .endproc
0003ABr 1               
0003ABr 1               ; park at the very top of a frame so a long measurement cannot wrap past V=261
0003ABr 1               .proc sync_frame
0003ABr 1  20 rr rr     :       jsr read_v16
0003AEr 1  C9 FA 00             cmp #250
0003B1r 1  90 F8                bcc :-
0003B3r 1  20 rr rr     :       jsr read_v16
0003B6r 1  C9 0A 00             cmp #10
0003B9r 1  B0 F8                bcs :-
0003BBr 1  60                   rts
0003BCr 1               .endproc
0003BCr 1               
0003BCr 1               .proc latch_start
0003BCr 1  E2 20                sep #$20
0003BEr 1                       .a8
0003BEr 1  AD 37 21             lda SLHV
0003C1r 1  AD 3F 21             lda STAT78
0003C4r 1  AD 3C 21             lda OPHCT
0003C7r 1  85 12                sta LATBUF+2
0003C9r 1  AD 3C 21             lda OPHCT
0003CCr 1  29 01                and #$01
0003CEr 1  85 13                sta LATBUF+3
0003D0r 1  AD 3D 21             lda OPVCT
0003D3r 1  85 10                sta LATBUF+0
0003D5r 1  AD 3D 21             lda OPVCT
0003D8r 1  29 01                and #$01
0003DAr 1  85 11                sta LATBUF+1
0003DCr 1  AD 10 42             lda $4210               ; read RDNMI to clear its vblank flag; if the
0003DFr 1  C2 30                rep #$30                ; flag is set again by latch_end, the window
0003E1r 1                                               ; ran past scanline 225 and the V counter may
0003E1r 1                                               ; have wrapped -- the measurement is void.
0003E1r 1                       .a16
0003E1r 1                       .i16
0003E1r 1  60                   rts
0003E2r 1               .endproc
0003E2r 1               
0003E2r 1               .proc latch_end
0003E2r 1  E2 20                sep #$20
0003E4r 1                       .a8
0003E4r 1  AD 37 21             lda SLHV
0003E7r 1  AD 3F 21             lda STAT78
0003EAr 1  AD 3C 21             lda OPHCT
0003EDr 1  85 16                sta LATBUF+6
0003EFr 1  AD 3C 21             lda OPHCT
0003F2r 1  29 01                and #$01
0003F4r 1  85 17                sta LATBUF+7
0003F6r 1  AD 3D 21             lda OPVCT
0003F9r 1  85 14                sta LATBUF+4
0003FBr 1  AD 3D 21             lda OPVCT
0003FEr 1  29 01                and #$01
000400r 1  85 15                sta LATBUF+5
000402r 1  AD 10 42             lda $4210
000405r 1  29 80                and #$80                ; vblank seen inside the window?
000407r 1  05 15                ora LATBUF+5
000409r 1  85 15                sta LATBUF+5            ; -> bit 7 of the V2 high byte
00040Br 1  C2 30                rep #$30
00040Dr 1                       .a16
00040Dr 1                       .i16
00040Dr 1  60                   rts
00040Er 1               .endproc
00040Er 1               
00040Er 1               ; copy the 8 latch bytes to SRAM+$0010+X
00040Er 1               .proc store_result
00040Er 1  E2 20                sep #$20
000410r 1                       .a8
000410r 1  A0 00 00             ldy #$0000
000413r 1  B9 10 00     :       lda LATBUF, y
000416r 1  9F 10 00 70          sta f:SRAM+$0010, x
00041Ar 1  E8                   inx
00041Br 1  C8                   iny
00041Cr 1  C0 08 00             cpy #8
00041Fr 1  D0 F2                bne :-
000421r 1  C2 30                rep #$30
000423r 1                       .a16
000423r 1                       .i16
000423r 1  60                   rts
000424r 1               .endproc
000424r 1               
000424r 1               ; ===========================================================================
000424r 1               ; the tests
000424r 1               ; ===========================================================================
000424r 1               .macro DEFTEST_BEGIN
000424r 1                       THEAD
000424r 1               .endmacro
000424r 1               
000424r 1               .proc t_empty
000424r 1  A5 0E 85 02          THEAD
000428r 1  64 06 A9 00  
00042Cr 1  00           
00042Dr 1  A0 00 00     outer:  ldy #$0000
000430r 1  85 00 98 18  inner:  TTAIL 2
000434r 1  69 20 00 A8  
000438r 1  A5 00 C0 00  
00044Er 1               .endproc
00044Er 1               
00044Er 1               .proc t_nop
00044Er 1  A5 0E 85 02          THEAD
000452r 1  64 06 A9 00  
000456r 1  00           
000457r 1  A0 00 00     outer:  ldy #$0000
00045Ar 1               inner:
00045Ar 1  EA EA EA EA          .repeat ::UNROLL, J
00045Er 1  EA EA EA EA  
000462r 1  EA EA EA EA  
00046Ar 1                       B_NOP J
00046Ar 1                       .endrepeat
00046Ar 1  85 00 98 18          TTAIL 2
00046Er 1  69 20 00 A8  
000472r 1  A5 00 C0 00  
000488r 1               .endproc
000488r 1               
000488r 1               .proc t_ldaabsy
000488r 1  A5 0E 85 02          THEAD
00048Cr 1  64 06 A9 00  
000490r 1  00           
000491r 1  A0 00 00     outer:  ldy #$0000
000494r 1               inner:
000494r 1  B9 rr rr B9          .repeat ::UNROLL, J
000498r 1  rr rr B9 rr  
00049Cr 1  rr B9 rr rr  
0004C4r 1                       B_LDA_ABSY J
0004C4r 1                       .endrepeat
0004C4r 1  85 00 98 18          TTAIL 2
0004C8r 1  69 20 00 A8  
0004CCr 1  A5 00 C0 00  
0004E2r 1               .endproc
0004E2r 1               
0004E2r 1               .proc t_ldadp
0004E2r 1  A5 0E 85 02          THEAD
0004E6r 1  64 06 A9 00  
0004EAr 1  00           
0004EBr 1  A0 00 00     outer:  ldy #$0000
0004EEr 1               inner:
0004EEr 1  A5 0C A5 0C          .repeat ::UNROLL, J
0004F2r 1  A5 0C A5 0C  
0004F6r 1  A5 0C A5 0C  
00050Er 1                       B_LDA_DP J
00050Er 1                       .endrepeat
00050Er 1  85 00 98 18          TTAIL 2
000512r 1  69 20 00 A8  
000516r 1  A5 00 C0 00  
00052Cr 1               .endproc
00052Cr 1               
00052Cr 1               .proc t_clcadc
00052Cr 1  A5 0E 85 02          THEAD
000530r 1  64 06 A9 00  
000534r 1  00           
000535r 1  A0 00 00     outer:  ldy #$0000
000538r 1               inner:
000538r 1  18 65 0C 18          .repeat ::UNROLL, J
00053Cr 1  65 0C 18 65  
000540r 1  0C 18 65 0C  
000568r 1                       B_CLC_ADC_DP J
000568r 1                       .endrepeat
000568r 1  85 00 98 18          TTAIL 2
00056Cr 1  69 20 00 A8  
000570r 1  A5 00 C0 00  
000586r 1               .endproc
000586r 1               
000586r 1               .proc t_ldappu
000586r 1  A5 0E 85 02          THEAD
00058Ar 1  64 06 A9 00  
00058Er 1  00           
00058Fr 1  A0 00 00     outer:  ldy #$0000
000592r 1               inner:
000592r 1  AD 34 21 AD          .repeat ::UNROLL, J
000596r 1  34 21 AD 34  
00059Ar 1  21 AD 34 21  
0005C2r 1                       B_LDA_PPU J
0005C2r 1                       .endrepeat
0005C2r 1  85 00 98 18          TTAIL 2
0005C6r 1  69 20 00 A8  
0005CAr 1  A5 00 C0 00  
0005E0r 1               .endproc
0005E0r 1               
0005E0r 1               .proc t_softmul
0005E0r 1  A5 0E 85 02          THEAD
0005E4r 1  64 06 A9 00  
0005E8r 1  00           
0005E9r 1  A0 00 00     outer:  ldy #$0000
0005ECr 1               inner:
0005ECr 1  E2 20 B9 rr          .repeat ::UNROLL, J
0005F0r 1  rr 85 08 64  
0005F4r 1  09 B9 rr rr  
000BECr 1                       B_SOFTMUL J
000BECr 1                       .endrepeat
000BECr 1  85 00 98 18          TTAIL 1
000BF0r 1  69 10 00 A8  
000BF4r 1  A5 00 C0 80  
000C0Ar 1               .endproc
000C0Ar 1               
000C0Ar 1               .proc t_qsquare
000C0Ar 1  A5 0E 85 02          THEAD
000C0Er 1  64 06 A9 00  
000C12r 1  00           
000C13r 1  A0 00 00     outer:  ldy #$0000
000C16r 1               inner:
000C16r 1  B9 rr rr 18          .repeat ::UNROLL, J
000C1Ar 1  79 rr rr 0A  
000C1Er 1  AA BD rr rr  
000E76r 1                       B_QSQUARE J
000E76r 1                       .endrepeat
000E76r 1  85 00 98 18          TTAIL 2
000E7Ar 1  69 20 00 A8  
000E7Er 1  A5 00 C0 00  
000E94r 1               .endproc
000E94r 1               
000E94r 1               .proc t_cpuhw
000E94r 1  A5 0E 85 02          THEAD
000E98r 1  64 06 A9 00  
000E9Cr 1  00           
000E9Dr 1  A0 00 00     outer:  ldy #$0000
000EA0r 1               inner:
000EA0r 1  E2 20 B9 rr          .repeat ::UNROLL, J
000EA4r 1  rr 8D 02 42  
000EA8r 1  B9 rr rr 8D  
001030r 1                       B_CPUHW J
001030r 1                       .endrepeat
001030r 1  85 00 98 18          TTAIL 1
001034r 1  69 10 00 A8  
001038r 1  A5 00 C0 80  
00104Er 1               .endproc
00104Er 1               
00104Er 1               .proc t_cpuhwpk
00104Er 1  A5 0E 85 02          THEAD
001052r 1  64 06 A9 00  
001056r 1  00           
001057r 1  A0 00 00     outer:  ldy #$0000
00105Ar 1               inner:
00105Ar 1  BE rr rr 8E          .repeat ::UNROLL, J
00105Er 1  02 42 EA EA  
001062r 1  18 6D 16 42  
00111Ar 1                       B_CPUHW_PK J
00111Ar 1                       .endrepeat
00111Ar 1  85 00 98 18          TTAIL 2
00111Er 1  69 20 00 A8  
001122r 1  A5 00 C0 00  
001138r 1               .endproc
001138r 1               
001138r 1               .proc t_ppu
001138r 1  A5 0E 85 02          THEAD
00113Cr 1  64 06 A9 00  
001140r 1  00           
001141r 1  A0 00 00     outer:  ldy #$0000
001144r 1               inner:
001144r 1  BE rr rr 8E          .repeat ::UNROLL, J
001148r 1  1A 21 BE rr  
00114Cr 1  rr 8E 1B 21  
001244r 1                       B_PPU J
001244r 1                       .endrepeat
001244r 1  85 00 98 18          TTAIL 2
001248r 1  69 20 00 A8  
00124Cr 1  A5 00 C0 00  
001262r 1               .endproc
001262r 1               
001262r 1               .proc t_ppunaive
001262r 1  A5 0E 85 02          THEAD
001266r 1  64 06 A9 00  
00126Ar 1  00           
00126Br 1  A0 00 00     outer:  ldy #$0000
00126Er 1               inner:
00126Er 1  E2 20 B9 rr          .repeat ::UNROLL, J
001272r 1  rr 8D 1B 21  
001276r 1  9C 1B 21 B9  
00141Er 1                       B_PPU_NAIVE J
00141Er 1                       .endrepeat
00141Er 1  85 00 98 18          TTAIL 1
001422r 1  69 10 00 A8  
001426r 1  A5 00 C0 80  
00143Cr 1               .endproc
00143Cr 1               
00143Cr 1               .proc t_dsp1floor
00143Cr 1  A5 0E 85 02          THEAD
001440r 1  64 06 A9 00  
001444r 1  00           
001445r 1  A0 00 00     outer:  ldy #$0000
001448r 1               inner:
001448r 1  B9 rr rr 8F          .repeat ::UNROLL, J
00144Cr 1  00 80 30 B9  
001450r 1  rr rr 8F 00  
0015B8r 1                       B_DSP1_FLOOR J
0015B8r 1                       .endrepeat
0015B8r 1  85 00 98 18          TTAIL 2
0015BCr 1  69 20 00 A8  
0015C0r 1  A5 00 C0 00  
0015D6r 1               .endproc
0015D6r 1               
0015D6r 1               .proc t_dsp1sr
0015D6r 1  A5 0E 85 02          THEAD
0015DAr 1  64 06 A9 00  
0015DEr 1  00           
0015DFr 1  A0 00 00     outer:  ldy #$0000
0015E2r 1               inner:
0015E2r 1  B9 rr rr 8F          .repeat ::UNROLL, J
0015E6r 1  00 80 30 B9  
0015EAr 1  rr rr 8F 00  
001792r 1                       B_DSP1_SR J
001792r 1                       .endrepeat
001792r 1  85 00 98 18          TTAIL 2
001796r 1  69 20 00 A8  
00179Ar 1  A5 00 C0 00  
0017B0r 1               .endproc
0017B0r 1               
0017B0r 1               .proc t_ternary
0017B0r 1  A5 0E 85 02          THEAD
0017B4r 1  64 06 A9 00  
0017B8r 1  00           
0017B9r 1  A0 00 00     outer:  ldy #$0000
0017BCr 1               inner:
0017BCr 1  BE rr rr 18          .repeat ::UNROLL, J
0017C0r 1  7D rr rr BE  
0017C4r 1  rr rr 18 7D  
00182Cr 1                       B_TERNARY J
00182Cr 1                       .endrepeat
00182Cr 1  85 00 98 18          TTAIL 2
001830r 1  69 20 00 A8  
001834r 1  A5 00 C0 00  
00184Ar 1               .endproc
00184Ar 1               
00184Ar 1  40           nmi:    rti
00184Br 1  40           irq:    rti
00184Cr 1               
00184Cr 1                       .include "data.inc"
00184Cr 2               ; GENERATED by tools/gendata.py -- do not edit
00184Cr 2                       .segment "RODATA"
000000r 2               
000000r 2                       .align 256
000000r 2               WB:
000000r 2  60 B0 54 BE          .byte $60, $B0, $54, $BE, $7C, $D4, $62, $2E, $3B, $9E, $68, $F4, $C7, $7A, $77, $C7
000004r 2  7C D4 62 2E  
000008r 2  3B 9E 68 F4  
000010r 2  CE 5E B1 39          .byte $CE, $5E, $B1, $39, $B0, $99, $07, $4E, $9B, $3B, $40, $F3, $73, $B8, $D5, $4E
000014r 2  B0 99 07 4E  
000018r 2  9B 3B 40 F3  
000020r 2  D0 23 75 AC          .byte $D0, $23, $75, $AC, $C7, $C1, $A1, $B8, $83, $21, $60, $E9, $82, $02, $8A, $7D
000024r 2  C7 C1 A1 B8  
000028r 2  83 21 60 E9  
000030r 2  56 85 83 E4          .byte $56, $85, $83, $E4, $8C, $7A, $D0, $0D, $BF, $90, $6A, $F0, $F0, $2C, $02, $57
000034r 2  8C 7A D0 0D  
000038r 2  BF 90 6A F0  
000040r 2  76 F8 C9 A3          .byte $76, $F8, $C9, $A3, $A9, $59, $4F, $94, $9D, $56, $AB, $1A, $48, $4A, $5B, $33
000044r 2  A9 59 4F 94  
000048r 2  9D 56 AB 1A  
000050r 2  D1 5B 92 8E          .byte $D1, $5B, $92, $8E, $22, $F0, $D1, $E9, $E9, $90, $0C, $3F, $8A, $03, $2B, $3D
000054r 2  22 F0 D1 E9  
000058r 2  E9 90 0C 3F  
000060r 2  F1 53 37 7B          .byte $F1, $53, $37, $7B, $7C, $D7, $DB, $5A, $70, $1B, $1E, $8A, $BE, $88, $48, $CB
000064r 2  7C D7 DB 5A  
000068r 2  70 1B 1E 8A  
000070r 2  EB A2 61 C8          .byte $EB, $A2, $61, $C8, $24, $F5, $B8, $1E, $AE, $98, $9F, $10, $90, $89, $45, $3A
000074r 2  24 F5 B8 1E  
000078r 2  AE 98 9F 10  
000080r 2  xx xx xx xx          .align 256
000084r 2  xx xx xx xx  
000088r 2  xx xx xx xx  
000100r 2               XB:
000100r 2  22 DE 88 C2          .byte $22, $DE, $88, $C2, $34, $71, $77, $7A, $0C, $D4, $00, $4E, $E0, $5B, $17, $C4
000104r 2  34 71 77 7A  
000108r 2  0C D4 00 4E  
000110r 2  C0 3E 2C 5F          .byte $C0, $3E, $2C, $5F, $84, $3C, $8F, $BD, $A8, $DB, $57, $0E, $1F, $25, $EB, $F4
000114r 2  84 3C 8F BD  
000118r 2  A8 DB 57 0E  
000120r 2  E9 04 1E D3          .byte $E9, $04, $1E, $D3, $88, $CB, $7F, $51, $93, $AE, $56, $9A, $15, $47, $B9, $47
000124r 2  88 CB 7F 51  
000128r 2  93 AE 56 9A  
000130r 2  8D BC 45 31          .byte $8D, $BC, $45, $31, $D6, $73, $50, $07, $83, $47, $5B, $78, $84, $F5, $7D, $28
000134r 2  D6 73 50 07  
000138r 2  83 47 5B 78  
000140r 2  E1 11 E4 8B          .byte $E1, $11, $E4, $8B, $8A, $18, $24, $4D, $00, $46, $09, $76, $28, $7B, $74, $4F
000144r 2  8A 18 24 4D  
000148r 2  00 46 09 76  
000150r 2  DE 59 8C 47          .byte $DE, $59, $8C, $47, $7D, $FF, $C1, $F7, $72, $35, $AA, $8A, $7C, $8C, $F9, $CB
000154r 2  7D FF C1 F7  
000158r 2  72 35 AA 8A  
000160r 2  22 41 AC E6          .byte $22, $41, $AC, $E6, $0C, $84, $BC, $50, $DC, $CD, $73, $D8, $9E, $CC, $85, $DE
000164r 2  0C 84 BC 50  
000168r 2  DC CD 73 D8  
000170r 2  D7 7D F4 40          .byte $D7, $7D, $F4, $40, $49, $2F, $81, $29, $CA, $60, $00, $91, $2F, $87, $F2, $CC
000174r 2  49 2F 81 29  
000178r 2  CA 60 00 91  
000180r 2  xx xx xx xx          .align 256
000184r 2  xx xx xx xx  
000188r 2  xx xx xx xx  
000200r 2               W16Z:
000200r 2  60 00 B0 00          .word $0060, $00B0, $0054, $00BE, $007C, $00D4, $0062, $002E
000204r 2  54 00 BE 00  
000208r 2  7C 00 D4 00  
000210r 2  3B 00 9E 00          .word $003B, $009E, $0068, $00F4, $00C7, $007A, $0077, $00C7
000214r 2  68 00 F4 00  
000218r 2  C7 00 7A 00  
000220r 2  CE 00 5E 00          .word $00CE, $005E, $00B1, $0039, $00B0, $0099, $0007, $004E
000224r 2  B1 00 39 00  
000228r 2  B0 00 99 00  
000230r 2  9B 00 3B 00          .word $009B, $003B, $0040, $00F3, $0073, $00B8, $00D5, $004E
000234r 2  40 00 F3 00  
000238r 2  73 00 B8 00  
000240r 2  D0 00 23 00          .word $00D0, $0023, $0075, $00AC, $00C7, $00C1, $00A1, $00B8
000244r 2  75 00 AC 00  
000248r 2  C7 00 C1 00  
000250r 2  83 00 21 00          .word $0083, $0021, $0060, $00E9, $0082, $0002, $008A, $007D
000254r 2  60 00 E9 00  
000258r 2  82 00 02 00  
000260r 2  56 00 85 00          .word $0056, $0085, $0083, $00E4, $008C, $007A, $00D0, $000D
000264r 2  83 00 E4 00  
000268r 2  8C 00 7A 00  
000270r 2  BF 00 90 00          .word $00BF, $0090, $006A, $00F0, $00F0, $002C, $0002, $0057
000274r 2  6A 00 F0 00  
000278r 2  F0 00 2C 00  
000280r 2  76 00 F8 00          .word $0076, $00F8, $00C9, $00A3, $00A9, $0059, $004F, $0094
000284r 2  C9 00 A3 00  
000288r 2  A9 00 59 00  
000290r 2  9D 00 56 00          .word $009D, $0056, $00AB, $001A, $0048, $004A, $005B, $0033
000294r 2  AB 00 1A 00  
000298r 2  48 00 4A 00  
0002A0r 2  D1 00 5B 00          .word $00D1, $005B, $0092, $008E, $0022, $00F0, $00D1, $00E9
0002A4r 2  92 00 8E 00  
0002A8r 2  22 00 F0 00  
0002B0r 2  E9 00 90 00          .word $00E9, $0090, $000C, $003F, $008A, $0003, $002B, $003D
0002B4r 2  0C 00 3F 00  
0002B8r 2  8A 00 03 00  
0002C0r 2  F1 00 53 00          .word $00F1, $0053, $0037, $007B, $007C, $00D7, $00DB, $005A
0002C4r 2  37 00 7B 00  
0002C8r 2  7C 00 D7 00  
0002D0r 2  70 00 1B 00          .word $0070, $001B, $001E, $008A, $00BE, $0088, $0048, $00CB
0002D4r 2  1E 00 8A 00  
0002D8r 2  BE 00 88 00  
0002E0r 2  EB 00 A2 00          .word $00EB, $00A2, $0061, $00C8, $0024, $00F5, $00B8, $001E
0002E4r 2  61 00 C8 00  
0002E8r 2  24 00 F5 00  
0002F0r 2  AE 00 98 00          .word $00AE, $0098, $009F, $0010, $0090, $0089, $0045, $003A
0002F4r 2  9F 00 10 00  
0002F8r 2  90 00 89 00  
000300r 2                       .align 256
000300r 2               X16Z:
000300r 2  22 00 DE 00          .word $0022, $00DE, $0088, $00C2, $0034, $0071, $0077, $007A
000304r 2  88 00 C2 00  
000308r 2  34 00 71 00  
000310r 2  0C 00 D4 00          .word $000C, $00D4, $0000, $004E, $00E0, $005B, $0017, $00C4
000314r 2  00 00 4E 00  
000318r 2  E0 00 5B 00  
000320r 2  C0 00 3E 00          .word $00C0, $003E, $002C, $005F, $0084, $003C, $008F, $00BD
000324r 2  2C 00 5F 00  
000328r 2  84 00 3C 00  
000330r 2  A8 00 DB 00          .word $00A8, $00DB, $0057, $000E, $001F, $0025, $00EB, $00F4
000334r 2  57 00 0E 00  
000338r 2  1F 00 25 00  
000340r 2  E9 00 04 00          .word $00E9, $0004, $001E, $00D3, $0088, $00CB, $007F, $0051
000344r 2  1E 00 D3 00  
000348r 2  88 00 CB 00  
000350r 2  93 00 AE 00          .word $0093, $00AE, $0056, $009A, $0015, $0047, $00B9, $0047
000354r 2  56 00 9A 00  
000358r 2  15 00 47 00  
000360r 2  8D 00 BC 00          .word $008D, $00BC, $0045, $0031, $00D6, $0073, $0050, $0007
000364r 2  45 00 31 00  
000368r 2  D6 00 73 00  
000370r 2  83 00 47 00          .word $0083, $0047, $005B, $0078, $0084, $00F5, $007D, $0028
000374r 2  5B 00 78 00  
000378r 2  84 00 F5 00  
000380r 2  E1 00 11 00          .word $00E1, $0011, $00E4, $008B, $008A, $0018, $0024, $004D
000384r 2  E4 00 8B 00  
000388r 2  8A 00 18 00  
000390r 2  00 00 46 00          .word $0000, $0046, $0009, $0076, $0028, $007B, $0074, $004F
000394r 2  09 00 76 00  
000398r 2  28 00 7B 00  
0003A0r 2  DE 00 59 00          .word $00DE, $0059, $008C, $0047, $007D, $00FF, $00C1, $00F7
0003A4r 2  8C 00 47 00  
0003A8r 2  7D 00 FF 00  
0003B0r 2  72 00 35 00          .word $0072, $0035, $00AA, $008A, $007C, $008C, $00F9, $00CB
0003B4r 2  AA 00 8A 00  
0003B8r 2  7C 00 8C 00  
0003C0r 2  22 00 41 00          .word $0022, $0041, $00AC, $00E6, $000C, $0084, $00BC, $0050
0003C4r 2  AC 00 E6 00  
0003C8r 2  0C 00 84 00  
0003D0r 2  DC 00 CD 00          .word $00DC, $00CD, $0073, $00D8, $009E, $00CC, $0085, $00DE
0003D4r 2  73 00 D8 00  
0003D8r 2  9E 00 CC 00  
0003E0r 2  D7 00 7D 00          .word $00D7, $007D, $00F4, $0040, $0049, $002F, $0081, $0029
0003E4r 2  F4 00 40 00  
0003E8r 2  49 00 2F 00  
0003F0r 2  CA 00 60 00          .word $00CA, $0060, $0000, $0091, $002F, $0087, $00F2, $00CC
0003F4r 2  00 00 91 00  
0003F8r 2  2F 00 87 00  
000400r 2                       .align 256
000400r 2               WHI:
000400r 2  00 60 00 B0          .word $6000, $B000, $5400, $BE00, $7C00, $D400, $6200, $2E00
000404r 2  00 54 00 BE  
000408r 2  00 7C 00 D4  
000410r 2  00 3B 00 9E          .word $3B00, $9E00, $6800, $F400, $C700, $7A00, $7700, $C700
000414r 2  00 68 00 F4  
000418r 2  00 C7 00 7A  
000420r 2  00 CE 00 5E          .word $CE00, $5E00, $B100, $3900, $B000, $9900, $0700, $4E00
000424r 2  00 B1 00 39  
000428r 2  00 B0 00 99  
000430r 2  00 9B 00 3B          .word $9B00, $3B00, $4000, $F300, $7300, $B800, $D500, $4E00
000434r 2  00 40 00 F3  
000438r 2  00 73 00 B8  
000440r 2  00 D0 00 23          .word $D000, $2300, $7500, $AC00, $C700, $C100, $A100, $B800
000444r 2  00 75 00 AC  
000448r 2  00 C7 00 C1  
000450r 2  00 83 00 21          .word $8300, $2100, $6000, $E900, $8200, $0200, $8A00, $7D00
000454r 2  00 60 00 E9  
000458r 2  00 82 00 02  
000460r 2  00 56 00 85          .word $5600, $8500, $8300, $E400, $8C00, $7A00, $D000, $0D00
000464r 2  00 83 00 E4  
000468r 2  00 8C 00 7A  
000470r 2  00 BF 00 90          .word $BF00, $9000, $6A00, $F000, $F000, $2C00, $0200, $5700
000474r 2  00 6A 00 F0  
000478r 2  00 F0 00 2C  
000480r 2  00 76 00 F8          .word $7600, $F800, $C900, $A300, $A900, $5900, $4F00, $9400
000484r 2  00 C9 00 A3  
000488r 2  00 A9 00 59  
000490r 2  00 9D 00 56          .word $9D00, $5600, $AB00, $1A00, $4800, $4A00, $5B00, $3300
000494r 2  00 AB 00 1A  
000498r 2  00 48 00 4A  
0004A0r 2  00 D1 00 5B          .word $D100, $5B00, $9200, $8E00, $2200, $F000, $D100, $E900
0004A4r 2  00 92 00 8E  
0004A8r 2  00 22 00 F0  
0004B0r 2  00 E9 00 90          .word $E900, $9000, $0C00, $3F00, $8A00, $0300, $2B00, $3D00
0004B4r 2  00 0C 00 3F  
0004B8r 2  00 8A 00 03  
0004C0r 2  00 F1 00 53          .word $F100, $5300, $3700, $7B00, $7C00, $D700, $DB00, $5A00
0004C4r 2  00 37 00 7B  
0004C8r 2  00 7C 00 D7  
0004D0r 2  00 70 00 1B          .word $7000, $1B00, $1E00, $8A00, $BE00, $8800, $4800, $CB00
0004D4r 2  00 1E 00 8A  
0004D8r 2  00 BE 00 88  
0004E0r 2  00 EB 00 A2          .word $EB00, $A200, $6100, $C800, $2400, $F500, $B800, $1E00
0004E4r 2  00 61 00 C8  
0004E8r 2  00 24 00 F5  
0004F0r 2  00 AE 00 98          .word $AE00, $9800, $9F00, $1000, $9000, $8900, $4500, $3A00
0004F4r 2  00 9F 00 10  
0004F8r 2  00 90 00 89  
000500r 2                       .align 256
000500r 2               XHI:
000500r 2  00 22 00 DE          .word $2200, $DE00, $8800, $C200, $3400, $7100, $7700, $7A00
000504r 2  00 88 00 C2  
000508r 2  00 34 00 71  
000510r 2  00 0C 00 D4          .word $0C00, $D400, $0000, $4E00, $E000, $5B00, $1700, $C400
000514r 2  00 00 00 4E  
000518r 2  00 E0 00 5B  
000520r 2  00 C0 00 3E          .word $C000, $3E00, $2C00, $5F00, $8400, $3C00, $8F00, $BD00
000524r 2  00 2C 00 5F  
000528r 2  00 84 00 3C  
000530r 2  00 A8 00 DB          .word $A800, $DB00, $5700, $0E00, $1F00, $2500, $EB00, $F400
000534r 2  00 57 00 0E  
000538r 2  00 1F 00 25  
000540r 2  00 E9 00 04          .word $E900, $0400, $1E00, $D300, $8800, $CB00, $7F00, $5100
000544r 2  00 1E 00 D3  
000548r 2  00 88 00 CB  
000550r 2  00 93 00 AE          .word $9300, $AE00, $5600, $9A00, $1500, $4700, $B900, $4700
000554r 2  00 56 00 9A  
000558r 2  00 15 00 47  
000560r 2  00 8D 00 BC          .word $8D00, $BC00, $4500, $3100, $D600, $7300, $5000, $0700
000564r 2  00 45 00 31  
000568r 2  00 D6 00 73  
000570r 2  00 83 00 47          .word $8300, $4700, $5B00, $7800, $8400, $F500, $7D00, $2800
000574r 2  00 5B 00 78  
000578r 2  00 84 00 F5  
000580r 2  00 E1 00 11          .word $E100, $1100, $E400, $8B00, $8A00, $1800, $2400, $4D00
000584r 2  00 E4 00 8B  
000588r 2  00 8A 00 18  
000590r 2  00 00 00 46          .word $0000, $4600, $0900, $7600, $2800, $7B00, $7400, $4F00
000594r 2  00 09 00 76  
000598r 2  00 28 00 7B  
0005A0r 2  00 DE 00 59          .word $DE00, $5900, $8C00, $4700, $7D00, $FF00, $C100, $F700
0005A4r 2  00 8C 00 47  
0005A8r 2  00 7D 00 FF  
0005B0r 2  00 72 00 35          .word $7200, $3500, $AA00, $8A00, $7C00, $8C00, $F900, $CB00
0005B4r 2  00 AA 00 8A  
0005B8r 2  00 7C 00 8C  
0005C0r 2  00 22 00 41          .word $2200, $4100, $AC00, $E600, $0C00, $8400, $BC00, $5000
0005C4r 2  00 AC 00 E6  
0005C8r 2  00 0C 00 84  
0005D0r 2  00 DC 00 CD          .word $DC00, $CD00, $7300, $D800, $9E00, $CC00, $8500, $DE00
0005D4r 2  00 73 00 D8  
0005D8r 2  00 9E 00 CC  
0005E0r 2  00 D7 00 7D          .word $D700, $7D00, $F400, $4000, $4900, $2F00, $8100, $2900
0005E4r 2  00 F4 00 40  
0005E8r 2  00 49 00 2F  
0005F0r 2  00 CA 00 60          .word $CA00, $6000, $0000, $9100, $2F00, $8700, $F200, $CC00
0005F4r 2  00 00 00 91  
0005F8r 2  00 2F 00 87  
000600r 2                       .align 256
000600r 2               PK:
000600r 2  60 22 B0 DE          .word $2260, $DEB0, $8854, $C2BE, $347C, $71D4, $7762, $7A2E
000604r 2  54 88 BE C2  
000608r 2  7C 34 D4 71  
000610r 2  3B 0C 9E D4          .word $0C3B, $D49E, $0068, $4EF4, $E0C7, $5B7A, $1777, $C4C7
000614r 2  68 00 F4 4E  
000618r 2  C7 E0 7A 5B  
000620r 2  CE C0 5E 3E          .word $C0CE, $3E5E, $2CB1, $5F39, $84B0, $3C99, $8F07, $BD4E
000624r 2  B1 2C 39 5F  
000628r 2  B0 84 99 3C  
000630r 2  9B A8 3B DB          .word $A89B, $DB3B, $5740, $0EF3, $1F73, $25B8, $EBD5, $F44E
000634r 2  40 57 F3 0E  
000638r 2  73 1F B8 25  
000640r 2  D0 E9 23 04          .word $E9D0, $0423, $1E75, $D3AC, $88C7, $CBC1, $7FA1, $51B8
000644r 2  75 1E AC D3  
000648r 2  C7 88 C1 CB  
000650r 2  83 93 21 AE          .word $9383, $AE21, $5660, $9AE9, $1582, $4702, $B98A, $477D
000654r 2  60 56 E9 9A  
000658r 2  82 15 02 47  
000660r 2  56 8D 85 BC          .word $8D56, $BC85, $4583, $31E4, $D68C, $737A, $50D0, $070D
000664r 2  83 45 E4 31  
000668r 2  8C D6 7A 73  
000670r 2  BF 83 90 47          .word $83BF, $4790, $5B6A, $78F0, $84F0, $F52C, $7D02, $2857
000674r 2  6A 5B F0 78  
000678r 2  F0 84 2C F5  
000680r 2  76 E1 F8 11          .word $E176, $11F8, $E4C9, $8BA3, $8AA9, $1859, $244F, $4D94
000684r 2  C9 E4 A3 8B  
000688r 2  A9 8A 59 18  
000690r 2  9D 00 56 46          .word $009D, $4656, $09AB, $761A, $2848, $7B4A, $745B, $4F33
000694r 2  AB 09 1A 76  
000698r 2  48 28 4A 7B  
0006A0r 2  D1 DE 5B 59          .word $DED1, $595B, $8C92, $478E, $7D22, $FFF0, $C1D1, $F7E9
0006A4r 2  92 8C 8E 47  
0006A8r 2  22 7D F0 FF  
0006B0r 2  E9 72 90 35          .word $72E9, $3590, $AA0C, $8A3F, $7C8A, $8C03, $F92B, $CB3D
0006B4r 2  0C AA 3F 8A  
0006B8r 2  8A 7C 03 8C  
0006C0r 2  F1 22 53 41          .word $22F1, $4153, $AC37, $E67B, $0C7C, $84D7, $BCDB, $505A
0006C4r 2  37 AC 7B E6  
0006C8r 2  7C 0C D7 84  
0006D0r 2  70 DC 1B CD          .word $DC70, $CD1B, $731E, $D88A, $9EBE, $CC88, $8548, $DECB
0006D4r 2  1E 73 8A D8  
0006D8r 2  BE 9E 88 CC  
0006E0r 2  EB D7 A2 7D          .word $D7EB, $7DA2, $F461, $40C8, $4924, $2FF5, $81B8, $291E
0006E4r 2  61 F4 C8 40  
0006E8r 2  24 49 F5 2F  
0006F0r 2  AE CA 98 60          .word $CAAE, $6098, $009F, $9110, $2F90, $8789, $F245, $CC3A
0006F4r 2  9F 00 10 91  
0006F8r 2  90 2F 89 87  
000700r 2                       .align 256
000700r 2               IDX:
000700r 2  9E 00 02 00          .word $009E, $0002, $0040, $0062, $004E, $005C, $007C, $007E
000704r 2  40 00 62 00  
000708r 2  4E 00 5C 00  
000710r 2  12 00 D8 00          .word $0012, $00D8, $00AC, $00E2, $0082, $00C8, $008A, $007A
000714r 2  AC 00 E2 00  
000718r 2  82 00 C8 00  
000720r 2  24 00 70 00          .word $0024, $0070, $0060, $004C, $0006, $0022, $0080, $0084
000724r 2  60 00 4C 00  
000728r 2  06 00 22 00  
000730r 2  20 00 6C 00          .word $0020, $006C, $0004, $00C0, $00A2, $00BE, $0030, $0086
000734r 2  04 00 C0 00  
000738r 2  A2 00 BE 00  
000740r 2  68 00 0A 00          .word $0068, $000A, $00CA, $001E, $002C, $009A, $0072, $00B0
000744r 2  CA 00 1E 00  
000748r 2  2C 00 9A 00  
000750r 2  DE 00 78 00          .word $00DE, $0078, $0088, $0044, $00D2, $002E, $00A0, $00D0
000754r 2  88 00 44 00  
000758r 2  D2 00 2E 00  
000760r 2  3E 00 FE 00          .word $003E, $00FE, $006E, $0064, $0014, $00F0, $00F6, $00C4
000764r 2  6E 00 64 00  
000768r 2  14 00 F0 00  
000770r 2  3C 00 08 00          .word $003C, $0008, $0048, $0026, $00CE, $0054, $00F8, $003A
000774r 2  48 00 26 00  
000778r 2  CE 00 54 00  
000780r 2  A6 00 8C 00          .word $00A6, $008C, $00DA, $0000, $00D4, $00B4, $00E4, $00BA
000784r 2  DA 00 00 00  
000788r 2  D4 00 B4 00  
000790r 2  4A 00 EA 00          .word $004A, $00EA, $002A, $0096, $0066, $0032, $00AA, $00FC
000794r 2  2A 00 96 00  
000798r 2  66 00 32 00  
0007A0r 2  74 00 DC 00          .word $0074, $00DC, $00E8, $0050, $0092, $00B8, $0016, $00D6
0007A4r 2  E8 00 50 00  
0007A8r 2  92 00 B8 00  
0007B0r 2  8E 00 E0 00          .word $008E, $00E0, $0052, $00E6, $00FA, $0042, $0036, $005E
0007B4r 2  52 00 E6 00  
0007B8r 2  FA 00 42 00  
0007C0r 2  18 00 1C 00          .word $0018, $001C, $0098, $0046, $00EC, $001A, $0056, $000E
0007C4r 2  98 00 46 00  
0007C8r 2  EC 00 1A 00  
0007D0r 2  C6 00 58 00          .word $00C6, $0058, $00CC, $00F2, $00BC, $0076, $006A, $00A8
0007D4r 2  CC 00 F2 00  
0007D8r 2  BC 00 76 00  
0007E0r 2  10 00 EE 00          .word $0010, $00EE, $0038, $00B6, $00B2, $0028, $0034, $009C
0007E4r 2  38 00 B6 00  
0007E8r 2  B2 00 28 00  
0007F0r 2  0C 00 5A 00          .word $000C, $005A, $0094, $00AE, $00F4, $00A4, $0090, $00C2
0007F4r 2  94 00 AE 00  
0007F8r 2  F4 00 A4 00  
000800r 2                       .align 256
000800r 2               XS16:
000800r 2  22 00 DE FF          .word $0022, $FFDE, $FF88, $FFC2, $0034, $0071, $0077, $007A
000804r 2  88 FF C2 FF  
000808r 2  34 00 71 00  
000810r 2  0C 00 D4 FF          .word $000C, $FFD4, $0000, $004E, $FFE0, $005B, $0017, $FFC4
000814r 2  00 00 4E 00  
000818r 2  E0 FF 5B 00  
000820r 2  C0 FF 3E 00          .word $FFC0, $003E, $002C, $005F, $FF84, $003C, $FF8F, $FFBD
000824r 2  2C 00 5F 00  
000828r 2  84 FF 3C 00  
000830r 2  A8 FF DB FF          .word $FFA8, $FFDB, $0057, $000E, $001F, $0025, $FFEB, $FFF4
000834r 2  57 00 0E 00  
000838r 2  1F 00 25 00  
000840r 2  E9 FF 04 00          .word $FFE9, $0004, $001E, $FFD3, $FF88, $FFCB, $007F, $0051
000844r 2  1E 00 D3 FF  
000848r 2  88 FF CB FF  
000850r 2  93 FF AE FF          .word $FF93, $FFAE, $0056, $FF9A, $0015, $0047, $FFB9, $0047
000854r 2  56 00 9A FF  
000858r 2  15 00 47 00  
000860r 2  8D FF BC FF          .word $FF8D, $FFBC, $0045, $0031, $FFD6, $0073, $0050, $0007
000864r 2  45 00 31 00  
000868r 2  D6 FF 73 00  
000870r 2  83 FF 47 00          .word $FF83, $0047, $005B, $0078, $FF84, $FFF5, $007D, $0028
000874r 2  5B 00 78 00  
000878r 2  84 FF F5 FF  
000880r 2  E1 FF 11 00          .word $FFE1, $0011, $FFE4, $FF8B, $FF8A, $0018, $0024, $004D
000884r 2  E4 FF 8B FF  
000888r 2  8A FF 18 00  
000890r 2  00 00 46 00          .word $0000, $0046, $0009, $0076, $0028, $007B, $0074, $004F
000894r 2  09 00 76 00  
000898r 2  28 00 7B 00  
0008A0r 2  DE FF 59 00          .word $FFDE, $0059, $FF8C, $0047, $007D, $FFFF, $FFC1, $FFF7
0008A4r 2  8C FF 47 00  
0008A8r 2  7D 00 FF FF  
0008B0r 2  72 00 35 00          .word $0072, $0035, $FFAA, $FF8A, $007C, $FF8C, $FFF9, $FFCB
0008B4r 2  AA FF 8A FF  
0008B8r 2  7C 00 8C FF  
0008C0r 2  22 00 41 00          .word $0022, $0041, $FFAC, $FFE6, $000C, $FF84, $FFBC, $0050
0008C4r 2  AC FF E6 FF  
0008C8r 2  0C 00 84 FF  
0008D0r 2  DC FF CD FF          .word $FFDC, $FFCD, $0073, $FFD8, $FF9E, $FFCC, $FF85, $FFDE
0008D4r 2  73 00 D8 FF  
0008D8r 2  9E FF CC FF  
0008E0r 2  D7 FF 7D 00          .word $FFD7, $007D, $FFF4, $0040, $0049, $002F, $FF81, $0029
0008E4r 2  F4 FF 40 00  
0008E8r 2  49 00 2F 00  
0008F0r 2  CA FF 60 00          .word $FFCA, $0060, $0000, $FF91, $002F, $FF87, $FFF2, $FFCC
0008F4r 2  00 00 91 FF  
0008F8r 2  2F 00 87 FF  
000900r 2                       .align 256
000900r 2               QS1:
000900r 2  00 00 00 00          .word $0000, $0000, $0001, $0002, $0004, $0006, $0009, $000C
000904r 2  01 00 02 00  
000908r 2  04 00 06 00  
000910r 2  10 00 14 00          .word $0010, $0014, $0019, $001E, $0024, $002A, $0031, $0038
000914r 2  19 00 1E 00  
000918r 2  24 00 2A 00  
000920r 2  40 00 48 00          .word $0040, $0048, $0051, $005A, $0064, $006E, $0079, $0084
000924r 2  51 00 5A 00  
000928r 2  64 00 6E 00  
000930r 2  90 00 9C 00          .word $0090, $009C, $00A9, $00B6, $00C4, $00D2, $00E1, $00F0
000934r 2  A9 00 B6 00  
000938r 2  C4 00 D2 00  
000940r 2  00 01 10 01          .word $0100, $0110, $0121, $0132, $0144, $0156, $0169, $017C
000944r 2  21 01 32 01  
000948r 2  44 01 56 01  
000950r 2  90 01 A4 01          .word $0190, $01A4, $01B9, $01CE, $01E4, $01FA, $0211, $0228
000954r 2  B9 01 CE 01  
000958r 2  E4 01 FA 01  
000960r 2  40 02 58 02          .word $0240, $0258, $0271, $028A, $02A4, $02BE, $02D9, $02F4
000964r 2  71 02 8A 02  
000968r 2  A4 02 BE 02  
000970r 2  10 03 2C 03          .word $0310, $032C, $0349, $0366, $0384, $03A2, $03C1, $03E0
000974r 2  49 03 66 03  
000978r 2  84 03 A2 03  
000980r 2  00 04 20 04          .word $0400, $0420, $0441, $0462, $0484, $04A6, $04C9, $04EC
000984r 2  41 04 62 04  
000988r 2  84 04 A6 04  
000990r 2  10 05 34 05          .word $0510, $0534, $0559, $057E, $05A4, $05CA, $05F1, $0618
000994r 2  59 05 7E 05  
000998r 2  A4 05 CA 05  
0009A0r 2  40 06 68 06          .word $0640, $0668, $0691, $06BA, $06E4, $070E, $0739, $0764
0009A4r 2  91 06 BA 06  
0009A8r 2  E4 06 0E 07  
0009B0r 2  90 07 BC 07          .word $0790, $07BC, $07E9, $0816, $0844, $0872, $08A1, $08D0
0009B4r 2  E9 07 16 08  
0009B8r 2  44 08 72 08  
0009C0r 2  00 09 30 09          .word $0900, $0930, $0961, $0992, $09C4, $09F6, $0A29, $0A5C
0009C4r 2  61 09 92 09  
0009C8r 2  C4 09 F6 09  
0009D0r 2  90 0A C4 0A          .word $0A90, $0AC4, $0AF9, $0B2E, $0B64, $0B9A, $0BD1, $0C08
0009D4r 2  F9 0A 2E 0B  
0009D8r 2  64 0B 9A 0B  
0009E0r 2  40 0C 78 0C          .word $0C40, $0C78, $0CB1, $0CEA, $0D24, $0D5E, $0D99, $0DD4
0009E4r 2  B1 0C EA 0C  
0009E8r 2  24 0D 5E 0D  
0009F0r 2  10 0E 4C 0E          .word $0E10, $0E4C, $0E89, $0EC6, $0F04, $0F42, $0F81, $0FC0
0009F4r 2  89 0E C6 0E  
0009F8r 2  04 0F 42 0F  
000A00r 2  00 10 40 10          .word $1000, $1040, $1081, $10C2, $1104, $1146, $1189, $11CC
000A04r 2  81 10 C2 10  
000A08r 2  04 11 46 11  
000A10r 2  10 12 54 12          .word $1210, $1254, $1299, $12DE, $1324, $136A, $13B1, $13F8
000A14r 2  99 12 DE 12  
000A18r 2  24 13 6A 13  
000A20r 2  40 14 88 14          .word $1440, $1488, $14D1, $151A, $1564, $15AE, $15F9, $1644
000A24r 2  D1 14 1A 15  
000A28r 2  64 15 AE 15  
000A30r 2  90 16 DC 16          .word $1690, $16DC, $1729, $1776, $17C4, $1812, $1861, $18B0
000A34r 2  29 17 76 17  
000A38r 2  C4 17 12 18  
000A40r 2  00 19 50 19          .word $1900, $1950, $19A1, $19F2, $1A44, $1A96, $1AE9, $1B3C
000A44r 2  A1 19 F2 19  
000A48r 2  44 1A 96 1A  
000A50r 2  90 1B E4 1B          .word $1B90, $1BE4, $1C39, $1C8E, $1CE4, $1D3A, $1D91, $1DE8
000A54r 2  39 1C 8E 1C  
000A58r 2  E4 1C 3A 1D  
000A60r 2  40 1E 98 1E          .word $1E40, $1E98, $1EF1, $1F4A, $1FA4, $1FFE, $2059, $20B4
000A64r 2  F1 1E 4A 1F  
000A68r 2  A4 1F FE 1F  
000A70r 2  10 21 6C 21          .word $2110, $216C, $21C9, $2226, $2284, $22E2, $2341, $23A0
000A74r 2  C9 21 26 22  
000A78r 2  84 22 E2 22  
000A80r 2  00 24 60 24          .word $2400, $2460, $24C1, $2522, $2584, $25E6, $2649, $26AC
000A84r 2  C1 24 22 25  
000A88r 2  84 25 E6 25  
000A90r 2  10 27 74 27          .word $2710, $2774, $27D9, $283E, $28A4, $290A, $2971, $29D8
000A94r 2  D9 27 3E 28  
000A98r 2  A4 28 0A 29  
000AA0r 2  40 2A A8 2A          .word $2A40, $2AA8, $2B11, $2B7A, $2BE4, $2C4E, $2CB9, $2D24
000AA4r 2  11 2B 7A 2B  
000AA8r 2  E4 2B 4E 2C  
000AB0r 2  90 2D FC 2D          .word $2D90, $2DFC, $2E69, $2ED6, $2F44, $2FB2, $3021, $3090
000AB4r 2  69 2E D6 2E  
000AB8r 2  44 2F B2 2F  
000AC0r 2  00 31 70 31          .word $3100, $3170, $31E1, $3252, $32C4, $3336, $33A9, $341C
000AC4r 2  E1 31 52 32  
000AC8r 2  C4 32 36 33  
000AD0r 2  90 34 04 35          .word $3490, $3504, $3579, $35EE, $3664, $36DA, $3751, $37C8
000AD4r 2  79 35 EE 35  
000AD8r 2  64 36 DA 36  
000AE0r 2  40 38 B8 38          .word $3840, $38B8, $3931, $39AA, $3A24, $3A9E, $3B19, $3B94
000AE4r 2  31 39 AA 39  
000AE8r 2  24 3A 9E 3A  
000AF0r 2  10 3C 8C 3C          .word $3C10, $3C8C, $3D09, $3D86, $3E04, $3E82, $3F01, $3F80
000AF4r 2  09 3D 86 3D  
000AF8r 2  04 3E 82 3E  
000B00r 2  00 40 80 40          .word $4000, $4080, $4101, $4182, $4204, $4286, $4309, $438C
000B04r 2  01 41 82 41  
000B08r 2  04 42 86 42  
000B10r 2  10 44 94 44          .word $4410, $4494, $4519, $459E, $4624, $46AA, $4731, $47B8
000B14r 2  19 45 9E 45  
000B18r 2  24 46 AA 46  
000B20r 2  40 48 C8 48          .word $4840, $48C8, $4951, $49DA, $4A64, $4AEE, $4B79, $4C04
000B24r 2  51 49 DA 49  
000B28r 2  64 4A EE 4A  
000B30r 2  90 4C 1C 4D          .word $4C90, $4D1C, $4DA9, $4E36, $4EC4, $4F52, $4FE1, $5070
000B34r 2  A9 4D 36 4E  
000B38r 2  C4 4E 52 4F  
000B40r 2  00 51 90 51          .word $5100, $5190, $5221, $52B2, $5344, $53D6, $5469, $54FC
000B44r 2  21 52 B2 52  
000B48r 2  44 53 D6 53  
000B50r 2  90 55 24 56          .word $5590, $5624, $56B9, $574E, $57E4, $587A, $5911, $59A8
000B54r 2  B9 56 4E 57  
000B58r 2  E4 57 7A 58  
000B60r 2  40 5A D8 5A          .word $5A40, $5AD8, $5B71, $5C0A, $5CA4, $5D3E, $5DD9, $5E74
000B64r 2  71 5B 0A 5C  
000B68r 2  A4 5C 3E 5D  
000B70r 2  10 5F AC 5F          .word $5F10, $5FAC, $6049, $60E6, $6184, $6222, $62C1, $6360
000B74r 2  49 60 E6 60  
000B78r 2  84 61 22 62  
000B80r 2  00 64 A0 64          .word $6400, $64A0, $6541, $65E2, $6684, $6726, $67C9, $686C
000B84r 2  41 65 E2 65  
000B88r 2  84 66 26 67  
000B90r 2  10 69 B4 69          .word $6910, $69B4, $6A59, $6AFE, $6BA4, $6C4A, $6CF1, $6D98
000B94r 2  59 6A FE 6A  
000B98r 2  A4 6B 4A 6C  
000BA0r 2  40 6E E8 6E          .word $6E40, $6EE8, $6F91, $703A, $70E4, $718E, $7239, $72E4
000BA4r 2  91 6F 3A 70  
000BA8r 2  E4 70 8E 71  
000BB0r 2  90 73 3C 74          .word $7390, $743C, $74E9, $7596, $7644, $76F2, $77A1, $7850
000BB4r 2  E9 74 96 75  
000BB8r 2  44 76 F2 76  
000BC0r 2  00 79 B0 79          .word $7900, $79B0, $7A61, $7B12, $7BC4, $7C76, $7D29, $7DDC
000BC4r 2  61 7A 12 7B  
000BC8r 2  C4 7B 76 7C  
000BD0r 2  90 7E 44 7F          .word $7E90, $7F44, $7FF9, $80AE, $8164, $821A, $82D1, $8388
000BD4r 2  F9 7F AE 80  
000BD8r 2  64 81 1A 82  
000BE0r 2  40 84 F8 84          .word $8440, $84F8, $85B1, $866A, $8724, $87DE, $8899, $8954
000BE4r 2  B1 85 6A 86  
000BE8r 2  24 87 DE 87  
000BF0r 2  10 8A CC 8A          .word $8A10, $8ACC, $8B89, $8C46, $8D04, $8DC2, $8E81, $8F40
000BF4r 2  89 8B 46 8C  
000BF8r 2  04 8D C2 8D  
000C00r 2  00 90 C0 90          .word $9000, $90C0, $9181, $9242, $9304, $93C6, $9489, $954C
000C04r 2  81 91 42 92  
000C08r 2  04 93 C6 93  
000C10r 2  10 96 D4 96          .word $9610, $96D4, $9799, $985E, $9924, $99EA, $9AB1, $9B78
000C14r 2  99 97 5E 98  
000C18r 2  24 99 EA 99  
000C20r 2  40 9C 08 9D          .word $9C40, $9D08, $9DD1, $9E9A, $9F64, $A02E, $A0F9, $A1C4
000C24r 2  D1 9D 9A 9E  
000C28r 2  64 9F 2E A0  
000C30r 2  90 A2 5C A3          .word $A290, $A35C, $A429, $A4F6, $A5C4, $A692, $A761, $A830
000C34r 2  29 A4 F6 A4  
000C38r 2  C4 A5 92 A6  
000C40r 2  00 A9 D0 A9          .word $A900, $A9D0, $AAA1, $AB72, $AC44, $AD16, $ADE9, $AEBC
000C44r 2  A1 AA 72 AB  
000C48r 2  44 AC 16 AD  
000C50r 2  90 AF 64 B0          .word $AF90, $B064, $B139, $B20E, $B2E4, $B3BA, $B491, $B568
000C54r 2  39 B1 0E B2  
000C58r 2  E4 B2 BA B3  
000C60r 2  40 B6 18 B7          .word $B640, $B718, $B7F1, $B8CA, $B9A4, $BA7E, $BB59, $BC34
000C64r 2  F1 B7 CA B8  
000C68r 2  A4 B9 7E BA  
000C70r 2  10 BD EC BD          .word $BD10, $BDEC, $BEC9, $BFA6, $C084, $C162, $C241, $C320
000C74r 2  C9 BE A6 BF  
000C78r 2  84 C0 62 C1  
000C80r 2  00 C4 E0 C4          .word $C400, $C4E0, $C5C1, $C6A2, $C784, $C866, $C949, $CA2C
000C84r 2  C1 C5 A2 C6  
000C88r 2  84 C7 66 C8  
000C90r 2  10 CB F4 CB          .word $CB10, $CBF4, $CCD9, $CDBE, $CEA4, $CF8A, $D071, $D158
000C94r 2  D9 CC BE CD  
000C98r 2  A4 CE 8A CF  
000CA0r 2  40 D2 28 D3          .word $D240, $D328, $D411, $D4FA, $D5E4, $D6CE, $D7B9, $D8A4
000CA4r 2  11 D4 FA D4  
000CA8r 2  E4 D5 CE D6  
000CB0r 2  90 D9 7C DA          .word $D990, $DA7C, $DB69, $DC56, $DD44, $DE32, $DF21, $E010
000CB4r 2  69 DB 56 DC  
000CB8r 2  44 DD 32 DE  
000CC0r 2  00 E1 F0 E1          .word $E100, $E1F0, $E2E1, $E3D2, $E4C4, $E5B6, $E6A9, $E79C
000CC4r 2  E1 E2 D2 E3  
000CC8r 2  C4 E4 B6 E5  
000CD0r 2  90 E8 84 E9          .word $E890, $E984, $EA79, $EB6E, $EC64, $ED5A, $EE51, $EF48
000CD4r 2  79 EA 6E EB  
000CD8r 2  64 EC 5A ED  
000CE0r 2  40 F0 38 F1          .word $F040, $F138, $F231, $F32A, $F424, $F51E, $F619, $F714
000CE4r 2  31 F2 2A F3  
000CE8r 2  24 F4 1E F5  
000CF0r 2  10 F8 0C F9          .word $F810, $F90C, $FA09, $FB06, $FC04, $FD02, $FE01
000CF4r 2  09 FA 06 FB  
000CF8r 2  04 FC 02 FD  
000CFEr 2  xx xx                .align 256
000D00r 2               QS2:
000D00r 2  80 3F 01 3F          .word $3F80, $3F01, $3E82, $3E04, $3D86, $3D09, $3C8C, $3C10
000D04r 2  82 3E 04 3E  
000D08r 2  86 3D 09 3D  
000D10r 2  94 3B 19 3B          .word $3B94, $3B19, $3A9E, $3A24, $39AA, $3931, $38B8, $3840
000D14r 2  9E 3A 24 3A  
000D18r 2  AA 39 31 39  
000D20r 2  C8 37 51 37          .word $37C8, $3751, $36DA, $3664, $35EE, $3579, $3504, $3490
000D24r 2  DA 36 64 36  
000D28r 2  EE 35 79 35  
000D30r 2  1C 34 A9 33          .word $341C, $33A9, $3336, $32C4, $3252, $31E1, $3170, $3100
000D34r 2  36 33 C4 32  
000D38r 2  52 32 E1 31  
000D40r 2  90 30 21 30          .word $3090, $3021, $2FB2, $2F44, $2ED6, $2E69, $2DFC, $2D90
000D44r 2  B2 2F 44 2F  
000D48r 2  D6 2E 69 2E  
000D50r 2  24 2D B9 2C          .word $2D24, $2CB9, $2C4E, $2BE4, $2B7A, $2B11, $2AA8, $2A40
000D54r 2  4E 2C E4 2B  
000D58r 2  7A 2B 11 2B  
000D60r 2  D8 29 71 29          .word $29D8, $2971, $290A, $28A4, $283E, $27D9, $2774, $2710
000D64r 2  0A 29 A4 28  
000D68r 2  3E 28 D9 27  
000D70r 2  AC 26 49 26          .word $26AC, $2649, $25E6, $2584, $2522, $24C1, $2460, $2400
000D74r 2  E6 25 84 25  
000D78r 2  22 25 C1 24  
000D80r 2  A0 23 41 23          .word $23A0, $2341, $22E2, $2284, $2226, $21C9, $216C, $2110
000D84r 2  E2 22 84 22  
000D88r 2  26 22 C9 21  
000D90r 2  B4 20 59 20          .word $20B4, $2059, $1FFE, $1FA4, $1F4A, $1EF1, $1E98, $1E40
000D94r 2  FE 1F A4 1F  
000D98r 2  4A 1F F1 1E  
000DA0r 2  E8 1D 91 1D          .word $1DE8, $1D91, $1D3A, $1CE4, $1C8E, $1C39, $1BE4, $1B90
000DA4r 2  3A 1D E4 1C  
000DA8r 2  8E 1C 39 1C  
000DB0r 2  3C 1B E9 1A          .word $1B3C, $1AE9, $1A96, $1A44, $19F2, $19A1, $1950, $1900
000DB4r 2  96 1A 44 1A  
000DB8r 2  F2 19 A1 19  
000DC0r 2  B0 18 61 18          .word $18B0, $1861, $1812, $17C4, $1776, $1729, $16DC, $1690
000DC4r 2  12 18 C4 17  
000DC8r 2  76 17 29 17  
000DD0r 2  44 16 F9 15          .word $1644, $15F9, $15AE, $1564, $151A, $14D1, $1488, $1440
000DD4r 2  AE 15 64 15  
000DD8r 2  1A 15 D1 14  
000DE0r 2  F8 13 B1 13          .word $13F8, $13B1, $136A, $1324, $12DE, $1299, $1254, $1210
000DE4r 2  6A 13 24 13  
000DE8r 2  DE 12 99 12  
000DF0r 2  CC 11 89 11          .word $11CC, $1189, $1146, $1104, $10C2, $1081, $1040, $1000
000DF4r 2  46 11 04 11  
000DF8r 2  C2 10 81 10  
000E00r 2  C0 0F 81 0F          .word $0FC0, $0F81, $0F42, $0F04, $0EC6, $0E89, $0E4C, $0E10
000E04r 2  42 0F 04 0F  
000E08r 2  C6 0E 89 0E  
000E10r 2  D4 0D 99 0D          .word $0DD4, $0D99, $0D5E, $0D24, $0CEA, $0CB1, $0C78, $0C40
000E14r 2  5E 0D 24 0D  
000E18r 2  EA 0C B1 0C  
000E20r 2  08 0C D1 0B          .word $0C08, $0BD1, $0B9A, $0B64, $0B2E, $0AF9, $0AC4, $0A90
000E24r 2  9A 0B 64 0B  
000E28r 2  2E 0B F9 0A  
000E30r 2  5C 0A 29 0A          .word $0A5C, $0A29, $09F6, $09C4, $0992, $0961, $0930, $0900
000E34r 2  F6 09 C4 09  
000E38r 2  92 09 61 09  
000E40r 2  D0 08 A1 08          .word $08D0, $08A1, $0872, $0844, $0816, $07E9, $07BC, $0790
000E44r 2  72 08 44 08  
000E48r 2  16 08 E9 07  
000E50r 2  64 07 39 07          .word $0764, $0739, $070E, $06E4, $06BA, $0691, $0668, $0640
000E54r 2  0E 07 E4 06  
000E58r 2  BA 06 91 06  
000E60r 2  18 06 F1 05          .word $0618, $05F1, $05CA, $05A4, $057E, $0559, $0534, $0510
000E64r 2  CA 05 A4 05  
000E68r 2  7E 05 59 05  
000E70r 2  EC 04 C9 04          .word $04EC, $04C9, $04A6, $0484, $0462, $0441, $0420, $0400
000E74r 2  A6 04 84 04  
000E78r 2  62 04 41 04  
000E80r 2  E0 03 C1 03          .word $03E0, $03C1, $03A2, $0384, $0366, $0349, $032C, $0310
000E84r 2  A2 03 84 03  
000E88r 2  66 03 49 03  
000E90r 2  F4 02 D9 02          .word $02F4, $02D9, $02BE, $02A4, $028A, $0271, $0258, $0240
000E94r 2  BE 02 A4 02  
000E98r 2  8A 02 71 02  
000EA0r 2  28 02 11 02          .word $0228, $0211, $01FA, $01E4, $01CE, $01B9, $01A4, $0190
000EA4r 2  FA 01 E4 01  
000EA8r 2  CE 01 B9 01  
000EB0r 2  7C 01 69 01          .word $017C, $0169, $0156, $0144, $0132, $0121, $0110, $0100
000EB4r 2  56 01 44 01  
000EB8r 2  32 01 21 01  
000EC0r 2  F0 00 E1 00          .word $00F0, $00E1, $00D2, $00C4, $00B6, $00A9, $009C, $0090
000EC4r 2  D2 00 C4 00  
000EC8r 2  B6 00 A9 00  
000ED0r 2  84 00 79 00          .word $0084, $0079, $006E, $0064, $005A, $0051, $0048, $0040
000ED4r 2  6E 00 64 00  
000ED8r 2  5A 00 51 00  
000EE0r 2  38 00 31 00          .word $0038, $0031, $002A, $0024, $001E, $0019, $0014, $0010
000EE4r 2  2A 00 24 00  
000EE8r 2  1E 00 19 00  
000EF0r 2  0C 00 09 00          .word $000C, $0009, $0006, $0004, $0002, $0001, $0000, $0000
000EF4r 2  06 00 04 00  
000EF8r 2  02 00 01 00  
000F00r 2  00 00 01 00          .word $0000, $0001, $0002, $0004, $0006, $0009, $000C, $0010
000F04r 2  02 00 04 00  
000F08r 2  06 00 09 00  
000F10r 2  14 00 19 00          .word $0014, $0019, $001E, $0024, $002A, $0031, $0038, $0040
000F14r 2  1E 00 24 00  
000F18r 2  2A 00 31 00  
000F20r 2  48 00 51 00          .word $0048, $0051, $005A, $0064, $006E, $0079, $0084, $0090
000F24r 2  5A 00 64 00  
000F28r 2  6E 00 79 00  
000F30r 2  9C 00 A9 00          .word $009C, $00A9, $00B6, $00C4, $00D2, $00E1, $00F0, $0100
000F34r 2  B6 00 C4 00  
000F38r 2  D2 00 E1 00  
000F40r 2  10 01 21 01          .word $0110, $0121, $0132, $0144, $0156, $0169, $017C, $0190
000F44r 2  32 01 44 01  
000F48r 2  56 01 69 01  
000F50r 2  A4 01 B9 01          .word $01A4, $01B9, $01CE, $01E4, $01FA, $0211, $0228, $0240
000F54r 2  CE 01 E4 01  
000F58r 2  FA 01 11 02  
000F60r 2  58 02 71 02          .word $0258, $0271, $028A, $02A4, $02BE, $02D9, $02F4, $0310
000F64r 2  8A 02 A4 02  
000F68r 2  BE 02 D9 02  
000F70r 2  2C 03 49 03          .word $032C, $0349, $0366, $0384, $03A2, $03C1, $03E0, $0400
000F74r 2  66 03 84 03  
000F78r 2  A2 03 C1 03  
000F80r 2  20 04 41 04          .word $0420, $0441, $0462, $0484, $04A6, $04C9, $04EC, $0510
000F84r 2  62 04 84 04  
000F88r 2  A6 04 C9 04  
000F90r 2  34 05 59 05          .word $0534, $0559, $057E, $05A4, $05CA, $05F1, $0618, $0640
000F94r 2  7E 05 A4 05  
000F98r 2  CA 05 F1 05  
000FA0r 2  68 06 91 06          .word $0668, $0691, $06BA, $06E4, $070E, $0739, $0764, $0790
000FA4r 2  BA 06 E4 06  
000FA8r 2  0E 07 39 07  
000FB0r 2  BC 07 E9 07          .word $07BC, $07E9, $0816, $0844, $0872, $08A1, $08D0, $0900
000FB4r 2  16 08 44 08  
000FB8r 2  72 08 A1 08  
000FC0r 2  30 09 61 09          .word $0930, $0961, $0992, $09C4, $09F6, $0A29, $0A5C, $0A90
000FC4r 2  92 09 C4 09  
000FC8r 2  F6 09 29 0A  
000FD0r 2  C4 0A F9 0A          .word $0AC4, $0AF9, $0B2E, $0B64, $0B9A, $0BD1, $0C08, $0C40
000FD4r 2  2E 0B 64 0B  
000FD8r 2  9A 0B D1 0B  
000FE0r 2  78 0C B1 0C          .word $0C78, $0CB1, $0CEA, $0D24, $0D5E, $0D99, $0DD4, $0E10
000FE4r 2  EA 0C 24 0D  
000FE8r 2  5E 0D 99 0D  
000FF0r 2  4C 0E 89 0E          .word $0E4C, $0E89, $0EC6, $0F04, $0F42, $0F81, $0FC0, $1000
000FF4r 2  C6 0E 04 0F  
000FF8r 2  42 0F 81 0F  
001000r 2  40 10 81 10          .word $1040, $1081, $10C2, $1104, $1146, $1189, $11CC, $1210
001004r 2  C2 10 04 11  
001008r 2  46 11 89 11  
001010r 2  54 12 99 12          .word $1254, $1299, $12DE, $1324, $136A, $13B1, $13F8, $1440
001014r 2  DE 12 24 13  
001018r 2  6A 13 B1 13  
001020r 2  88 14 D1 14          .word $1488, $14D1, $151A, $1564, $15AE, $15F9, $1644, $1690
001024r 2  1A 15 64 15  
001028r 2  AE 15 F9 15  
001030r 2  DC 16 29 17          .word $16DC, $1729, $1776, $17C4, $1812, $1861, $18B0, $1900
001034r 2  76 17 C4 17  
001038r 2  12 18 61 18  
001040r 2  50 19 A1 19          .word $1950, $19A1, $19F2, $1A44, $1A96, $1AE9, $1B3C, $1B90
001044r 2  F2 19 44 1A  
001048r 2  96 1A E9 1A  
001050r 2  E4 1B 39 1C          .word $1BE4, $1C39, $1C8E, $1CE4, $1D3A, $1D91, $1DE8, $1E40
001054r 2  8E 1C E4 1C  
001058r 2  3A 1D 91 1D  
001060r 2  98 1E F1 1E          .word $1E98, $1EF1, $1F4A, $1FA4, $1FFE, $2059, $20B4, $2110
001064r 2  4A 1F A4 1F  
001068r 2  FE 1F 59 20  
001070r 2  6C 21 C9 21          .word $216C, $21C9, $2226, $2284, $22E2, $2341, $23A0, $2400
001074r 2  26 22 84 22  
001078r 2  E2 22 41 23  
001080r 2  60 24 C1 24          .word $2460, $24C1, $2522, $2584, $25E6, $2649, $26AC, $2710
001084r 2  22 25 84 25  
001088r 2  E6 25 49 26  
001090r 2  74 27 D9 27          .word $2774, $27D9, $283E, $28A4, $290A, $2971, $29D8, $2A40
001094r 2  3E 28 A4 28  
001098r 2  0A 29 71 29  
0010A0r 2  A8 2A 11 2B          .word $2AA8, $2B11, $2B7A, $2BE4, $2C4E, $2CB9, $2D24, $2D90
0010A4r 2  7A 2B E4 2B  
0010A8r 2  4E 2C B9 2C  
0010B0r 2  FC 2D 69 2E          .word $2DFC, $2E69, $2ED6, $2F44, $2FB2, $3021, $3090, $3100
0010B4r 2  D6 2E 44 2F  
0010B8r 2  B2 2F 21 30  
0010C0r 2  70 31 E1 31          .word $3170, $31E1, $3252, $32C4, $3336, $33A9, $341C, $3490
0010C4r 2  52 32 C4 32  
0010C8r 2  36 33 A9 33  
0010D0r 2  04 35 79 35          .word $3504, $3579, $35EE, $3664, $36DA, $3751, $37C8, $3840
0010D4r 2  EE 35 64 36  
0010D8r 2  DA 36 51 37  
0010E0r 2  B8 38 31 39          .word $38B8, $3931, $39AA, $3A24, $3A9E, $3B19, $3B94, $3C10
0010E4r 2  AA 39 24 3A  
0010E8r 2  9E 3A 19 3B  
0010F0r 2  8C 3C 09 3D          .word $3C8C, $3D09, $3D86, $3E04, $3E82, $3F01, $3F80
0010F4r 2  86 3D 04 3E  
0010F8r 2  82 3E 01 3F  
0010FEr 2               
0010FEr 1               
0010FEr 1  45 4C 59 41          SNES_HEADER "ELYA SNES BENCH      ", MAPMODE, $02, $05, $03
001102r 1  20 53 4E 45  
001106r 1  53 20 42 45  
000020r 1  00 00 00 00          SNES_VECTORS reset, nmi, irq
000024r 1  00 00 00 00  
000028r 1  00 00 rr rr  
000020r 1               
