=== nn ===
host text 'block? a multiply.    '
rom  text 'block? a multiply.    '
PASS: 20/20 tokens identical (seed + 19 generated)
=== nnfast ===
host text 'block? a multiply.    '
rom  text 'block? a multiply.    '
PASS: 20/20 tokens identical (seed + 19 generated)
=== nnprof ===
host text 'block? a multiply.    '
rom  text 'block? a multiply.    '
PASS: 20/20 tokens identical (seed + 19 generated)
=== nnfastprof ===
host text 'block? a multiply.    '
rom  text 'block? a multiply.    '
PASS: 20/20 tokens identical (seed + 19 generated)
=== nnstage ===
host text 'block? a multiply.    '
rom  text 'block? a multiply.    '
PASS: 20/20 tokens identical (seed + 19 generated)
=== nnsurvey ===

64 seeds x 20 tokens: 1280/1280 identical
PASS: every seed matches host/ref.py exactly
=== nnfastsurvey ===

64 seeds x 20 tokens: 1280/1280 identical
PASS: every seed matches host/ref.py exactly
=== nndbg, position 0 ===
PASS: 20/20 tokens identical (seed + 19 generated)
PASS: all 320 intermediate values identical at position 0
=== nndbg, position 9 ===
PASS: 20/20 tokens identical (seed + 19 generated)
PASS: all 320 intermediate values identical at position 9
=== nndbg, position 18 ===
PASS: 20/20 tokens identical (seed + 19 generated)
PASS: all 320 intermediate values identical at position 18
=== gameqa ===
=== gamectl ===
=== gamepad ===
=== the game, real controller path ===
PASS: 18 checks
=== the game ===

PASS: 21 checks
out/frames/frame_act1.png    state play   frame  648  tokens  40  coins  40  camera 116,0
out/frames/frame_act3.png    state end    frame 1718  tokens 120  coins 120  camera  15,48
=== cartridge headers ===
PASS: LoROM, NTSC, 2 Mbit of a 56 Mbit cartridge, battery SRAM declared, no enhancement chip.
PASS: LoROM, NTSC, 2 Mbit of a 56 Mbit cartridge, battery SRAM declared, no enhancement chip.
PASS: LoROM, NTSC, 2 Mbit of a 56 Mbit cartridge, battery SRAM declared, no enhancement chip.
PASS: LoROM, NTSC, 2 Mbit of a 56 Mbit cartridge, battery SRAM declared, no enhancement chip.
=== reports ===

  total            59895748 wall master clocks for 19 tokens
  mean/token        3152408 wall        3059962 cpu
  mean/token         382495 SlowROM cycles
  seconds/token    0.1468      tokens/s     6.813
  first / last token: 2785433 / 3519901  (26.4% growth over 19 positions)

  total            52510159 wall master clocks for 19 tokens
  mean/token        2763693 wall        2682646 cpu
  mean/token         447108 FastROM cycles
  seconds/token    0.1287      tokens/s     7.771
  first / last token: 2412735 / 3115040  (29.1% growth over 19 positions)
=== gameprof ===
=== gamefastprof ===
=== tokens per second, engine only vs with the game ===
nn_profile.txt:  seconds/token    0.1468      tokens/s     6.813
nnfast_profile.txt:  seconds/token    0.1287      tokens/s     7.771
game_profile.txt:  seconds/token    0.1831      tokens/s     5.462
gamefast_profile.txt:  seconds/token    0.1608      tokens/s     6.217
GATE: pass
