shard32k_game_s4       step     1  loss 5.7679  tf-rows   0/114  0s
shard32k_game_s4       step  1000  loss 0.3905  tf-rows  77/114  12s
shard32k_game_s4       step  2000  loss 0.2622  tf-rows  93/114  23s
shard32k_game_s4       step  3000  loss 0.2277  tf-rows  95/114  34s
shard32k_game_s4       step  4000  loss 0.2180  tf-rows  97/114  45s
shard32k_game_s4       step  5000  loss 0.1897  tf-rows 100/114  57s
shard32k_game_s4       step  6000  loss 0.1627  tf-rows 101/114  68s
shard32k_game_s4       step  7000  loss 0.1661  tf-rows 104/114  79s
shard32k_game_s4       step  8000  loss 0.1783  tf-rows 101/114  90s
shard32k_game_s4       step  9000  loss 0.1757  tf-rows 105/114  102s
shard32k_game_s4       step 10000  loss 0.1767  tf-rows 103/114  113s
shard32k_game_s4       step 11000  loss 0.1488  tf-rows 103/114  124s
shard32k_game_s4       step 12000  loss 0.1472  tf-rows 101/114  136s
shard32k_game_s4       step 13000  loss 0.1404  tf-rows 103/114  147s
shard32k_game_s4       step 14000  loss 0.1524  tf-rows 103/114  158s
shard32k_game_s4       step 15000  loss 0.1293  tf-rows 101/114  169s
shard32k_game_s4       step 16000  loss 0.1375  tf-rows 102/114  180s
shard32k_game_s4       step 17000  loss 0.1444  tf-rows 101/114  192s
shard32k_game_s4       step 18000  loss 0.1454  tf-rows 104/114  203s
shard32k_game_s4       step 19000  loss 0.1260  tf-rows 104/114  214s
shard32k_game_s4       step 20000  loss 0.1166  tf-rows 103/114  226s
shard32k_game_s4       step 21000  loss 0.1484  tf-rows 100/114  237s
shard32k_game_s4       step 22000  loss 0.1075  tf-rows 106/114  248s
shard32k_game_s4       step 23000  loss 0.1410  tf-rows 104/114  259s
shard32k_game_s4       step 24000  loss 0.1073  tf-rows 106/114  271s
shard32k_game_s4       step 25000  loss 0.1074  tf-rows 100/114  282s
shard32k_game_s4       step 26000  loss 0.1211  tf-rows 102/114  293s
shard32k_game_s4       step 27000  loss 0.1202  tf-rows 100/114  304s
shard32k_game_s4       step 28000  loss 0.1212  tf-rows 106/114  315s
shard32k_game_s4       step 29000  loss 0.1105  tf-rows 105/114  327s
shard32k_game_s4       step 30000  loss 0.1191  tf-rows 106/114  338s
shard32k_game_s4       step 31000  loss 0.1226  tf-rows 107/114  350s
shard32k_game_s4       step 32000  loss 0.1158  tf-rows 105/114  362s
train  exact  80/80  = 100.0%   mean prefix 100.0%   degenerate 0
dev    exact  20/26  =  76.9%   mean prefix  78.7%   degenerate 1
test   exact  15/26  =  57.7%   mean prefix  60.7%   degenerate 0
legacy exact   2/6   =  33.3%   mean prefix  38.5%   degenerate 0
FINAL shard32k_game_s4     loss 0.1158  density 0.5338  weights 102400  368s
