shard32k_model_s4      step     1  loss 6.0568  tf-rows   0/130  0s
shard32k_model_s4      step  1000  loss 0.4957  tf-rows  84/130  11s
shard32k_model_s4      step  2000  loss 0.3360  tf-rows 101/130  23s
shard32k_model_s4      step  3000  loss 0.2847  tf-rows 112/130  34s
shard32k_model_s4      step  4000  loss 0.2570  tf-rows 113/130  45s
shard32k_model_s4      step  5000  loss 0.2428  tf-rows 114/130  56s
shard32k_model_s4      step  6000  loss 0.2098  tf-rows 114/130  68s
shard32k_model_s4      step  7000  loss 0.2027  tf-rows 118/130  79s
shard32k_model_s4      step  8000  loss 0.2268  tf-rows 118/130  90s
shard32k_model_s4      step  9000  loss 0.2170  tf-rows 114/130  101s
shard32k_model_s4      step 10000  loss 0.2180  tf-rows 119/130  113s
shard32k_model_s4      step 11000  loss 0.1927  tf-rows 117/130  124s
shard32k_model_s4      step 12000  loss 0.1923  tf-rows 116/130  135s
shard32k_model_s4      step 13000  loss 0.1677  tf-rows 115/130  147s
shard32k_model_s4      step 14000  loss 0.2077  tf-rows 114/130  158s
shard32k_model_s4      step 15000  loss 0.1569  tf-rows 119/130  169s
shard32k_model_s4      step 16000  loss 0.1612  tf-rows 114/130  180s
shard32k_model_s4      step 17000  loss 0.1806  tf-rows 116/130  192s
shard32k_model_s4      step 18000  loss 0.1853  tf-rows 114/130  203s
shard32k_model_s4      step 19000  loss 0.1510  tf-rows 120/130  214s
shard32k_model_s4      step 20000  loss 0.1794  tf-rows 115/130  226s
shard32k_model_s4      step 21000  loss 0.1659  tf-rows 118/130  237s
shard32k_model_s4      step 22000  loss 0.1381  tf-rows 118/130  248s
shard32k_model_s4      step 23000  loss 0.1670  tf-rows 115/130  259s
shard32k_model_s4      step 24000  loss 0.1468  tf-rows 121/130  270s
shard32k_model_s4      step 25000  loss 0.1504  tf-rows 118/130  282s
shard32k_model_s4      step 26000  loss 0.1587  tf-rows 119/130  293s
shard32k_model_s4      step 27000  loss 0.1604  tf-rows 120/130  304s
shard32k_model_s4      step 28000  loss 0.1459  tf-rows 121/130  315s
shard32k_model_s4      step 29000  loss 0.1416  tf-rows 115/130  327s
shard32k_model_s4      step 30000  loss 0.1501  tf-rows 119/130  338s
shard32k_model_s4      step 31000  loss 0.1325  tf-rows 121/130  349s
shard32k_model_s4      step 32000  loss 0.1306  tf-rows 124/130  360s
train  exact  96/96  = 100.0%   mean prefix 100.0%   degenerate 0
dev    exact  20/30  =  66.7%   mean prefix  68.8%   degenerate 0
test   exact  18/30  =  60.0%   mean prefix  62.6%   degenerate 0
legacy exact   7/7   = 100.0%   mean prefix 100.0%   degenerate 0
FINAL shard32k_model_s4    loss 0.1306  density 0.5305  weights 102400  367s
