shard32k_honesty_s2    step     1  loss 7.2195  tf-rows   0/120  0s
shard32k_honesty_s2    step  1000  loss 0.4368  tf-rows  79/120  12s
shard32k_honesty_s2    step  2000  loss 0.2905  tf-rows  96/120  23s
shard32k_honesty_s2    step  3000  loss 0.2631  tf-rows  97/120  34s
shard32k_honesty_s2    step  4000  loss 0.2474  tf-rows 105/120  46s
shard32k_honesty_s2    step  5000  loss 0.2109  tf-rows 103/120  57s
shard32k_honesty_s2    step  6000  loss 0.2086  tf-rows 105/120  69s
shard32k_honesty_s2    step  7000  loss 0.1874  tf-rows 105/120  80s
shard32k_honesty_s2    step  8000  loss 0.2009  tf-rows 102/120  91s
shard32k_honesty_s2    step  9000  loss 0.1699  tf-rows 101/120  103s
shard32k_honesty_s2    step 10000  loss 0.1830  tf-rows 105/120  114s
shard32k_honesty_s2    step 11000  loss 0.1903  tf-rows 103/120  126s
shard32k_honesty_s2    step 12000  loss 0.1817  tf-rows 106/120  137s
shard32k_honesty_s2    step 13000  loss 0.1640  tf-rows 108/120  148s
shard32k_honesty_s2    step 14000  loss 0.1650  tf-rows 108/120  159s
shard32k_honesty_s2    step 15000  loss 0.1423  tf-rows 107/120  170s
shard32k_honesty_s2    step 16000  loss 0.1588  tf-rows 110/120  181s
shard32k_honesty_s2    step 17000  loss 0.1545  tf-rows 108/120  192s
shard32k_honesty_s2    step 18000  loss 0.1343  tf-rows 107/120  204s
shard32k_honesty_s2    step 19000  loss 0.1518  tf-rows 110/120  215s
shard32k_honesty_s2    step 20000  loss 0.1714  tf-rows 105/120  226s
shard32k_honesty_s2    step 21000  loss 0.1555  tf-rows 106/120  237s
shard32k_honesty_s2    step 22000  loss 0.1695  tf-rows 109/120  249s
shard32k_honesty_s2    step 23000  loss 0.1582  tf-rows 107/120  260s
shard32k_honesty_s2    step 24000  loss 0.1363  tf-rows 108/120  272s
shard32k_honesty_s2    step 25000  loss 0.1345  tf-rows 110/120  283s
shard32k_honesty_s2    step 26000  loss 0.1282  tf-rows 111/120  294s
shard32k_honesty_s2    step 27000  loss 0.1316  tf-rows 108/120  306s
shard32k_honesty_s2    step 28000  loss 0.1484  tf-rows 108/120  317s
shard32k_honesty_s2    step 29000  loss 0.1494  tf-rows 110/120  328s
shard32k_honesty_s2    step 30000  loss 0.1403  tf-rows 109/120  340s
shard32k_honesty_s2    step 31000  loss 0.1129  tf-rows 108/120  351s
shard32k_honesty_s2    step 32000  loss 0.1103  tf-rows 112/120  362s
train  exact  86/86  = 100.0%   mean prefix 100.0%   degenerate 0
dev    exact  18/26  =  69.2%   mean prefix  70.9%   degenerate 1
test   exact  20/26  =  76.9%   mean prefix  77.5%   degenerate 0
legacy exact   3/6   =  50.0%   mean prefix  50.0%   degenerate 0
FINAL shard32k_honesty_s2  loss 0.1103  density 0.5303  weights 102400  368s
