shard32k_game_s5       step     1  loss 6.0664  tf-rows   0/114  0s
shard32k_game_s5       step  1000  loss 0.4493  tf-rows  73/114  12s
shard32k_game_s5       step  2000  loss 0.2658  tf-rows  89/114  23s
shard32k_game_s5       step  3000  loss 0.2350  tf-rows  96/114  35s
shard32k_game_s5       step  4000  loss 0.1928  tf-rows  97/114  46s
shard32k_game_s5       step  5000  loss 0.1936  tf-rows 100/114  57s
shard32k_game_s5       step  6000  loss 0.1754  tf-rows 100/114  69s
shard32k_game_s5       step  7000  loss 0.2018  tf-rows 104/114  80s
shard32k_game_s5       step  8000  loss 0.1711  tf-rows 103/114  92s
shard32k_game_s5       step  9000  loss 0.1761  tf-rows  99/114  103s
shard32k_game_s5       step 10000  loss 0.1888  tf-rows 102/114  115s
shard32k_game_s5       step 11000  loss 0.1619  tf-rows 102/114  126s
shard32k_game_s5       step 12000  loss 0.1490  tf-rows 100/114  138s
shard32k_game_s5       step 13000  loss 0.1476  tf-rows 103/114  149s
shard32k_game_s5       step 14000  loss 0.1568  tf-rows 100/114  161s
shard32k_game_s5       step 15000  loss 0.1443  tf-rows 103/114  172s
shard32k_game_s5       step 16000  loss 0.1283  tf-rows 104/114  183s
shard32k_game_s5       step 17000  loss 0.1379  tf-rows 101/114  195s
shard32k_game_s5       step 18000  loss 0.1272  tf-rows 105/114  207s
shard32k_game_s5       step 19000  loss 0.1557  tf-rows 103/114  218s
shard32k_game_s5       step 20000  loss 0.1297  tf-rows 102/114  230s
shard32k_game_s5       step 21000  loss 0.1366  tf-rows 101/114  241s
shard32k_game_s5       step 22000  loss 0.1172  tf-rows 104/114  253s
shard32k_game_s5       step 23000  loss 0.1609  tf-rows 103/114  264s
shard32k_game_s5       step 24000  loss 0.1257  tf-rows 103/114  276s
shard32k_game_s5       step 25000  loss 0.1680  tf-rows  99/114  287s
shard32k_game_s5       step 26000  loss 0.1388  tf-rows 103/114  299s
shard32k_game_s5       step 27000  loss 0.1320  tf-rows 105/114  310s
shard32k_game_s5       step 28000  loss 0.1269  tf-rows 106/114  322s
shard32k_game_s5       step 29000  loss 0.1192  tf-rows  99/114  334s
shard32k_game_s5       step 30000  loss 0.1190  tf-rows 104/114  345s
shard32k_game_s5       step 31000  loss 0.1096  tf-rows 107/114  357s
shard32k_game_s5       step 32000  loss 0.0958  tf-rows 107/114  368s
train  exact  80/80  = 100.0%   mean prefix 100.0%   degenerate 0
dev    exact  19/26  =  73.1%   mean prefix  74.2%   degenerate 1
test   exact  17/26  =  65.4%   mean prefix  65.4%   degenerate 0
legacy exact   5/6   =  83.3%   mean prefix  83.3%   degenerate 0
FINAL shard32k_game_s5     loss 0.0958  density 0.5332  weights 102400  375s
