shard32k_identity_s1   step     1  loss 7.4075  tf-rows   0/130  0s
shard32k_identity_s1   step  1000  loss 0.5053  tf-rows  69/130  12s
shard32k_identity_s1   step  2000  loss 0.3596  tf-rows  98/130  24s
shard32k_identity_s1   step  3000  loss 0.2338  tf-rows 101/130  35s
shard32k_identity_s1   step  4000  loss 0.2510  tf-rows 107/130  46s
shard32k_identity_s1   step  5000  loss 0.2404  tf-rows 108/130  58s
shard32k_identity_s1   step  6000  loss 0.2176  tf-rows 113/130  70s
shard32k_identity_s1   step  7000  loss 0.1916  tf-rows 112/130  81s
shard32k_identity_s1   step  8000  loss 0.1978  tf-rows 108/130  93s
shard32k_identity_s1   step  9000  loss 0.1823  tf-rows 109/130  105s
shard32k_identity_s1   step 10000  loss 0.1873  tf-rows 114/130  116s
shard32k_identity_s1   step 11000  loss 0.1917  tf-rows 111/130  128s
shard32k_identity_s1   step 12000  loss 0.1816  tf-rows 110/130  139s
shard32k_identity_s1   step 13000  loss 0.1725  tf-rows 111/130  151s
shard32k_identity_s1   step 14000  loss 0.1619  tf-rows 107/130  162s
shard32k_identity_s1   step 15000  loss 0.1841  tf-rows 110/130  174s
shard32k_identity_s1   step 16000  loss 0.1980  tf-rows 112/130  185s
shard32k_identity_s1   step 17000  loss 0.1678  tf-rows 111/130  197s
shard32k_identity_s1   step 18000  loss 0.2007  tf-rows 110/130  208s
shard32k_identity_s1   step 19000  loss 0.1601  tf-rows 113/130  220s
shard32k_identity_s1   step 20000  loss 0.1614  tf-rows 112/130  231s
shard32k_identity_s1   step 21000  loss 0.1524  tf-rows 112/130  243s
shard32k_identity_s1   step 22000  loss 0.1604  tf-rows 114/130  255s
shard32k_identity_s1   step 23000  loss 0.1695  tf-rows 111/130  266s
shard32k_identity_s1   step 24000  loss 0.1601  tf-rows 112/130  279s
shard32k_identity_s1   step 25000  loss 0.1747  tf-rows 117/130  299s
shard32k_identity_s1   step 26000  loss 0.1854  tf-rows 112/130  319s
shard32k_identity_s1   step 27000  loss 0.1536  tf-rows 113/130  330s
shard32k_identity_s1   step 28000  loss 0.1369  tf-rows 116/130  342s
shard32k_identity_s1   step 29000  loss 0.1303  tf-rows 116/130  353s
shard32k_identity_s1   step 30000  loss 0.1390  tf-rows 118/130  365s
shard32k_identity_s1   step 31000  loss 0.1106  tf-rows 114/130  376s
shard32k_identity_s1   step 32000  loss 0.1145  tf-rows 118/130  388s
train  exact  93/96  =  96.9%   mean prefix  99.5%   degenerate 0
dev    exact  14/30  =  46.7%   mean prefix  58.9%   degenerate 0
test   exact  23/31  =  74.2%   mean prefix  75.3%   degenerate 0
legacy exact   5/9   =  55.6%   mean prefix  59.3%   degenerate 0
FINAL shard32k_identity_s1 loss 0.1145  density 0.5317  weights 102400  395s
