shard32k_model_s1      step     1  loss 7.4273  tf-rows   0/130  0s
shard32k_model_s1      step  1000  loss 0.5287  tf-rows  84/130  12s
shard32k_model_s1      step  2000  loss 0.3611  tf-rows 104/130  23s
shard32k_model_s1      step  3000  loss 0.2516  tf-rows 105/130  34s
shard32k_model_s1      step  4000  loss 0.2532  tf-rows 115/130  46s
shard32k_model_s1      step  5000  loss 0.2551  tf-rows 112/130  57s
shard32k_model_s1      step  6000  loss 0.2191  tf-rows 112/130  68s
shard32k_model_s1      step  7000  loss 0.2054  tf-rows 116/130  80s
shard32k_model_s1      step  8000  loss 0.2064  tf-rows 115/130  91s
shard32k_model_s1      step  9000  loss 0.1796  tf-rows 115/130  103s
shard32k_model_s1      step 10000  loss 0.1944  tf-rows 118/130  114s
shard32k_model_s1      step 11000  loss 0.1752  tf-rows 115/130  126s
shard32k_model_s1      step 12000  loss 0.1945  tf-rows 117/130  137s
shard32k_model_s1      step 13000  loss 0.1938  tf-rows 115/130  149s
shard32k_model_s1      step 14000  loss 0.1903  tf-rows 117/130  160s
shard32k_model_s1      step 15000  loss 0.2080  tf-rows 117/130  171s
shard32k_model_s1      step 16000  loss 0.1811  tf-rows 119/130  183s
shard32k_model_s1      step 17000  loss 0.1601  tf-rows 114/130  194s
shard32k_model_s1      step 18000  loss 0.2052  tf-rows 117/130  206s
shard32k_model_s1      step 19000  loss 0.1483  tf-rows 118/130  217s
shard32k_model_s1      step 20000  loss 0.1757  tf-rows 117/130  228s
shard32k_model_s1      step 21000  loss 0.1543  tf-rows 118/130  239s
shard32k_model_s1      step 22000  loss 0.1701  tf-rows 118/130  251s
shard32k_model_s1      step 23000  loss 0.1623  tf-rows 118/130  262s
shard32k_model_s1      step 24000  loss 0.1598  tf-rows 117/130  274s
shard32k_model_s1      step 25000  loss 0.1657  tf-rows 117/130  285s
shard32k_model_s1      step 26000  loss 0.1999  tf-rows 121/130  296s
shard32k_model_s1      step 27000  loss 0.1555  tf-rows 120/130  307s
shard32k_model_s1      step 28000  loss 0.1448  tf-rows 118/130  319s
shard32k_model_s1      step 29000  loss 0.1510  tf-rows 121/130  330s
shard32k_model_s1      step 30000  loss 0.1628  tf-rows 120/130  341s
shard32k_model_s1      step 31000  loss 0.1276  tf-rows 120/130  352s
shard32k_model_s1      step 32000  loss 0.1364  tf-rows 123/130  364s
train  exact  96/96  = 100.0%   mean prefix 100.0%   degenerate 0
dev    exact  18/30  =  60.0%   mean prefix  62.4%   degenerate 0
test   exact  18/30  =  60.0%   mean prefix  61.3%   degenerate 0
legacy exact   7/7   = 100.0%   mean prefix 100.0%   degenerate 0
FINAL shard32k_model_s1    loss 0.1364  density 0.5303  weights 102400  371s
