shard32k_honesty_s1    step     1  loss 7.3691  tf-rows   0/120  0s
shard32k_honesty_s1    step  1000  loss 0.5072  tf-rows  65/120  12s
shard32k_honesty_s1    step  2000  loss 0.3199  tf-rows  91/120  23s
shard32k_honesty_s1    step  3000  loss 0.2204  tf-rows 101/120  34s
shard32k_honesty_s1    step  4000  loss 0.2286  tf-rows 101/120  45s
shard32k_honesty_s1    step  5000  loss 0.2079  tf-rows 104/120  57s
shard32k_honesty_s1    step  6000  loss 0.1961  tf-rows 110/120  68s
shard32k_honesty_s1    step  7000  loss 0.2227  tf-rows 107/120  80s
shard32k_honesty_s1    step  8000  loss 0.1809  tf-rows 107/120  91s
shard32k_honesty_s1    step  9000  loss 0.1538  tf-rows 104/120  103s
shard32k_honesty_s1    step 10000  loss 0.1846  tf-rows 109/120  114s
shard32k_honesty_s1    step 11000  loss 0.1930  tf-rows 106/120  125s
shard32k_honesty_s1    step 12000  loss 0.1663  tf-rows 107/120  136s
shard32k_honesty_s1    step 13000  loss 0.1632  tf-rows 107/120  148s
shard32k_honesty_s1    step 14000  loss 0.1643  tf-rows 106/120  159s
shard32k_honesty_s1    step 15000  loss 0.1677  tf-rows 107/120  170s
shard32k_honesty_s1    step 16000  loss 0.1736  tf-rows 106/120  181s
shard32k_honesty_s1    step 17000  loss 0.1573  tf-rows 104/120  192s
shard32k_honesty_s1    step 18000  loss 0.1749  tf-rows 106/120  203s
shard32k_honesty_s1    step 19000  loss 0.1369  tf-rows 110/120  214s
shard32k_honesty_s1    step 20000  loss 0.1448  tf-rows 109/120  225s
shard32k_honesty_s1    step 21000  loss 0.1371  tf-rows 105/120  237s
shard32k_honesty_s1    step 22000  loss 0.1308  tf-rows 108/120  248s
shard32k_honesty_s1    step 23000  loss 0.1547  tf-rows 109/120  259s
shard32k_honesty_s1    step 24000  loss 0.1516  tf-rows 107/120  270s
shard32k_honesty_s1    step 25000  loss 0.1505  tf-rows 106/120  281s
shard32k_honesty_s1    step 26000  loss 0.1701  tf-rows 107/120  293s
shard32k_honesty_s1    step 27000  loss 0.1379  tf-rows 110/120  304s
shard32k_honesty_s1    step 28000  loss 0.1278  tf-rows 111/120  315s
shard32k_honesty_s1    step 29000  loss 0.1204  tf-rows 110/120  326s
shard32k_honesty_s1    step 30000  loss 0.1420  tf-rows 108/120  337s
shard32k_honesty_s1    step 31000  loss 0.1034  tf-rows 111/120  349s
shard32k_honesty_s1    step 32000  loss 0.1215  tf-rows 113/120  360s
train  exact  86/86  = 100.0%   mean prefix 100.0%   degenerate 0
dev    exact  19/26  =  73.1%   mean prefix  74.1%   degenerate 1
test   exact  15/26  =  57.7%   mean prefix  63.5%   degenerate 0
legacy exact   3/6   =  50.0%   mean prefix  53.7%   degenerate 0
FINAL shard32k_honesty_s1  loss 0.1215  density 0.5308  weights 102400  366s
