shard32k_game_s1       step     1  loss 7.2685  tf-rows   0/114  0s
shard32k_game_s1       step  1000  loss 0.4502  tf-rows  70/114  12s
shard32k_game_s1       step  2000  loss 0.2809  tf-rows  91/114  23s
shard32k_game_s1       step  3000  loss 0.1893  tf-rows  95/114  35s
shard32k_game_s1       step  4000  loss 0.2296  tf-rows  99/114  47s
shard32k_game_s1       step  5000  loss 0.1893  tf-rows  97/114  58s
shard32k_game_s1       step  6000  loss 0.2069  tf-rows  99/114  70s
shard32k_game_s1       step  7000  loss 0.1763  tf-rows 102/114  81s
shard32k_game_s1       step  8000  loss 0.1672  tf-rows 101/114  93s
shard32k_game_s1       step  9000  loss 0.1456  tf-rows  99/114  104s
shard32k_game_s1       step 10000  loss 0.1524  tf-rows 101/114  115s
shard32k_game_s1       step 11000  loss 0.1591  tf-rows 101/114  127s
shard32k_game_s1       step 12000  loss 0.1451  tf-rows 103/114  138s
shard32k_game_s1       step 13000  loss 0.1492  tf-rows  99/114  149s
shard32k_game_s1       step 14000  loss 0.1582  tf-rows 101/114  161s
shard32k_game_s1       step 15000  loss 0.1565  tf-rows 100/114  173s
shard32k_game_s1       step 16000  loss 0.1535  tf-rows 101/114  184s
shard32k_game_s1       step 17000  loss 0.1253  tf-rows  98/114  196s
shard32k_game_s1       step 18000  loss 0.1491  tf-rows 102/114  207s
shard32k_game_s1       step 19000  loss 0.1358  tf-rows 102/114  219s
shard32k_game_s1       step 20000  loss 0.1310  tf-rows 103/114  230s
shard32k_game_s1       step 21000  loss 0.1208  tf-rows  98/114  242s
shard32k_game_s1       step 22000  loss 0.1251  tf-rows 106/114  253s
shard32k_game_s1       step 23000  loss 0.1291  tf-rows 104/114  264s
shard32k_game_s1       step 24000  loss 0.1468  tf-rows 104/114  276s
shard32k_game_s1       step 25000  loss 0.1423  tf-rows 104/114  287s
shard32k_game_s1       step 26000  loss 0.1394  tf-rows 104/114  298s
shard32k_game_s1       step 27000  loss 0.1407  tf-rows 105/114  310s
shard32k_game_s1       step 28000  loss 0.1223  tf-rows 106/114  321s
shard32k_game_s1       step 29000  loss 0.0996  tf-rows 103/114  332s
