shard32k_model_s2      step     1  loss 7.4708  tf-rows   0/130  0s
shard32k_model_s2      step  1000  loss 0.5080  tf-rows  84/130  12s
shard32k_model_s2      step  2000  loss 0.2985  tf-rows 106/130  23s
shard32k_model_s2      step  3000  loss 0.3029  tf-rows 113/130  34s
shard32k_model_s2      step  4000  loss 0.2699  tf-rows 113/130  46s
shard32k_model_s2      step  5000  loss 0.2290  tf-rows 106/130  57s
shard32k_model_s2      step  6000  loss 0.2363  tf-rows 114/130  69s
shard32k_model_s2      step  7000  loss 0.1936  tf-rows 115/130  80s
shard32k_model_s2      step  8000  loss 0.2088  tf-rows 113/130  91s
shard32k_model_s2      step  9000  loss 0.1980  tf-rows 114/130  102s
shard32k_model_s2      step 10000  loss 0.2019  tf-rows 116/130  114s
shard32k_model_s2      step 11000  loss 0.1950  tf-rows 118/130  125s
shard32k_model_s2      step 12000  loss 0.2064  tf-rows 118/130  137s
shard32k_model_s2      step 13000  loss 0.1556  tf-rows 117/130  148s
shard32k_model_s2      step 14000  loss 0.1791  tf-rows 118/130  159s
shard32k_model_s2      step 15000  loss 0.1729  tf-rows 118/130  171s
shard32k_model_s2      step 16000  loss 0.1697  tf-rows 121/130  182s
shard32k_model_s2      step 17000  loss 0.1635  tf-rows 120/130  194s
shard32k_model_s2      step 18000  loss 0.1798  tf-rows 118/130  205s
shard32k_model_s2      step 19000  loss 0.1584  tf-rows 121/130  216s
shard32k_model_s2      step 20000  loss 0.1750  tf-rows 116/130  227s
shard32k_model_s2      step 21000  loss 0.1549  tf-rows 118/130  238s
shard32k_model_s2      step 22000  loss 0.1357  tf-rows 119/130  250s
shard32k_model_s2      step 23000  loss 0.1413  tf-rows 122/130  261s
shard32k_model_s2      step 24000  loss 0.1754  tf-rows 117/130  272s
shard32k_model_s2      step 25000  loss 0.1536  tf-rows 119/130  284s
shard32k_model_s2      step 26000  loss 0.1391  tf-rows 120/130  295s
shard32k_model_s2      step 27000  loss 0.1540  tf-rows 119/130  306s
shard32k_model_s2      step 28000  loss 0.1437  tf-rows 119/130  317s
shard32k_model_s2      step 29000  loss 0.1768  tf-rows 122/130  328s
shard32k_model_s2      step 30000  loss 0.1466  tf-rows 120/130  340s
shard32k_model_s2      step 31000  loss 0.1312  tf-rows 119/130  351s
shard32k_model_s2      step 32000  loss 0.1078  tf-rows 122/130  362s
train  exact  96/96  = 100.0%   mean prefix 100.0%   degenerate 0
dev    exact  20/30  =  66.7%   mean prefix  72.6%   degenerate 0
test   exact  16/30  =  53.3%   mean prefix  57.4%   degenerate 0
legacy exact   7/7   = 100.0%   mean prefix 100.0%   degenerate 0
FINAL shard32k_model_s2    loss 0.1078  density 0.5288  weights 102400  370s
