whole32k_s5            step     1  loss 5.9275  tf-rows   0/482  0s
whole32k_s5            step  1000  loss 1.1385  tf-rows  48/482  15s
whole32k_s5            step  2000  loss 0.8845  tf-rows 124/482  29s
whole32k_s5            step  3000  loss 0.8180  tf-rows 205/482  43s
whole32k_s5            step  4000  loss 0.7023  tf-rows 206/482  58s
whole32k_s5            step  5000  loss 0.6691  tf-rows 262/482  72s
whole32k_s5            step  6000  loss 0.6383  tf-rows 272/482  86s
whole32k_s5            step  7000  loss 0.6304  tf-rows 306/482  100s
whole32k_s5            step  8000  loss 0.6048  tf-rows 323/482  115s
whole32k_s5            step  9000  loss 0.6233  tf-rows 308/482  129s
whole32k_s5            step 10000  loss 0.5922  tf-rows 318/482  143s
whole32k_s5            step 11000  loss 0.6059  tf-rows 319/482  157s
whole32k_s5            step 12000  loss 0.5688  tf-rows 339/482  172s
whole32k_s5            step 13000  loss 0.5936  tf-rows 325/482  186s
whole32k_s5            step 14000  loss 0.5834  tf-rows 320/482  200s
whole32k_s5            step 15000  loss 0.5521  tf-rows 320/482  215s
whole32k_s5            step 16000  loss 0.5590  tf-rows 329/482  229s
whole32k_s5            step 17000  loss 0.5389  tf-rows 318/482  243s
whole32k_s5            step 18000  loss 0.5268  tf-rows 353/482  257s
whole32k_s5            step 19000  loss 0.5302  tf-rows 353/482  272s
whole32k_s5            step 20000  loss 0.5243  tf-rows 348/482  286s
whole32k_s5            step 21000  loss 0.5316  tf-rows 350/482  300s
whole32k_s5            step 22000  loss 0.5529  tf-rows 332/482  314s
whole32k_s5            step 23000  loss 0.5515  tf-rows 351/482  329s
whole32k_s5            step 24000  loss 0.5236  tf-rows 351/482  343s
whole32k_s5            step 25000  loss 0.5329  tf-rows 366/482  357s
whole32k_s5            step 26000  loss 0.5245  tf-rows 354/482  372s
whole32k_s5            step 27000  loss 0.5344  tf-rows 349/482  386s
whole32k_s5            step 28000  loss 0.4843  tf-rows 361/482  400s
whole32k_s5            step 29000  loss 0.5438  tf-rows 373/482  414s
whole32k_s5            step 30000  loss 0.4930  tf-rows 370/482  429s
whole32k_s5            step 31000  loss 0.4712  tf-rows 383/482  443s
whole32k_s5            step 32000  loss 0.3824  tf-rows 441/482  457s
train  exact 423/448 =  94.4%   mean prefix  97.1%   degenerate 0
dev    exact  53/140 =  37.9%   mean prefix  45.6%   degenerate 2
test   exact  49/141 =  34.8%   mean prefix  40.2%   degenerate 0
legacy exact  11/35  =  31.4%   mean prefix  35.1%   degenerate 0
FINAL whole32k_s5          loss 0.3824  density 0.5213  weights 102400  492s
