shard_honesty_s5       step     1  loss 5.8079  tf-rows   0/78  0s
shard_honesty_s5       step  1000  loss 0.2631  tf-rows  58/78  13s
shard_honesty_s5       step  2000  loss 0.1527  tf-rows  66/78  25s
shard_honesty_s5       step  3000  loss 0.1379  tf-rows  66/78  37s
shard_honesty_s5       step  4000  loss 0.1259  tf-rows  63/78  50s
shard_honesty_s5       step  5000  loss 0.1009  tf-rows  68/78  61s
shard_honesty_s5       step  6000  loss 0.1129  tf-rows  68/78  73s
shard_honesty_s5       step  7000  loss 0.1187  tf-rows  68/78  86s
shard_honesty_s5       step  8000  loss 0.1049  tf-rows  70/78  98s
shard_honesty_s5       step  9000  loss 0.1048  tf-rows  66/78  110s
shard_honesty_s5       step 10000  loss 0.1052  tf-rows  68/78  122s
shard_honesty_s5       step 11000  loss 0.1024  tf-rows  67/78  134s
shard_honesty_s5       step 12000  loss 0.0942  tf-rows  69/78  146s
shard_honesty_s5       step 13000  loss 0.0913  tf-rows  68/78  157s
shard_honesty_s5       step 14000  loss 0.0835  tf-rows  68/78  168s
shard_honesty_s5       step 15000  loss 0.0808  tf-rows  69/78  179s
shard_honesty_s5       step 16000  loss 0.0744  tf-rows  72/78  191s
train  exact  44/44  = 100.0%   mean prefix 100.0%   degenerate 0
dev    exact   8/12  =  66.7%   mean prefix  72.2%   degenerate 0
test   exact   7/12  =  58.3%   mean prefix  60.2%   degenerate 0
legacy exact   2/6   =  33.3%   mean prefix  37.0%   degenerate 0
FINAL shard_honesty_s5     loss 0.0744  density 0.5430  weights 102400  194s
