shard_identity_s4      step     1  loss 5.7345  tf-rows   0/88  0s
shard_identity_s4      step  1000  loss 0.3148  tf-rows  55/88  13s
shard_identity_s4      step  2000  loss 0.2144  tf-rows  69/88  25s
shard_identity_s4      step  3000  loss 0.1776  tf-rows  74/88  38s
shard_identity_s4      step  4000  loss 0.1637  tf-rows  76/88  50s
shard_identity_s4      step  5000  loss 0.1333  tf-rows  75/88  63s
shard_identity_s4      step  6000  loss 0.1190  tf-rows  78/88  75s
shard_identity_s4      step  7000  loss 0.1343  tf-rows  79/88  88s
shard_identity_s4      step  8000  loss 0.1469  tf-rows  77/88  100s
shard_identity_s4      step  9000  loss 0.1386  tf-rows  78/88  113s
shard_identity_s4      step 10000  loss 0.1146  tf-rows  76/88  125s
shard_identity_s4      step 11000  loss 0.1192  tf-rows  78/88  138s
shard_identity_s4      step 12000  loss 0.1106  tf-rows  79/88  151s
shard_identity_s4      step 13000  loss 0.1148  tf-rows  76/88  163s
shard_identity_s4      step 14000  loss 0.0999  tf-rows  76/88  176s
shard_identity_s4      step 15000  loss 0.0905  tf-rows  79/88  188s
shard_identity_s4      step 16000  loss 0.0810  tf-rows  79/88  200s
train  exact  54/54  = 100.0%   mean prefix 100.0%   degenerate 0
dev    exact   6/16  =  37.5%   mean prefix  48.1%   degenerate 0
test   exact  12/17  =  70.6%   mean prefix  76.5%   degenerate 0
legacy exact   5/9   =  55.6%   mean prefix  62.2%   degenerate 0
FINAL shard_identity_s4    loss 0.0810  density 0.5429  weights 102400  205s
