whole_s4               step     1  loss 5.7784  tf-rows   0/266  0s
whole_s4               step  1000  loss 0.7246  tf-rows 116/266  16s
whole_s4               step  2000  loss 0.5881  tf-rows 170/266  31s
whole_s4               step  3000  loss 0.4779  tf-rows 187/266  46s
whole_s4               step  4000  loss 0.4405  tf-rows 212/266  61s
whole_s4               step  5000  loss 0.4029  tf-rows 220/266  77s
whole_s4               step  6000  loss 0.3656  tf-rows 224/266  92s
whole_s4               step  7000  loss 0.3593  tf-rows 223/266  107s
whole_s4               step  8000  loss 0.4013  tf-rows 223/266  122s
whole_s4               step  9000  loss 0.3846  tf-rows 224/266  137s
whole_s4               step 10000  loss 0.3357  tf-rows 232/266  153s
whole_s4               step 11000  loss 0.3340  tf-rows 231/266  168s
whole_s4               step 12000  loss 0.3317  tf-rows 239/266  183s
whole_s4               step 13000  loss 0.3267  tf-rows 242/266  198s
whole_s4               step 14000  loss 0.3145  tf-rows 240/266  214s
whole_s4               step 15000  loss 0.3148  tf-rows 243/266  229s
whole_s4               step 16000  loss 0.2394  tf-rows 247/266  244s
train  exact 226/232 =  97.4%   mean prefix  99.0%   degenerate 0
dev    exact  33/68  =  48.5%   mean prefix  55.8%   degenerate 0
test   exact  40/69  =  58.0%   mean prefix  62.3%   degenerate 0
legacy exact  19/35  =  54.3%   mean prefix  60.1%   degenerate 0
FINAL whole_s4             loss 0.2394  density 0.5343  weights 102400  263s
