shard_hardware_s4      step     1  loss 5.8875  tf-rows   0/124  0s
shard_hardware_s4      step  1000  loss 0.5063  tf-rows  72/124  11s
shard_hardware_s4      step  2000  loss 0.3302  tf-rows  92/124  23s
shard_hardware_s4      step  3000  loss 0.3131  tf-rows  93/124  34s
shard_hardware_s4      step  4000  loss 0.2655  tf-rows 102/124  45s
shard_hardware_s4      step  5000  loss 0.2639  tf-rows  97/124  57s
shard_hardware_s4      step  6000  loss 0.2304  tf-rows  98/124  68s
shard_hardware_s4      step  7000  loss 0.2010  tf-rows 100/124  79s
shard_hardware_s4      step  8000  loss 0.2355  tf-rows 102/124  90s
shard_hardware_s4      step  9000  loss 0.2223  tf-rows  96/124  102s
shard_hardware_s4      step 10000  loss 0.2088  tf-rows 102/124  113s
shard_hardware_s4      step 11000  loss 0.2003  tf-rows  98/124  124s
shard_hardware_s4      step 12000  loss 0.1952  tf-rows 102/124  135s
shard_hardware_s4      step 13000  loss 0.1916  tf-rows 102/124  147s
shard_hardware_s4      step 14000  loss 0.1871  tf-rows 100/124  158s
shard_hardware_s4      step 15000  loss 0.1714  tf-rows 101/124  169s
shard_hardware_s4      step 16000  loss 0.1514  tf-rows 105/124  180s
train  exact  79/90  =  87.8%   mean prefix  95.6%   degenerate 0
dev    exact  16/28  =  57.1%   mean prefix  59.1%   degenerate 0
test   exact  13/28  =  46.4%   mean prefix  56.8%   degenerate 0
legacy exact   3/7   =  42.9%   mean prefix  52.4%   degenerate 0
FINAL shard_hardware_s4    loss 0.1514  density 0.5387  weights 102400  187s
