shard_identity_s1      step     1  loss 7.4075  tf-rows   0/130  1s
shard_identity_s1      step  1000  loss 0.5059  tf-rows  69/130  12s
shard_identity_s1      step  2000  loss 0.3408  tf-rows  95/130  24s
shard_identity_s1      step  3000  loss 0.2155  tf-rows 106/130  35s
shard_identity_s1      step  4000  loss 0.2492  tf-rows 102/130  47s
shard_identity_s1      step  5000  loss 0.2330  tf-rows 107/130  59s
shard_identity_s1      step  6000  loss 0.2156  tf-rows 110/130  70s
shard_identity_s1      step  7000  loss 0.2036  tf-rows 105/130  81s
shard_identity_s1      step  8000  loss 0.2047  tf-rows 109/130  93s
shard_identity_s1      step  9000  loss 0.1835  tf-rows 112/130  104s
shard_identity_s1      step 10000  loss 0.1812  tf-rows 111/130  116s
shard_identity_s1      step 11000  loss 0.1838  tf-rows 109/130  127s
shard_identity_s1      step 12000  loss 0.1725  tf-rows 115/130  139s
shard_identity_s1      step 13000  loss 0.1618  tf-rows 111/130  150s
shard_identity_s1      step 14000  loss 0.1647  tf-rows 113/130  161s
shard_identity_s1      step 15000  loss 0.1650  tf-rows 114/130  173s
shard_identity_s1      step 16000  loss 0.1612  tf-rows 113/130  184s
train  exact  90/96  =  93.8%   mean prefix  98.7%   degenerate 0
dev    exact  15/30  =  50.0%   mean prefix  59.0%   degenerate 0
test   exact  18/31  =  58.1%   mean prefix  64.1%   degenerate 0
legacy exact   3/9   =  33.3%   mean prefix  40.0%   degenerate 0
FINAL shard_identity_s1    loss 0.1612  density 0.5376  weights 102400  192s
