shard_model_s1         step     1  loss 7.4273  tf-rows   0/130  0s
shard_model_s1         step  1000  loss 0.5243  tf-rows  86/130  12s
shard_model_s1         step  2000  loss 0.3296  tf-rows 104/130  23s
shard_model_s1         step  3000  loss 0.2425  tf-rows 108/130  34s
shard_model_s1         step  4000  loss 0.2617  tf-rows 112/130  46s
shard_model_s1         step  5000  loss 0.2489  tf-rows 112/130  57s
shard_model_s1         step  6000  loss 0.2202  tf-rows 108/130  68s
shard_model_s1         step  7000  loss 0.2124  tf-rows 116/130  79s
shard_model_s1         step  8000  loss 0.1873  tf-rows 118/130  91s
shard_model_s1         step  9000  loss 0.1774  tf-rows 115/130  102s
shard_model_s1         step 10000  loss 0.2028  tf-rows 114/130  113s
shard_model_s1         step 11000  loss 0.1790  tf-rows 114/130  124s
shard_model_s1         step 12000  loss 0.2072  tf-rows 118/130  137s
shard_model_s1         step 13000  loss 0.1838  tf-rows 119/130  148s
shard_model_s1         step 14000  loss 0.1965  tf-rows 119/130  159s
shard_model_s1         step 15000  loss 0.1886  tf-rows 121/130  170s
shard_model_s1         step 16000  loss 0.1459  tf-rows 119/130  182s
train  exact  96/96  = 100.0%   mean prefix 100.0%   degenerate 0
dev    exact  22/30  =  73.3%   mean prefix  75.7%   degenerate 0
test   exact  16/30  =  53.3%   mean prefix  55.8%   degenerate 0
legacy exact   7/7   = 100.0%   mean prefix 100.0%   degenerate 0
FINAL shard_model_s1       loss 0.1459  density 0.5390  weights 102400  189s
