shard_model_s3         step     1  loss 6.8842  tf-rows   0/130  0s
shard_model_s3         step  1000  loss 0.5423  tf-rows  85/130  11s
shard_model_s3         step  2000  loss 0.3443  tf-rows 108/130  23s
shard_model_s3         step  3000  loss 0.2725  tf-rows 113/130  34s
shard_model_s3         step  4000  loss 0.2262  tf-rows 114/130  46s
shard_model_s3         step  5000  loss 0.2147  tf-rows 114/130  57s
shard_model_s3         step  6000  loss 0.2223  tf-rows 116/130  68s
shard_model_s3         step  7000  loss 0.2018  tf-rows 117/130  79s
shard_model_s3         step  8000  loss 0.2003  tf-rows 116/130  90s
shard_model_s3         step  9000  loss 0.1710  tf-rows 120/130  102s
shard_model_s3         step 10000  loss 0.2031  tf-rows 117/130  113s
shard_model_s3         step 11000  loss 0.1933  tf-rows 117/130  124s
shard_model_s3         step 12000  loss 0.1604  tf-rows 117/130  135s
shard_model_s3         step 13000  loss 0.1587  tf-rows 120/130  147s
shard_model_s3         step 14000  loss 0.1849  tf-rows 117/130  158s
shard_model_s3         step 15000  loss 0.1595  tf-rows 118/130  169s
shard_model_s3         step 16000  loss 0.1401  tf-rows 122/130  181s
train  exact  96/96  = 100.0%   mean prefix 100.0%   degenerate 0
dev    exact  20/30  =  66.7%   mean prefix  70.4%   degenerate 0
test   exact  21/30  =  70.0%   mean prefix  71.3%   degenerate 0
legacy exact   7/7   = 100.0%   mean prefix 100.0%   degenerate 0
FINAL shard_model_s3       loss 0.1401  density 0.5376  weights 102400  188s
