shard_honesty_s4       step     1  loss 5.7609  tf-rows   0/120  0s
shard_honesty_s4       step  1000  loss 0.4395  tf-rows  77/120  12s
shard_honesty_s4       step  2000  loss 0.2961  tf-rows  89/120  23s
shard_honesty_s4       step  3000  loss 0.2653  tf-rows 101/120  35s
shard_honesty_s4       step  4000  loss 0.2353  tf-rows  98/120  46s
shard_honesty_s4       step  5000  loss 0.2113  tf-rows  99/120  58s
shard_honesty_s4       step  6000  loss 0.1789  tf-rows 100/120  69s
shard_honesty_s4       step  7000  loss 0.1772  tf-rows 100/120  80s
shard_honesty_s4       step  8000  loss 0.2249  tf-rows 110/120  92s
shard_honesty_s4       step  9000  loss 0.2142  tf-rows 107/120  103s
shard_honesty_s4       step 10000  loss 0.1886  tf-rows 106/120  114s
shard_honesty_s4       step 11000  loss 0.1649  tf-rows 106/120  126s
shard_honesty_s4       step 12000  loss 0.1557  tf-rows 107/120  137s
shard_honesty_s4       step 13000  loss 0.1752  tf-rows 107/120  148s
shard_honesty_s4       step 14000  loss 0.1755  tf-rows 107/120  159s
shard_honesty_s4       step 15000  loss 0.1355  tf-rows 111/120  171s
shard_honesty_s4       step 16000  loss 0.1379  tf-rows 110/120  182s
train  exact  86/86  = 100.0%   mean prefix 100.0%   degenerate 0
dev    exact  15/26  =  57.7%   mean prefix  60.6%   degenerate 1
test   exact  17/26  =  65.4%   mean prefix  67.7%   degenerate 0
legacy exact   3/6   =  50.0%   mean prefix  50.0%   degenerate 0
FINAL shard_honesty_s4     loss 0.1379  density 0.5393  weights 102400  189s
