shard_game_s4          step     1  loss 5.7679  tf-rows   0/114  0s
shard_game_s4          step  1000  loss 0.3982  tf-rows  84/114  12s
shard_game_s4          step  2000  loss 0.2656  tf-rows  92/114  23s
shard_game_s4          step  3000  loss 0.2524  tf-rows  97/114  34s
shard_game_s4          step  4000  loss 0.2124  tf-rows  97/114  46s
shard_game_s4          step  5000  loss 0.2045  tf-rows 101/114  57s
shard_game_s4          step  6000  loss 0.1573  tf-rows 100/114  68s
shard_game_s4          step  7000  loss 0.1598  tf-rows  99/114  80s
shard_game_s4          step  8000  loss 0.1723  tf-rows 105/114  91s
shard_game_s4          step  9000  loss 0.2032  tf-rows 101/114  102s
shard_game_s4          step 10000  loss 0.1690  tf-rows 104/114  114s
shard_game_s4          step 11000  loss 0.1410  tf-rows 101/114  125s
shard_game_s4          step 12000  loss 0.1497  tf-rows 103/114  136s
shard_game_s4          step 13000  loss 0.1332  tf-rows 106/114  148s
shard_game_s4          step 14000  loss 0.1376  tf-rows 103/114  159s
shard_game_s4          step 15000  loss 0.1245  tf-rows 104/114  170s
shard_game_s4          step 16000  loss 0.1100  tf-rows 107/114  181s
train  exact  80/80  = 100.0%   mean prefix 100.0%   degenerate 0
dev    exact  19/26  =  73.1%   mean prefix  74.2%   degenerate 1
test   exact  15/26  =  57.7%   mean prefix  60.8%   degenerate 0
legacy exact   2/6   =  33.3%   mean prefix  44.4%   degenerate 0
FINAL shard_game_s4        loss 0.1100  density 0.5408  weights 102400  188s
