shard_identity_s3      step     1  loss 6.6458  tf-rows   0/130  0s
shard_identity_s3      step  1000  loss 0.4926  tf-rows  82/130  12s
shard_identity_s3      step  2000  loss 0.3257  tf-rows  98/130  23s
shard_identity_s3      step  3000  loss 0.2796  tf-rows 102/130  35s
shard_identity_s3      step  4000  loss 0.2316  tf-rows 104/130  46s
shard_identity_s3      step  5000  loss 0.1962  tf-rows 109/130  58s
shard_identity_s3      step  6000  loss 0.2134  tf-rows 107/130  69s
shard_identity_s3      step  7000  loss 0.2249  tf-rows 113/130  80s
shard_identity_s3      step  8000  loss 0.2033  tf-rows 111/130  91s
shard_identity_s3      step  9000  loss 0.1674  tf-rows 111/130  103s
shard_identity_s3      step 10000  loss 0.1750  tf-rows 114/130  114s
shard_identity_s3      step 11000  loss 0.1748  tf-rows 107/130  125s
shard_identity_s3      step 12000  loss 0.1520  tf-rows 111/130  137s
shard_identity_s3      step 13000  loss 0.1690  tf-rows 111/130  148s
shard_identity_s3      step 14000  loss 0.1882  tf-rows 115/130  160s
shard_identity_s3      step 15000  loss 0.1670  tf-rows 116/130  171s
shard_identity_s3      step 16000  loss 0.1271  tf-rows 118/130  183s
train  exact  93/96  =  96.9%   mean prefix  99.5%   degenerate 0
dev    exact  16/30  =  53.3%   mean prefix  60.4%   degenerate 0
test   exact  19/31  =  61.3%   mean prefix  68.2%   degenerate 0
legacy exact   3/9   =  33.3%   mean prefix  45.6%   degenerate 0
FINAL shard_identity_s3    loss 0.1271  density 0.5391  weights 102400  190s
