whole_s2               step     1  loss 7.2441  tf-rows   0/482  1s
whole_s2               step  1000  loss 1.1156  tf-rows  46/482  32s
whole_s2               step  2000  loss 0.8868  tf-rows 135/482  64s
whole_s2               step  3000  loss 0.7664  tf-rows 197/482  94s
whole_s2               step  4000  loss 0.7145  tf-rows 225/482  125s
whole_s2               step  5000  loss 0.6549  tf-rows 268/482  156s
whole_s2               step  6000  loss 0.6480  tf-rows 270/482  187s
whole_s2               step  7000  loss 0.5997  tf-rows 280/482  218s
whole_s2               step  8000  loss 0.6434  tf-rows 268/482  249s
whole_s2               step  9000  loss 0.5626  tf-rows 310/482  280s
whole_s2               step 10000  loss 0.6014  tf-rows 309/482  310s
whole_s2               step 11000  loss 0.5718  tf-rows 318/482  341s
whole_s2               step 12000  loss 0.5550  tf-rows 317/482  372s
whole_s2               step 13000  loss 0.5579  tf-rows 324/482  403s
whole_s2               step 14000  loss 0.5485  tf-rows 318/482  433s
whole_s2               step 15000  loss 0.5648  tf-rows 346/482  464s
whole_s2               step 16000  loss 0.4138  tf-rows 427/482  493s
train  exact 411/448 =  91.7%   mean prefix  95.0%   degenerate 0
dev    exact  44/140 =  31.4%   mean prefix  39.8%   degenerate 0
test   exact  43/141 =  30.5%   mean prefix  36.8%   degenerate 0
legacy exact  13/35  =  37.1%   mean prefix  39.8%   degenerate 0
FINAL whole_s2             loss 0.4138  density 0.5327  weights 102400  527s
