whole_s1               step     1  loss 7.3046  tf-rows   0/482  0s
whole_s1               step  1000  loss 1.1467  tf-rows  68/482  31s
whole_s1               step  2000  loss 0.8646  tf-rows 155/482  61s
whole_s1               step  3000  loss 0.7532  tf-rows 203/482  91s
whole_s1               step  4000  loss 0.6843  tf-rows 227/482  122s
whole_s1               step  5000  loss 0.6648  tf-rows 261/482  153s
whole_s1               step  6000  loss 0.6635  tf-rows 266/482  184s
whole_s1               step  7000  loss 0.6024  tf-rows 264/482  215s
whole_s1               step  8000  loss 0.5908  tf-rows 301/482  246s
whole_s1               step  9000  loss 0.6040  tf-rows 302/482  276s
whole_s1               step 10000  loss 0.5878  tf-rows 306/482  307s
whole_s1               step 11000  loss 0.5863  tf-rows 330/482  338s
whole_s1               step 12000  loss 0.5762  tf-rows 300/482  369s
whole_s1               step 13000  loss 0.5511  tf-rows 316/482  399s
whole_s1               step 14000  loss 0.5518  tf-rows 310/482  430s
whole_s1               step 15000  loss 0.5652  tf-rows 334/482  461s
whole_s1               step 16000  loss 0.4268  tf-rows 417/482  492s
train  exact 400/448 =  89.3%   mean prefix  93.2%   degenerate 0
dev    exact  43/140 =  30.7%   mean prefix  37.4%   degenerate 2
test   exact  33/141 =  23.4%   mean prefix  28.3%   degenerate 0
legacy exact   7/35  =  20.0%   mean prefix  26.0%   degenerate 0
FINAL whole_s1             loss 0.4268  density 0.5328  weights 102400  526s
