para_qn0.1_qw0.25_st16k_s1 step     1  loss 7.2794  tf-rows   0/242  1s
para_qn0.1_qw0.25_st16k_s1 step  1000  loss 0.8123  tf-rows  84/242  22s
para_qn0.1_qw0.25_st16k_s1 step  2000  loss 0.5743  tf-rows 165/242  43s
para_qn0.1_qw0.25_st16k_s1 step  3000  loss 0.4064  tf-rows 181/242  64s
para_qn0.1_qw0.25_st16k_s1 step  4000  loss 0.4215  tf-rows 190/242  85s
para_qn0.1_qw0.25_st16k_s1 step  5000  loss 0.3945  tf-rows 201/242  106s
para_qn0.1_qw0.25_st16k_s1 step  6000  loss 0.3707  tf-rows 201/242  127s
para_qn0.1_qw0.25_st16k_s1 step  7000  loss 0.3426  tf-rows 210/242  148s
para_qn0.1_qw0.25_st16k_s1 step  8000  loss 0.3447  tf-rows 207/242  169s
para_qn0.1_qw0.25_st16k_s1 step  9000  loss 0.3456  tf-rows 211/242  191s
para_qn0.1_qw0.25_st16k_s1 step 10000  loss 0.3239  tf-rows 215/242  212s
para_qn0.1_qw0.25_st16k_s1 step 11000  loss 0.3494  tf-rows 217/242  233s
para_qn0.1_qw0.25_st16k_s1 step 12000  loss 0.3142  tf-rows 216/242  258s
para_qn0.1_qw0.25_st16k_s1 step 13000  loss 0.2913  tf-rows 217/242  289s
para_qn0.1_qw0.25_st16k_s1 step 14000  loss 0.3064  tf-rows 216/242  320s
para_qn0.1_qw0.25_st16k_s1 step 15000  loss 0.2786  tf-rows 218/242  351s
para_qn0.1_qw0.25_st16k_s1 step 16000  loss 0.2572  tf-rows 224/242  372s
train  exact 208/208 = 100.0%   mean prefix 100.0%   degenerate 0
dev    exact  23/68  =  33.8%   mean prefix  38.4%   degenerate 1
test   exact  26/69  =  37.7%   mean prefix  42.8%   degenerate 0
legacy exact  11/35  =  31.4%   mean prefix  39.1%   degenerate 0
FINAL para_qn0.1_qw0.25_st16k_s1 loss 0.2572  density 0.5351  weights 102400  398s
