para_qn0.1_st16k_s1    step     1  loss 7.4404  tf-rows   0/242  1s
para_qn0.1_st16k_s1    step  1000  loss 1.1696  tf-rows  46/242  24s
para_qn0.1_st16k_s1    step  2000  loss 0.9562  tf-rows 109/242  46s
para_qn0.1_st16k_s1    step  3000  loss 0.6691  tf-rows 142/242  79s
para_qn0.1_st16k_s1    step  4000  loss 0.7278  tf-rows 167/242  113s
para_qn0.1_st16k_s1    step  5000  loss 0.7263  tf-rows 154/242  147s
para_qn0.1_st16k_s1    step  6000  loss 0.6780  tf-rows 164/242  179s
para_qn0.1_st16k_s1    step  7000  loss 0.6399  tf-rows 182/242  203s
para_qn0.1_st16k_s1    step  8000  loss 0.5937  tf-rows 186/242  232s
para_qn0.1_st16k_s1    step  9000  loss 0.5931  tf-rows 181/242  265s
para_qn0.1_st16k_s1    step 10000  loss 0.6143  tf-rows 194/242  299s
para_qn0.1_st16k_s1    step 11000  loss 0.6321  tf-rows 192/242  333s
para_qn0.1_st16k_s1    step 12000  loss 0.6264  tf-rows 193/242  362s
para_qn0.1_st16k_s1    step 13000  loss 0.5669  tf-rows 192/242  383s
para_qn0.1_st16k_s1    step 14000  loss 0.5863  tf-rows 202/242  404s
para_qn0.1_st16k_s1    step 15000  loss 0.5596  tf-rows 195/242  424s
para_qn0.1_st16k_s1    step 16000  loss 0.4873  tf-rows 215/242  446s
train  exact 206/208 =  99.0%   mean prefix  99.1%   degenerate 0
dev    exact  23/68  =  33.8%   mean prefix  38.3%   degenerate 1
test   exact  27/69  =  39.1%   mean prefix  43.9%   degenerate 1
legacy exact  13/35  =  37.1%   mean prefix  39.9%   degenerate 0
FINAL para_qn0.1_st16k_s1  loss 0.4873  density 0.5324  weights 102400  466s
